<?xml version="1.0" encoding="ISO-8859-1" ?>
<link_info>
   <banner>TI ARM Linker PC v20.2.7.LTS</banner>
   <copyright>Copyright (c) 1996-2018 Texas Instruments Incorporated</copyright>
   <link_time>0x66941b7e</link_time>
   <link_errors>0x0</link_errors>
   <output_file>pwmled2_CC3220S_LAUNCHXL_nortos_ccs.out</output_file>
   <entry_point>
      <name>resetISR</name>
      <address>0x2000e4e9</address>
   </entry_point>
   <input_file_list>
      <input_file id="fl-2">
         <path>.\</path>
         <kind>object</kind>
         <file>main_nortos.obj</file>
         <name>main_nortos.obj</name>
      </input_file>
      <input_file id="fl-3">
         <path>.\</path>
         <kind>object</kind>
         <file>pwmled2.obj</file>
         <name>pwmled2.obj</name>
      </input_file>
      <input_file id="fl-4">
         <path>.\syscfg\</path>
         <kind>object</kind>
         <file>ti_drivers_config.obj</file>
         <name>ti_drivers_config.obj</name>
      </input_file>
      <input_file id="fl-d">
         <kind>object</kind>
         <file>&lt;internal&gt;</file>
         <name>&lt;internal&gt;</name>
      </input_file>
      <input_file id="fl-e">
         <path>C:\ti\simplelink_cc32xx_sdk_4_30_00_06\source\ti\drivers\lib\ccs\m4\</path>
         <kind>archive</kind>
         <file>drivers_cc32xx.a</file>
         <name>PWM.oem4</name>
      </input_file>
      <input_file id="fl-f">
         <path>C:\ti\simplelink_cc32xx_sdk_4_30_00_06\source\ti\drivers\lib\ccs\m4\</path>
         <kind>archive</kind>
         <file>drivers_cc32xx.a</file>
         <name>PowerCC32XX.oem4</name>
      </input_file>
      <input_file id="fl-10">
         <path>C:\ti\simplelink_cc32xx_sdk_4_30_00_06\source\ti\drivers\lib\ccs\m4\</path>
         <kind>archive</kind>
         <file>drivers_cc32xx.a</file>
         <name>PowerCC32XX_asm.oem4</name>
      </input_file>
      <input_file id="fl-11">
         <path>C:\ti\simplelink_cc32xx_sdk_4_30_00_06\source\ti\drivers\lib\ccs\m4\</path>
         <kind>archive</kind>
         <file>drivers_cc32xx.a</file>
         <name>PWMTimerCC32XX.oem4</name>
      </input_file>
      <input_file id="fl-12">
         <path>C:\ti\simplelink_cc32xx_sdk_4_30_00_06\source\ti\drivers\lib\ccs\m4\</path>
         <kind>archive</kind>
         <file>drivers_cc32xx.a</file>
         <name>TimerCC32XX.oem4</name>
      </input_file>
      <input_file id="fl-13">
         <path>C:\ti\simplelink_cc32xx_sdk_4_30_00_06\source\ti\drivers\lib\ccs\m4\</path>
         <kind>archive</kind>
         <file>drivers_cc32xx.a</file>
         <name>List.oem4</name>
      </input_file>
      <input_file id="fl-14">
         <path>C:\ti\simplelink_cc32xx_sdk_4_30_00_06\kernel\nortos\lib\ccs\m4\</path>
         <kind>archive</kind>
         <file>nortos_cc32xx.a</file>
         <name>posix_sleep.oem4</name>
      </input_file>
      <input_file id="fl-15">
         <path>C:\ti\simplelink_cc32xx_sdk_4_30_00_06\kernel\nortos\lib\ccs\m4\</path>
         <kind>archive</kind>
         <file>nortos_cc32xx.a</file>
         <name>NoRTOS.oem4</name>
      </input_file>
      <input_file id="fl-16">
         <path>C:\ti\simplelink_cc32xx_sdk_4_30_00_06\kernel\nortos\lib\ccs\m4\</path>
         <kind>archive</kind>
         <file>nortos_cc32xx.a</file>
         <name>SemaphoreP_nortos.oem4</name>
      </input_file>
      <input_file id="fl-17">
         <path>C:\ti\simplelink_cc32xx_sdk_4_30_00_06\kernel\nortos\lib\ccs\m4\</path>
         <kind>archive</kind>
         <file>nortos_cc32xx.a</file>
         <name>ClockPSysTick_nortos.oem4</name>
      </input_file>
      <input_file id="fl-18">
         <path>C:\ti\simplelink_cc32xx_sdk_4_30_00_06\kernel\nortos\lib\ccs\m4\</path>
         <kind>archive</kind>
         <file>nortos_cc32xx.a</file>
         <name>HwiPCC32XX_nortos.oem4</name>
      </input_file>
      <input_file id="fl-19">
         <path>C:\ti\simplelink_cc32xx_sdk_4_30_00_06\kernel\nortos\lib\ccs\m4\</path>
         <kind>archive</kind>
         <file>nortos_cc32xx.a</file>
         <name>PowerCC32XX_nortos.oem4</name>
      </input_file>
      <input_file id="fl-1a">
         <path>C:\ti\simplelink_cc32xx_sdk_4_30_00_06\kernel\nortos\lib\ccs\m4\</path>
         <kind>archive</kind>
         <file>nortos_cc32xx.a</file>
         <name>startup_cc32xx_ccs.oem4</name>
      </input_file>
      <input_file id="fl-1b">
         <path>C:\ti\simplelink_cc32xx_sdk_4_30_00_06\kernel\nortos\lib\ccs\m4\</path>
         <kind>archive</kind>
         <file>nortos_cc32xx.a</file>
         <name>SwiP_nortos.oem4</name>
      </input_file>
      <input_file id="fl-1c">
         <path>C:\ti\simplelink_cc32xx_sdk_4_30_00_06\kernel\nortos\lib\ccs\m4\</path>
         <kind>archive</kind>
         <file>nortos_cc32xx.a</file>
         <name>QueueP_nortos.oem4</name>
      </input_file>
      <input_file id="fl-1d">
         <path>C:\ti\simplelink_cc32xx_sdk_4_30_00_06\source\ti\devices\cc32xx\driverlib\ccs\Release\</path>
         <kind>archive</kind>
         <file>driverlib.a</file>
         <name>cpu.obj</name>
      </input_file>
      <input_file id="fl-1e">
         <path>C:\ti\simplelink_cc32xx_sdk_4_30_00_06\source\ti\devices\cc32xx\driverlib\ccs\Release\</path>
         <kind>archive</kind>
         <file>driverlib.a</file>
         <name>interrupt.obj</name>
      </input_file>
      <input_file id="fl-1f">
         <path>C:\ti\simplelink_cc32xx_sdk_4_30_00_06\source\ti\devices\cc32xx\driverlib\ccs\Release\</path>
         <kind>archive</kind>
         <file>driverlib.a</file>
         <name>pin.obj</name>
      </input_file>
      <input_file id="fl-20">
         <path>C:\ti\simplelink_cc32xx_sdk_4_30_00_06\source\ti\devices\cc32xx\driverlib\ccs\Release\</path>
         <kind>archive</kind>
         <file>driverlib.a</file>
         <name>prcm.obj</name>
      </input_file>
      <input_file id="fl-21">
         <path>C:\ti\simplelink_cc32xx_sdk_4_30_00_06\source\ti\devices\cc32xx\driverlib\ccs\Release\</path>
         <kind>archive</kind>
         <file>driverlib.a</file>
         <name>timer.obj</name>
      </input_file>
      <input_file id="fl-22">
         <path>C:\ti\simplelink_cc32xx_sdk_4_30_00_06\source\ti\devices\cc32xx\driverlib\ccs\Release\</path>
         <kind>archive</kind>
         <file>driverlib.a</file>
         <name>utils.obj</name>
      </input_file>
      <input_file id="fl-23">
         <path>C:\ti\simplelink_cc32xx_sdk_4_30_00_06\source\ti\devices\cc32xx\driverlib\ccs\Release\</path>
         <kind>archive</kind>
         <file>driverlib.a</file>
         <name>flash.obj</name>
      </input_file>
      <input_file id="fl-d9">
         <path>C:\ti\ccs1271\ccs\tools\compiler\ti-cgt-arm_20.2.7.LTS\lib\</path>
         <kind>archive</kind>
         <file>rtsv7M4_T_le_eabi.lib</file>
         <name>fd_mul_t2.asm.obj</name>
      </input_file>
      <input_file id="fl-da">
         <path>C:\ti\ccs1271\ccs\tools\compiler\ti-cgt-arm_20.2.7.LTS\lib\</path>
         <kind>archive</kind>
         <file>rtsv7M4_T_le_eabi.lib</file>
         <name>fd_tou_t2.asm.obj</name>
      </input_file>
      <input_file id="fl-db">
         <path>C:\ti\ccs1271\ccs\tools\compiler\ti-cgt-arm_20.2.7.LTS\lib\</path>
         <kind>archive</kind>
         <file>rtsv7M4_T_le_eabi.lib</file>
         <name>ll_mul_t2.asm.obj</name>
      </input_file>
      <input_file id="fl-dc">
         <path>C:\ti\ccs1271\ccs\tools\compiler\ti-cgt-arm_20.2.7.LTS\lib\</path>
         <kind>archive</kind>
         <file>rtsv7M4_T_le_eabi.lib</file>
         <name>memcpy_t2.asm.obj</name>
      </input_file>
      <input_file id="fl-dd">
         <path>C:\ti\ccs1271\ccs\tools\compiler\ti-cgt-arm_20.2.7.LTS\lib\</path>
         <kind>archive</kind>
         <file>rtsv7M4_T_le_eabi.lib</file>
         <name>u_tofd_t2.asm.obj</name>
      </input_file>
      <input_file id="fl-de">
         <path>C:\ti\ccs1271\ccs\tools\compiler\ti-cgt-arm_20.2.7.LTS\lib\</path>
         <kind>archive</kind>
         <file>rtsv7M4_T_le_eabi.lib</file>
         <name>ull_div_t2.asm.obj</name>
      </input_file>
      <input_file id="fl-df">
         <path>C:\ti\ccs1271\ccs\tools\compiler\ti-cgt-arm_20.2.7.LTS\lib\</path>
         <kind>archive</kind>
         <file>rtsv7M4_T_le_eabi.lib</file>
         <name>copy_zero_init.c.obj</name>
      </input_file>
      <input_file id="fl-e0">
         <path>C:\ti\ccs1271\ccs\tools\compiler\ti-cgt-arm_20.2.7.LTS\lib\</path>
         <kind>archive</kind>
         <file>rtsv7M4_T_le_eabi.lib</file>
         <name>copy_decompress_none.c.obj</name>
      </input_file>
      <input_file id="fl-e1">
         <path>C:\ti\ccs1271\ccs\tools\compiler\ti-cgt-arm_20.2.7.LTS\lib\</path>
         <kind>archive</kind>
         <file>rtsv7M4_T_le_eabi.lib</file>
         <name>copy_decompress_lzss.c.obj</name>
      </input_file>
      <input_file id="fl-e2">
         <path>C:\ti\ccs1271\ccs\tools\compiler\ti-cgt-arm_20.2.7.LTS\lib\</path>
         <kind>archive</kind>
         <file>rtsv7M4_T_le_eabi.lib</file>
         <name>memory.c.obj</name>
      </input_file>
      <input_file id="fl-e3">
         <path>C:\ti\ccs1271\ccs\tools\compiler\ti-cgt-arm_20.2.7.LTS\lib\</path>
         <kind>archive</kind>
         <file>rtsv7M4_T_le_eabi.lib</file>
         <name>boot_cortex_m.c.obj</name>
      </input_file>
      <input_file id="fl-e4">
         <path>C:\ti\ccs1271\ccs\tools\compiler\ti-cgt-arm_20.2.7.LTS\lib\</path>
         <kind>archive</kind>
         <file>rtsv7M4_T_le_eabi.lib</file>
         <name>div0.asm.obj</name>
      </input_file>
      <input_file id="fl-e5">
         <path>C:\ti\ccs1271\ccs\tools\compiler\ti-cgt-arm_20.2.7.LTS\lib\</path>
         <kind>archive</kind>
         <file>rtsv7M4_T_le_eabi.lib</file>
         <name>memset_t2.asm.obj</name>
      </input_file>
      <input_file id="fl-e6">
         <path>C:\ti\ccs1271\ccs\tools\compiler\ti-cgt-arm_20.2.7.LTS\lib\</path>
         <kind>archive</kind>
         <file>rtsv7M4_T_le_eabi.lib</file>
         <name>autoinit.c.obj</name>
      </input_file>
      <input_file id="fl-e7">
         <path>C:\ti\ccs1271\ccs\tools\compiler\ti-cgt-arm_20.2.7.LTS\lib\</path>
         <kind>archive</kind>
         <file>rtsv7M4_T_le_eabi.lib</file>
         <name>pre_init.c.obj</name>
      </input_file>
      <input_file id="fl-e8">
         <path>C:\ti\ccs1271\ccs\tools\compiler\ti-cgt-arm_20.2.7.LTS\lib\</path>
         <kind>archive</kind>
         <file>rtsv7M4_T_le_eabi.lib</file>
         <name>cpy_tbl.c.obj</name>
      </input_file>
      <input_file id="fl-e9">
         <path>C:\ti\ccs1271\ccs\tools\compiler\ti-cgt-arm_20.2.7.LTS\lib\</path>
         <kind>archive</kind>
         <file>rtsv7M4_T_le_eabi.lib</file>
         <name>exit.c.obj</name>
      </input_file>
      <input_file id="fl-ea">
         <path>C:\ti\ccs1271\ccs\tools\compiler\ti-cgt-arm_20.2.7.LTS\lib\</path>
         <kind>archive</kind>
         <file>rtsv7M4_T_le_eabi.lib</file>
         <name>_lock.c.obj</name>
      </input_file>
      <input_file id="fl-eb">
         <path>C:\ti\ccs1271\ccs\tools\compiler\ti-cgt-arm_20.2.7.LTS\lib\</path>
         <kind>archive</kind>
         <file>rtsv7M4_T_le_eabi.lib</file>
         <name>args_main.c.obj</name>
      </input_file>
   </input_file_list>
   <object_component_list>
      <object_component id="oc-1a9">
         <name>.text:PRCMCC3200MCUInit</name>
         <load_address>0x2000c040</load_address>
         <run_address>0x2000c040</run_address>
         <size>0x42c</size>
         <input_file_ref idref="fl-20"/>
      </object_component>
      <object_component id="oc-2fd">
         <name>.text:PowerCC32XX_sleepPolicy</name>
         <load_address>0x2000c46c</load_address>
         <run_address>0x2000c46c</run_address>
         <size>0x19c</size>
         <input_file_ref idref="fl-19"/>
      </object_component>
      <object_component id="oc-441">
         <name>.text:parkPins</name>
         <load_address>0x2000c608</load_address>
         <run_address>0x2000c608</run_address>
         <size>0x148</size>
         <input_file_ref idref="fl-f"/>
      </object_component>
      <object_component id="oc-3d8">
         <name>.text:PWMTimerCC32XX_setDutyAndPeriod</name>
         <load_address>0x2000c750</load_address>
         <run_address>0x2000c750</run_address>
         <size>0x140</size>
         <input_file_ref idref="fl-11"/>
      </object_component>
      <object_component id="oc-393">
         <name>.text:Power_sleep</name>
         <load_address>0x2000c890</load_address>
         <run_address>0x2000c890</run_address>
         <size>0x138</size>
         <input_file_ref idref="fl-f"/>
      </object_component>
      <object_component id="oc-15e">
         <name>.text:mainThread</name>
         <load_address>0x2000c9c8</load_address>
         <run_address>0x2000c9c8</run_address>
         <size>0x108</size>
         <input_file_ref idref="fl-3"/>
      </object_component>
      <object_component id="oc-1da">
         <name>.text</name>
         <load_address>0x2000cad0</load_address>
         <run_address>0x2000cad0</run_address>
         <size>0xfc</size>
         <input_file_ref idref="fl-d9"/>
      </object_component>
      <object_component id="oc-3c6">
         <name>.text:PWMTimerCC32XX_open</name>
         <load_address>0x2000cbcc</load_address>
         <run_address>0x2000cbcc</run_address>
         <size>0xf0</size>
         <input_file_ref idref="fl-11"/>
      </object_component>
      <object_component id="oc-3e4">
         <name>.text:PWMTimerCC32XX_stop</name>
         <load_address>0x2000ccbc</load_address>
         <run_address>0x2000ccbc</run_address>
         <size>0xc4</size>
         <input_file_ref idref="fl-11"/>
      </object_component>
      <object_component id="oc-45e">
         <name>.text:restoreParkedPins</name>
         <load_address>0x2000cd80</load_address>
         <run_address>0x2000cd80</run_address>
         <size>0xc0</size>
         <input_file_ref idref="fl-f"/>
      </object_component>
      <object_component id="oc-3cc">
         <name>.text:PWMTimerCC32XX_setDuty</name>
         <load_address>0x2000ce40</load_address>
         <run_address>0x2000ce40</run_address>
         <size>0xb8</size>
         <input_file_ref idref="fl-11"/>
      </object_component>
      <object_component id="oc-b5">
         <name>.text:IntEnable</name>
         <load_address>0x2000cef8</load_address>
         <run_address>0x2000cef8</run_address>
         <size>0xa8</size>
         <input_file_ref idref="fl-1e"/>
      </object_component>
      <object_component id="oc-270">
         <name>.text:PowerCC32XX_configureWakeup</name>
         <load_address>0x2000cfa0</load_address>
         <run_address>0x2000cfa0</run_address>
         <size>0xa8</size>
         <input_file_ref idref="fl-f"/>
      </object_component>
      <object_component id="oc-4b6">
         <name>.text:initHw</name>
         <load_address>0x2000d048</load_address>
         <run_address>0x2000d048</run_address>
         <size>0xa4</size>
         <input_file_ref idref="fl-11"/>
      </object_component>
      <object_component id="oc-330">
         <name>.text:SemaphoreP_pend</name>
         <load_address>0x2000d0ec</load_address>
         <run_address>0x2000d0ec</run_address>
         <size>0xa0</size>
         <input_file_ref idref="fl-16"/>
      </object_component>
      <object_component id="oc-3b">
         <name>.text</name>
         <load_address>0x2000d18c</load_address>
         <run_address>0x2000d18c</run_address>
         <size>0x9c</size>
         <input_file_ref idref="fl-dc"/>
      </object_component>
      <object_component id="oc-3d2">
         <name>.text:PWMTimerCC32XX_setPeriod</name>
         <load_address>0x2000d228</load_address>
         <run_address>0x2000d228</run_address>
         <size>0x98</size>
         <input_file_ref idref="fl-11"/>
      </object_component>
      <object_component id="oc-38e">
         <name>.text</name>
         <load_address>0x2000d2c0</load_address>
         <run_address>0x2000d2c0</run_address>
         <size>0x96</size>
         <input_file_ref idref="fl-de"/>
      </object_component>
      <object_component id="oc-1b5">
         <name>.text:Board_initHook</name>
         <load_address>0x2000d356</load_address>
         <run_address>0x2000d356</run_address>
         <size>0x2</size>
         <input_file_ref idref="fl-4"/>
      </object_component>
      <object_component id="oc-452">
         <name>.text:restoreNVICRegs</name>
         <load_address>0x2000d358</load_address>
         <run_address>0x2000d358</run_address>
         <size>0x90</size>
         <input_file_ref idref="fl-f"/>
      </object_component>
      <object_component id="oc-541">
         <name>.text:IntPendSet</name>
         <load_address>0x2000d3e8</load_address>
         <run_address>0x2000d3e8</run_address>
         <size>0x88</size>
         <input_file_ref idref="fl-1e"/>
      </object_component>
      <object_component id="oc-3b4">
         <name>.text:PWMTimerCC32XX_close</name>
         <load_address>0x2000d470</load_address>
         <run_address>0x2000d470</run_address>
         <size>0x88</size>
         <input_file_ref idref="fl-11"/>
      </object_component>
      <object_component id="oc-587">
         <name>.text:PinConfigSet</name>
         <load_address>0x2000d4f8</load_address>
         <run_address>0x2000d4f8</run_address>
         <size>0x88</size>
         <input_file_ref idref="fl-1f"/>
      </object_component>
      <object_component id="oc-1af">
         <name>.text:Power_init</name>
         <load_address>0x2000d580</load_address>
         <run_address>0x2000d580</run_address>
         <size>0x84</size>
         <input_file_ref idref="fl-f"/>
      </object_component>
      <object_component id="oc-447">
         <name>.text:saveNVICRegs</name>
         <load_address>0x2000d604</load_address>
         <run_address>0x2000d604</run_address>
         <size>0x84</size>
         <input_file_ref idref="fl-f"/>
      </object_component>
      <object_component id="oc-4aa">
         <name>.text:Power_setDependency</name>
         <load_address>0x2000d688</load_address>
         <run_address>0x2000d688</run_address>
         <size>0x80</size>
         <input_file_ref idref="fl-f"/>
      </object_component>
      <object_component id="oc-3de">
         <name>.text:PWMTimerCC32XX_start</name>
         <load_address>0x2000d708</load_address>
         <run_address>0x2000d708</run_address>
         <size>0x68</size>
         <input_file_ref idref="fl-11"/>
      </object_component>
      <object_component id="oc-14">
         <name>.text:decompress:lzss:__TI_decompress_lzss</name>
         <load_address>0x2000d770</load_address>
         <run_address>0x2000d770</run_address>
         <size>0x68</size>
         <input_file_ref idref="fl-e1"/>
      </object_component>
      <object_component id="oc-4bc">
         <name>.text:PowerCC32XX_setParkState</name>
         <load_address>0x2000d7d8</load_address>
         <run_address>0x2000d7d8</run_address>
         <size>0x64</size>
         <input_file_ref idref="fl-f"/>
      </object_component>
      <object_component id="oc-23e">
         <name>.text:PRCMSysResetCauseGet</name>
         <load_address>0x2000d83c</load_address>
         <run_address>0x2000d83c</run_address>
         <size>0x60</size>
         <input_file_ref idref="fl-20"/>
      </object_component>
      <object_component id="oc-2a4">
         <name>.text:getTimeUsec</name>
         <load_address>0x2000d89c</load_address>
         <run_address>0x2000d89c</run_address>
         <size>0x60</size>
         <input_file_ref idref="fl-17"/>
      </object_component>
      <object_component id="oc-31a">
         <name>.text:sysTickInit</name>
         <load_address>0x2000d8fc</load_address>
         <run_address>0x2000d8fc</run_address>
         <size>0x5c</size>
         <input_file_ref idref="fl-17"/>
      </object_component>
      <object_component id="oc-257">
         <name>.text:PRCMPeripheralReset</name>
         <load_address>0x2000d958</load_address>
         <run_address>0x2000d958</run_address>
         <size>0x58</size>
         <input_file_ref idref="fl-20"/>
      </object_component>
      <object_component id="oc-489">
         <name>.text:Power_releaseDependency</name>
         <load_address>0x2000d9b0</load_address>
         <run_address>0x2000d9b0</run_address>
         <size>0x58</size>
         <input_file_ref idref="fl-f"/>
      </object_component>
      <object_component id="oc-51e">
         <name>.text:PowerCC32XX_resumeLPDS</name>
         <load_address>0x2000da08</load_address>
         <run_address>0x2000da08</run_address>
         <size>0x52</size>
         <input_file_ref idref="fl-10"/>
      </object_component>
      <object_component id="oc-3c0">
         <name>.text:PWMTimerCC32XX_init</name>
         <load_address>0x2000da5a</load_address>
         <run_address>0x2000da5a</run_address>
         <size>0x2</size>
         <input_file_ref idref="fl-11"/>
      </object_component>
      <object_component id="oc-79">
         <name>.text:ClockP_sysTickHandler</name>
         <load_address>0x2000da5c</load_address>
         <run_address>0x2000da5c</run_address>
         <size>0x50</size>
         <input_file_ref idref="fl-17"/>
      </object_component>
      <object_component id="oc-32a">
         <name>.text:SemaphoreP_construct</name>
         <load_address>0x2000daac</load_address>
         <run_address>0x2000daac</run_address>
         <size>0x50</size>
         <input_file_ref idref="fl-16"/>
      </object_component>
      <object_component id="oc-4a4">
         <name>.text:TimerCC32XX_allocateTimerResource</name>
         <load_address>0x2000dafc</load_address>
         <run_address>0x2000dafc</run_address>
         <size>0x50</size>
         <input_file_ref idref="fl-12"/>
      </object_component>
      <object_component id="oc-515">
         <name>.text:PowerCC32XX_parkPin</name>
         <load_address>0x2000db4c</load_address>
         <run_address>0x2000db4c</run_address>
         <size>0x4c</size>
         <input_file_ref idref="fl-f"/>
      </object_component>
      <object_component id="oc-4c9">
         <name>.text:getDutyCounts</name>
         <load_address>0x2000db98</load_address>
         <run_address>0x2000db98</run_address>
         <size>0x4c</size>
         <input_file_ref idref="fl-11"/>
      </object_component>
      <object_component id="oc-4d3">
         <name>.text:getPeriodCounts</name>
         <load_address>0x2000dbe4</load_address>
         <run_address>0x2000dbe4</run_address>
         <size>0x4c</size>
         <input_file_ref idref="fl-11"/>
      </object_component>
      <object_component id="oc-458">
         <name>.text:restorePeriphClocks</name>
         <load_address>0x2000dc30</load_address>
         <run_address>0x2000dc30</run_address>
         <size>0x4c</size>
         <input_file_ref idref="fl-f"/>
      </object_component>
      <object_component id="oc-1ea">
         <name>.text:ClockP_usleep</name>
         <load_address>0x2000dc7c</load_address>
         <run_address>0x2000dc7c</run_address>
         <size>0x48</size>
         <input_file_ref idref="fl-17"/>
      </object_component>
      <object_component id="oc-539">
         <name>.text:FlashDisable</name>
         <load_address>0x2000dcc4</load_address>
         <run_address>0x2000dcc4</run_address>
         <size>0x48</size>
         <input_file_ref idref="fl-23"/>
      </object_component>
      <object_component id="oc-464">
         <name>.text:PRCMLPDSEnter</name>
         <load_address>0x2000dd0c</load_address>
         <run_address>0x2000dd0c</run_address>
         <size>0x48</size>
         <input_file_ref idref="fl-20"/>
      </object_component>
      <object_component id="oc-251">
         <name>.text:PRCMPeripheralClkEnable</name>
         <load_address>0x2000dd54</load_address>
         <run_address>0x2000dd54</run_address>
         <size>0x48</size>
         <input_file_ref idref="fl-20"/>
      </object_component>
      <object_component id="oc-4e2">
         <name>.text:Power_releaseConstraint</name>
         <load_address>0x2000dd9c</load_address>
         <run_address>0x2000dd9c</run_address>
         <size>0x48</size>
         <input_file_ref idref="fl-f"/>
      </object_component>
      <object_component id="oc-4fa">
         <name>.text:ClockP_stop</name>
         <load_address>0x2000dde4</load_address>
         <run_address>0x2000dde4</run_address>
         <size>0x44</size>
         <input_file_ref idref="fl-17"/>
      </object_component>
      <object_component id="oc-523">
         <name>.text:PRCMLPDSRestoreInfoSet</name>
         <load_address>0x2000de28</load_address>
         <run_address>0x2000de28</run_address>
         <size>0x44</size>
         <input_file_ref idref="fl-20"/>
      </object_component>
      <object_component id="oc-1bd">
         <name>.text:PWM_init</name>
         <load_address>0x2000de6c</load_address>
         <run_address>0x2000de6c</run_address>
         <size>0x44</size>
         <input_file_ref idref="fl-e"/>
      </object_component>
      <object_component id="oc-44d">
         <name>.text:PowerCC32XX_enterLPDS</name>
         <load_address>0x2000deb0</load_address>
         <run_address>0x2000deb0</run_address>
         <size>0x44</size>
         <input_file_ref idref="fl-10"/>
      </object_component>
      <object_component id="oc-39f">
         <name>.text:SwiP_restore</name>
         <load_address>0x2000def4</load_address>
         <run_address>0x2000def4</run_address>
         <size>0x44</size>
         <input_file_ref idref="fl-1b"/>
      </object_component>
      <object_component id="oc-171">
         <name>.text:__TI_auto_init_nobinit_nopinit:__TI_auto_init_nobinit_nopinit</name>
         <load_address>0x2000df38</load_address>
         <run_address>0x2000df38</run_address>
         <size>0x44</size>
         <input_file_ref idref="fl-e6"/>
      </object_component>
      <object_component id="oc-1df">
         <name>.text</name>
         <load_address>0x2000df7c</load_address>
         <run_address>0x2000df7c</run_address>
         <size>0x44</size>
         <input_file_ref idref="fl-da"/>
      </object_component>
      <object_component id="oc-1c9">
         <name>.text:PWM_open</name>
         <load_address>0x2000dfc0</load_address>
         <run_address>0x2000dfc0</run_address>
         <size>0x40</size>
         <input_file_ref idref="fl-e"/>
      </object_component>
      <object_component id="oc-269">
         <name>.text:PinModeSet</name>
         <load_address>0x2000e000</load_address>
         <run_address>0x2000e000</run_address>
         <size>0x40</size>
         <input_file_ref idref="fl-1f"/>
      </object_component>
      <object_component id="oc-415">
         <name>.text:ClockP_destruct</name>
         <load_address>0x2000e040</load_address>
         <run_address>0x2000e040</run_address>
         <size>0x3c</size>
         <input_file_ref idref="fl-17"/>
      </object_component>
      <object_component id="oc-4db">
         <name>.text:Power_setConstraint</name>
         <load_address>0x2000e07c</load_address>
         <run_address>0x2000e07c</run_address>
         <size>0x3c</size>
         <input_file_ref idref="fl-f"/>
      </object_component>
      <object_component id="oc-388">
         <name>.text:getCountsRTC</name>
         <load_address>0x2000e0b8</load_address>
         <run_address>0x2000e0b8</run_address>
         <size>0x3a</size>
         <input_file_ref idref="fl-19"/>
      </object_component>
      <object_component id="oc-483">
         <name>.text:getPowerMgrId</name>
         <load_address>0x2000e0f2</load_address>
         <run_address>0x2000e0f2</run_address>
         <size>0x3a</size>
         <input_file_ref idref="fl-11"/>
      </object_component>
      <object_component id="oc-46a">
         <name>.text:PRCMLPDSEnterKeepDebugIf</name>
         <load_address>0x2000e12c</load_address>
         <run_address>0x2000e12c</run_address>
         <size>0x38</size>
         <input_file_ref idref="fl-20"/>
      </object_component>
      <object_component id="oc-db">
         <name>.text:addToList</name>
         <load_address>0x2000e164</load_address>
         <run_address>0x2000e164</run_address>
         <size>0x38</size>
         <input_file_ref idref="fl-17"/>
      </object_component>
      <object_component id="oc-59">
         <name>.text:initVectors</name>
         <load_address>0x2000e19c</load_address>
         <run_address>0x2000e19c</run_address>
         <size>0x38</size>
         <input_file_ref idref="fl-1a"/>
      </object_component>
      <object_component id="oc-43b">
         <name>.text:notify</name>
         <load_address>0x2000e1d4</load_address>
         <run_address>0x2000e1d4</run_address>
         <size>0x38</size>
         <input_file_ref idref="fl-f"/>
      </object_component>
      <object_component id="oc-376">
         <name>.text:ClockP_getTicksUntilInterrupt</name>
         <load_address>0x2000e20c</load_address>
         <run_address>0x2000e20c</run_address>
         <size>0x34</size>
         <input_file_ref idref="fl-17"/>
      </object_component>
      <object_component id="oc-29e">
         <name>.text:ClockP_startup</name>
         <load_address>0x2000e240</load_address>
         <run_address>0x2000e240</run_address>
         <size>0x34</size>
         <input_file_ref idref="fl-17"/>
      </object_component>
      <object_component id="oc-263">
         <name>.text:PinModeGet</name>
         <load_address>0x2000e274</load_address>
         <run_address>0x2000e274</run_address>
         <size>0x34</size>
         <input_file_ref idref="fl-1f"/>
      </object_component>
      <object_component id="oc-47d">
         <name>.text:TimerCC32XX_freeTimerResource</name>
         <load_address>0x2000e2a8</load_address>
         <run_address>0x2000e2a8</run_address>
         <size>0x34</size>
         <input_file_ref idref="fl-12"/>
      </object_component>
      <object_component id="oc-551">
         <name>.text:getPowerMgrId</name>
         <load_address>0x2000e2dc</load_address>
         <run_address>0x2000e2dc</run_address>
         <size>0x34</size>
         <input_file_ref idref="fl-12"/>
      </object_component>
      <object_component id="oc-403">
         <name>.text:ClockP_start</name>
         <load_address>0x2000e310</load_address>
         <run_address>0x2000e310</run_address>
         <size>0x30</size>
         <input_file_ref idref="fl-17"/>
      </object_component>
      <object_component id="oc-532">
         <name>.text:PowerCC32XX_restoreParkedPin</name>
         <load_address>0x2000e340</load_address>
         <run_address>0x2000e340</run_address>
         <size>0x30</size>
         <input_file_ref idref="fl-f"/>
      </object_component>
      <object_component id="oc-25d">
         <name>.text:PRCMPeripheralClkDisable</name>
         <load_address>0x2000e370</load_address>
         <run_address>0x2000e370</run_address>
         <size>0x28</size>
         <input_file_ref idref="fl-20"/>
      </object_component>
      <object_component id="oc-4b0">
         <name>.text:Power_registerNotify</name>
         <load_address>0x2000e398</load_address>
         <run_address>0x2000e398</run_address>
         <size>0x28</size>
         <input_file_ref idref="fl-f"/>
      </object_component>
      <object_component id="oc-56c">
         <name>.text:List_put</name>
         <load_address>0x2000e3c0</load_address>
         <run_address>0x2000e3c0</run_address>
         <size>0x26</size>
         <input_file_ref idref="fl-13"/>
      </object_component>
      <object_component id="oc-55e">
         <name>.text:List_remove</name>
         <load_address>0x2000e3e6</load_address>
         <run_address>0x2000e3e6</run_address>
         <size>0x26</size>
         <input_file_ref idref="fl-13"/>
      </object_component>
      <object_component id="oc-c5">
         <name>.text:_c_int00_noargs:_c_int00_noargs</name>
         <load_address>0x2000e40c</load_address>
         <run_address>0x2000e40c</run_address>
         <size>0x24</size>
         <input_file_ref idref="fl-e3"/>
      </object_component>
      <object_component id="oc-2aa">
         <name>.text:sleepTicks</name>
         <load_address>0x2000e430</load_address>
         <run_address>0x2000e430</run_address>
         <size>0x24</size>
         <input_file_ref idref="fl-17"/>
      </object_component>
      <object_component id="oc-48f">
         <name>.text:Power_unregisterNotify</name>
         <load_address>0x2000e454</load_address>
         <run_address>0x2000e454</run_address>
         <size>0x20</size>
         <input_file_ref idref="fl-f"/>
      </object_component>
      <object_component id="oc-1d5">
         <name>.text</name>
         <load_address>0x2000e474</load_address>
         <run_address>0x2000e474</run_address>
         <size>0x20</size>
         <input_file_ref idref="fl-dd"/>
      </object_component>
      <object_component id="oc-495">
         <name>.text:PinToPadGet</name>
         <load_address>0x2000e494</load_address>
         <run_address>0x2000e494</run_address>
         <size>0x1c</size>
         <input_file_ref idref="fl-1f"/>
      </object_component>
      <object_component id="oc-36a">
         <name>.text:SwiP_disable</name>
         <load_address>0x2000e4b0</load_address>
         <run_address>0x2000e4b0</run_address>
         <size>0x1c</size>
         <input_file_ref idref="fl-1b"/>
      </object_component>
      <object_component id="oc-47">
         <name>.text:decompress:ZI:__TI_zero_init_nomemset:__TI_zero_init_nomemset</name>
         <load_address>0x2000e4cc</load_address>
         <run_address>0x2000e4cc</run_address>
         <size>0x1c</size>
         <input_file_ref idref="fl-df"/>
      </object_component>
      <object_component id="oc-21">
         <name>.text:resetISR</name>
         <load_address>0x2000e4e8</load_address>
         <run_address>0x2000e4e8</run_address>
         <size>0x1a</size>
         <input_file_ref idref="fl-1a"/>
      </object_component>
      <object_component id="oc-2f7">
         <name>.text:PowerCC32XX_initPolicy</name>
         <load_address>0x2000e502</load_address>
         <run_address>0x2000e502</run_address>
         <size>0x2</size>
         <input_file_ref idref="fl-19"/>
      </object_component>
      <object_component id="oc-37c">
         <name>.text:Power_getTransitionLatency</name>
         <load_address>0x2000e504</load_address>
         <run_address>0x2000e504</run_address>
         <size>0x18</size>
         <input_file_ref idref="fl-f"/>
      </object_component>
      <object_component id="oc-57e">
         <name>.text:Power_idleFunc</name>
         <load_address>0x2000e51c</load_address>
         <run_address>0x2000e51c</run_address>
         <size>0x18</size>
         <input_file_ref idref="fl-f"/>
      </object_component>
      <object_component id="oc-324">
         <name>.text</name>
         <load_address>0x2000e534</load_address>
         <run_address>0x2000e534</run_address>
         <size>0x18</size>
         <input_file_ref idref="fl-db"/>
      </object_component>
      <object_component id="oc-24b">
         <name>.text:PRCMHIBRegRead</name>
         <load_address>0x2000e54c</load_address>
         <run_address>0x2000e54c</run_address>
         <size>0x16</size>
         <input_file_ref idref="fl-20"/>
      </object_component>
      <object_component id="oc-245">
         <name>.text:PRCMHIBRegWrite</name>
         <load_address>0x2000e562</load_address>
         <run_address>0x2000e562</run_address>
         <size>0x16</size>
         <input_file_ref idref="fl-20"/>
      </object_component>
      <object_component id="oc-a3">
         <name>.text:CPUcpsid</name>
         <load_address>0x2000e578</load_address>
         <run_address>0x2000e578</run_address>
         <size>0x14</size>
         <input_file_ref idref="fl-1d"/>
      </object_component>
      <object_component id="oc-af">
         <name>.text:IntVTableBaseSet</name>
         <load_address>0x2000e58c</load_address>
         <run_address>0x2000e58c</run_address>
         <size>0x14</size>
         <input_file_ref idref="fl-1e"/>
      </object_component>
      <object_component id="oc-1c3">
         <name>.text:PWM_Params_init</name>
         <load_address>0x2000e5a0</load_address>
         <run_address>0x2000e5a0</run_address>
         <size>0x14</size>
         <input_file_ref idref="fl-e"/>
      </object_component>
      <object_component id="oc-52b">
         <name>.text:Power_getDependencyCount</name>
         <load_address>0x2000e5b4</load_address>
         <run_address>0x2000e5b4</run_address>
         <size>0x14</size>
         <input_file_ref idref="fl-f"/>
      </object_component>
      <object_component id="oc-11a">
         <name>.text:main</name>
         <load_address>0x2000e5c8</load_address>
         <run_address>0x2000e5c8</run_address>
         <size>0x12</size>
         <input_file_ref idref="fl-2"/>
      </object_component>
      <object_component id="oc-4c2">
         <name>.text:postNotifyFxn</name>
         <load_address>0x2000e5da</load_address>
         <run_address>0x2000e5da</run_address>
         <size>0x12</size>
         <input_file_ref idref="fl-11"/>
      </object_component>
      <object_component id="oc-152">
         <name>.text:Board_init</name>
         <load_address>0x2000e5ec</load_address>
         <run_address>0x2000e5ec</run_address>
         <size>0x10</size>
         <input_file_ref idref="fl-4"/>
      </object_component>
      <object_component id="oc-3fd">
         <name>.text:ClockP_add</name>
         <load_address>0x2000e5fc</load_address>
         <run_address>0x2000e5fc</run_address>
         <size>0x10</size>
         <input_file_ref idref="fl-17"/>
      </object_component>
      <object_component id="oc-364">
         <name>.text:ClockP_getCpuFreq</name>
         <load_address>0x2000e60c</load_address>
         <run_address>0x2000e60c</run_address>
         <size>0x10</size>
         <input_file_ref idref="fl-17"/>
      </object_component>
      <object_component id="oc-382">
         <name>.text:ClockP_getSystemTicks</name>
         <load_address>0x2000e61c</load_address>
         <run_address>0x2000e61c</run_address>
         <size>0x10</size>
         <input_file_ref idref="fl-17"/>
      </object_component>
      <object_component id="oc-399">
         <name>.text:ClockP_setTicks</name>
         <load_address>0x2000e62c</load_address>
         <run_address>0x2000e62c</run_address>
         <size>0x10</size>
         <input_file_ref idref="fl-17"/>
      </object_component>
      <object_component id="oc-284">
         <name>.text:HwiP_restore</name>
         <load_address>0x2000e63c</load_address>
         <run_address>0x2000e63c</run_address>
         <size>0x10</size>
         <input_file_ref idref="fl-18"/>
      </object_component>
      <object_component id="oc-409">
         <name>.text:Power_enablePolicy</name>
         <load_address>0x2000e64c</load_address>
         <run_address>0x2000e64c</run_address>
         <size>0x10</size>
         <input_file_ref idref="fl-f"/>
      </object_component>
      <object_component id="oc-3f2">
         <name>.text:SemaphoreP_Params_init</name>
         <load_address>0x2000e65c</load_address>
         <run_address>0x2000e65c</run_address>
         <size>0x10</size>
         <input_file_ref idref="fl-16"/>
      </object_component>
      <object_component id="oc-27e">
         <name>.text:HwiP_disable</name>
         <load_address>0x2000e66c</load_address>
         <run_address>0x2000e66c</run_address>
         <size>0xe</size>
         <input_file_ref idref="fl-18"/>
      </object_component>
      <object_component id="oc-158">
         <name>.text:HwiP_enable</name>
         <load_address>0x2000e67a</load_address>
         <run_address>0x2000e67a</run_address>
         <size>0xe</size>
         <input_file_ref idref="fl-18"/>
      </object_component>
      <object_component id="oc-1a">
         <name>.text:decompress:none:__TI_decompress_none</name>
         <load_address>0x2000e688</load_address>
         <run_address>0x2000e688</run_address>
         <size>0xe</size>
         <input_file_ref idref="fl-e0"/>
      </object_component>
      <object_component id="oc-336">
         <name>.text:SemaphoreP_destruct</name>
         <load_address>0x2000e696</load_address>
         <run_address>0x2000e696</run_address>
         <size>0x2</size>
         <input_file_ref idref="fl-16"/>
      </object_component>
      <object_component id="oc-370">
         <name>.text:Power_getConstraintMask</name>
         <load_address>0x2000e698</load_address>
         <run_address>0x2000e698</run_address>
         <size>0xc</size>
         <input_file_ref idref="fl-f"/>
      </object_component>
      <object_component id="oc-40f">
         <name>.text:ClockP_isActive</name>
         <load_address>0x2000e6a4</load_address>
         <run_address>0x2000e6a4</run_address>
         <size>0xa</size>
         <input_file_ref idref="fl-17"/>
      </object_component>
      <object_component id="oc-53">
         <name>.text:IntMasterDisable</name>
         <load_address>0x2000e6ae</load_address>
         <run_address>0x2000e6ae</run_address>
         <size>0xa</size>
         <input_file_ref idref="fl-1e"/>
      </object_component>
      <object_component id="oc-1e4">
         <name>.text:PWM_setDuty</name>
         <load_address>0x2000e6b8</load_address>
         <run_address>0x2000e6b8</run_address>
         <size>0xa</size>
         <input_file_ref idref="fl-e"/>
      </object_component>
      <object_component id="oc-1cf">
         <name>.text:PWM_start</name>
         <load_address>0x2000e6c2</load_address>
         <run_address>0x2000e6c2</run_address>
         <size>0xa</size>
         <input_file_ref idref="fl-e"/>
      </object_component>
      <object_component id="oc-3ba">
         <name>.text:PWMTimerCC32XX_control</name>
         <load_address>0x2000e6cc</load_address>
         <run_address>0x2000e6cc</run_address>
         <size>0x6</size>
         <input_file_ref idref="fl-11"/>
      </object_component>
      <object_component id="oc-244">
         <name>.text:UtilsDelay</name>
         <load_address>0x2000e6d2</load_address>
         <run_address>0x2000e6d2</run_address>
         <size>0x6</size>
         <input_file_ref idref="fl-22"/>
      </object_component>
      <object_component id="oc-472">
         <name>.text:HwiP_post</name>
         <load_address>0x2000e6d8</load_address>
         <run_address>0x2000e6d8</run_address>
         <size>0x4</size>
         <input_file_ref idref="fl-18"/>
      </object_component>
      <object_component id="oc-114">
         <name>.text:_system_pre_init</name>
         <load_address>0x2000e6dc</load_address>
         <run_address>0x2000e6dc</run_address>
         <size>0x4</size>
         <input_file_ref idref="fl-e7"/>
      </object_component>
      <object_component id="oc-165">
         <name>.text:abort:abort</name>
         <load_address>0x2000e6e0</load_address>
         <run_address>0x2000e6e0</run_address>
         <size>0x4</size>
         <input_file_ref idref="fl-e9"/>
      </object_component>
      <object_component id="oc-73">
         <name>.text:busFaultHandler</name>
         <load_address>0x2000e6e4</load_address>
         <run_address>0x2000e6e4</run_address>
         <size>0x2</size>
         <input_file_ref idref="fl-1a"/>
      </object_component>
      <object_component id="oc-41b">
         <name>.text:clkFxn</name>
         <load_address>0x2000e6e6</load_address>
         <run_address>0x2000e6e6</run_address>
         <size>0x2</size>
         <input_file_ref idref="fl-16"/>
      </object_component>
      <object_component id="oc-6d">
         <name>.text:defaultHandler</name>
         <load_address>0x2000e6e8</load_address>
         <run_address>0x2000e6e8</run_address>
         <size>0x2</size>
         <input_file_ref idref="fl-1a"/>
      </object_component>
      <object_component id="oc-67">
         <name>.text:faultISR</name>
         <load_address>0x2000e6ea</load_address>
         <run_address>0x2000e6ea</run_address>
         <size>0x2</size>
         <input_file_ref idref="fl-1a"/>
      </object_component>
      <object_component id="oc-61">
         <name>.text:nmiISR</name>
         <load_address>0x2000e6ec</load_address>
         <run_address>0x2000e6ec</run_address>
         <size>0x2</size>
         <input_file_ref idref="fl-1a"/>
      </object_component>
      <object_component id="oc-435">
         <name>.text</name>
         <load_address>0x2000e6ee</load_address>
         <run_address>0x2000e6ee</run_address>
         <size>0x2</size>
         <input_file_ref idref="fl-e4"/>
      </object_component>
      <object_component id="oc-2ed">
         <name>.const:g_ulPinToPadMap</name>
         <load_address>0x2000e6f0</load_address>
         <run_address>0x2000e6f0</run_address>
         <size>0x100</size>
         <input_file_ref idref="fl-1f"/>
      </object_component>
      <object_component id="oc-2e6">
         <name>.const:PRCM_PeriphRegsList</name>
         <load_address>0x2000e7f0</load_address>
         <run_address>0x2000e7f0</run_address>
         <size>0xa8</size>
         <input_file_ref idref="fl-20"/>
      </object_component>
      <object_component id="oc-279">
         <name>.const:PowerCC32XX_config</name>
         <load_address>0x2000e898</load_address>
         <run_address>0x2000e898</run_address>
         <size>0x44</size>
         <input_file_ref idref="fl-4"/>
      </object_component>
      <object_component id="oc-30f">
         <name>.const:PWMTimerCC32XX_fxnTable</name>
         <load_address>0x2000e8dc</load_address>
         <run_address>0x2000e8dc</run_address>
         <size>0x24</size>
         <input_file_ref idref="fl-11"/>
      </object_component>
      <object_component id="oc-4e8">
         <name>.const:gpioPinIndexes</name>
         <load_address>0x2000e900</load_address>
         <run_address>0x2000e900</run_address>
         <size>0x20</size>
         <input_file_ref idref="fl-11"/>
      </object_component>
      <object_component id="oc-290">
         <name>.const:PWM_config</name>
         <load_address>0x2000e920</load_address>
         <run_address>0x2000e920</run_address>
         <size>0x18</size>
         <input_file_ref idref="fl-4"/>
      </object_component>
      <object_component id="oc-294">
         <name>.const:PWM_defaultParams</name>
         <load_address>0x2000e938</load_address>
         <run_address>0x2000e938</run_address>
         <size>0x18</size>
         <input_file_ref idref="fl-e"/>
      </object_component>
      <object_component id="oc-10e">
         <name>.const:g_pulEnRegs</name>
         <load_address>0x2000e950</load_address>
         <run_address>0x2000e950</run_address>
         <size>0x18</size>
         <input_file_ref idref="fl-1e"/>
      </object_component>
      <object_component id="oc-593">
         <name>.const:g_pulPendRegs</name>
         <load_address>0x2000e968</load_address>
         <run_address>0x2000e968</run_address>
         <size>0x18</size>
         <input_file_ref idref="fl-1e"/>
      </object_component>
      <object_component id="oc-49e">
         <name>.const:gpioBaseAddresses</name>
         <load_address>0x2000e980</load_address>
         <run_address>0x2000e980</run_address>
         <size>0x10</size>
         <input_file_ref idref="fl-11"/>
      </object_component>
      <object_component id="oc-49b">
         <name>.const:timerBaseAddresses</name>
         <load_address>0x2000e990</load_address>
         <run_address>0x2000e990</run_address>
         <size>0x10</size>
         <input_file_ref idref="fl-11"/>
      </object_component>
      <object_component id="oc-313">
         <name>.const:pwmTimerCC32XXHWAttrs</name>
         <load_address>0x2000e9a0</load_address>
         <run_address>0x2000e9a0</run_address>
         <size>0x8</size>
         <input_file_ref idref="fl-4"/>
      </object_component>
      <object_component id="oc-4cf">
         <name>.const:timerHalves</name>
         <load_address>0x2000e9a8</load_address>
         <run_address>0x2000e9a8</run_address>
         <size>0x8</size>
         <input_file_ref idref="fl-11"/>
      </object_component>
      <object_component id="oc-28d">
         <name>.const</name>
         <load_address>0x2000e9b0</load_address>
         <run_address>0x2000e9b0</run_address>
         <size>0x3</size>
         <input_file_ref idref="fl-4"/>
      </object_component>
      <object_component id="oc-5d7">
         <name>.cinit..data.load</name>
         <load_address>0x2000edd8</load_address>
         <run_address>0x2000edd8</run_address>
         <size>0xb0</size>
      </object_component>
      <object_component id="oc-5d5">
         <name>__TI_handler_table</name>
         <load_address>0x2000ee88</load_address>
         <run_address>0x2000ee88</run_address>
         <size>0xc</size>
      </object_component>
      <object_component id="oc-5d8">
         <name>.cinit..bss.load</name>
         <load_address>0x2000ee98</load_address>
         <run_address>0x2000ee98</run_address>
         <size>0x8</size>
      </object_component>
      <object_component id="oc-5d6">
         <name>__TI_cinit_table</name>
         <load_address>0x2000eea0</load_address>
         <run_address>0x2000eea0</run_address>
         <size>0x10</size>
      </object_component>
      <object_component id="oc-303">
         <name>.data:parkInfo</name>
         <load_address>0x2000eb20</load_address>
         <run_address>0x2000eb20</run_address>
         <size>0xf8</size>
         <input_file_ref idref="fl-4"/>
      </object_component>
      <object_component id="oc-28a">
         <name>.data</name>
         <load_address>0x2000ec30</load_address>
         <run_address>0x2000ec30</run_address>
         <size>0x1</size>
         <input_file_ref idref="fl-e"/>
      </object_component>
      <object_component id="oc-276">
         <name>.data:PowerCC32XX_module</name>
         <load_address>0x2000e9b4</load_address>
         <run_address>0x2000e9b4</run_address>
         <size>0x16c</size>
         <input_file_ref idref="fl-f"/>
      </object_component>
      <object_component id="oc-3f8">
         <name>.data</name>
         <load_address>0x2000ec2d</load_address>
         <run_address>0x2000ec2d</run_address>
         <size>0x3</size>
         <input_file_ref idref="fl-16"/>
      </object_component>
      <object_component id="oc-4ec">
         <name>.data:SemaphoreP_defaultParams</name>
         <load_address>0x2000ec18</load_address>
         <run_address>0x2000ec18</run_address>
         <size>0x8</size>
         <input_file_ref idref="fl-16"/>
      </object_component>
      <object_component id="oc-2b0">
         <name>.data</name>
         <load_address>0x2000ec28</load_address>
         <run_address>0x2000ec28</run_address>
         <size>0x5</size>
         <input_file_ref idref="fl-17"/>
      </object_component>
      <object_component id="oc-478">
         <name>.data</name>
         <load_address>0x2000ec20</load_address>
         <run_address>0x2000ec20</run_address>
         <size>0x8</size>
         <input_file_ref idref="fl-18"/>
      </object_component>
      <object_component id="oc-557">
         <name>.bss:timerState</name>
         <uninitialized>true</uninitialized>
         <run_address>0x2000edd0</run_address>
         <size>0x4</size>
         <input_file_ref idref="fl-12"/>
      </object_component>
      <object_component id="oc-320">
         <name>.bss</name>
         <uninitialized>true</uninitialized>
         <run_address>0x2000edac</run_address>
         <size>0x4</size>
         <input_file_ref idref="fl-17"/>
      </object_component>
      <object_component id="oc-426">
         <name>.bss</name>
         <uninitialized>true</uninitialized>
         <run_address>0x2000edc0</run_address>
         <size>0xd</size>
         <input_file_ref idref="fl-1b"/>
      </object_component>
      <object_component id="oc-312">
         <name>.common:pwmTimerCC32XXObjects</name>
         <uninitialized>true</uninitialized>
         <run_address>0x2000ed64</run_address>
         <size>0x48</size>
      </object_component>
      <object_component id="oc-51c">
         <name>.common:PowerCC32XX_contextSave</name>
         <uninitialized>true</uninitialized>
         <run_address>0x2000ec38</run_address>
         <size>0x12c</size>
      </object_component>
      <object_component id="oc-e1">
         <name>.common:ClockP_ctrl</name>
         <uninitialized>true</uninitialized>
         <run_address>0x2000edb0</run_address>
         <size>0x10</size>
      </object_component>
      <object_component id="oc-2a">
         <name>.sysmem</name>
         <uninitialized>true</uninitialized>
         <run_address>0x20004040</run_address>
         <size>0x10</size>
         <input_file_ref idref="fl-e2"/>
      </object_component>
      <object_component id="oc-5db">
         <name>.sysmem</name>
         <uninitialized>true</uninitialized>
         <run_address>0x20004040</run_address>
         <size>0x0</size>
      </object_component>
      <object_component id="oc-2d">
         <name>.stack</name>
         <uninitialized>true</uninitialized>
         <run_address>0x20003000</run_address>
         <size>0x4</size>
         <input_file_ref idref="fl-e3"/>
      </object_component>
      <object_component id="oc-5da">
         <name>.stack</name>
         <uninitialized>true</uninitialized>
         <run_address>0x20003000</run_address>
         <size>0x0</size>
      </object_component>
      <object_component id="oc-27">
         <name>.resetVecs:retain</name>
         <load_address>0x20004000</load_address>
         <run_address>0x20004000</run_address>
         <size>0x40</size>
         <input_file_ref idref="fl-1a"/>
      </object_component>
      <object_component id="oc-bb">
         <name>.ramVecs</name>
         <uninitialized>true</uninitialized>
         <run_address>0x20000000</run_address>
         <size>0x30c</size>
         <input_file_ref idref="fl-1a"/>
      </object_component>
      <object_component id="oc-14d">
         <name>.debug_info</name>
         <load_address>0x0</load_address>
         <run_address>0x0</run_address>
         <size>0x1b8</size>
         <input_file_ref idref="fl-2"/>
      </object_component>
      <object_component id="oc-11b">
         <name>.debug_info</name>
         <load_address>0x1b8</load_address>
         <run_address>0x1b8</run_address>
         <size>0x150</size>
         <input_file_ref idref="fl-2"/>
      </object_component>
      <object_component id="oc-e7">
         <name>.debug_info</name>
         <load_address>0x308</load_address>
         <run_address>0x308</run_address>
         <size>0x26b</size>
         <input_file_ref idref="fl-2"/>
      </object_component>
      <object_component id="oc-36">
         <name>.debug_info</name>
         <load_address>0x573</load_address>
         <run_address>0x573</run_address>
         <size>0x84</size>
         <input_file_ref idref="fl-2"/>
      </object_component>
      <object_component id="oc-148">
         <name>.debug_info</name>
         <load_address>0x5f7</load_address>
         <run_address>0x5f7</run_address>
         <size>0x2a4</size>
         <input_file_ref idref="fl-2"/>
      </object_component>
      <object_component id="oc-219">
         <name>.debug_info</name>
         <load_address>0x89b</load_address>
         <run_address>0x89b</run_address>
         <size>0xef</size>
         <input_file_ref idref="fl-2"/>
      </object_component>
      <object_component id="oc-12f">
         <name>.debug_info</name>
         <load_address>0x98a</load_address>
         <run_address>0x98a</run_address>
         <size>0xbb</size>
         <input_file_ref idref="fl-2"/>
      </object_component>
      <object_component id="oc-54c">
         <name>.debug_info</name>
         <load_address>0xa45</load_address>
         <run_address>0xa45</run_address>
         <size>0x53</size>
         <input_file_ref idref="fl-2"/>
      </object_component>
      <object_component id="oc-1f1">
         <name>.debug_info</name>
         <load_address>0xa98</load_address>
         <run_address>0xa98</run_address>
         <size>0x2df</size>
         <input_file_ref idref="fl-3"/>
      </object_component>
      <object_component id="oc-160">
         <name>.debug_info</name>
         <load_address>0xd77</load_address>
         <run_address>0xd77</run_address>
         <size>0x37d</size>
         <input_file_ref idref="fl-3"/>
      </object_component>
      <object_component id="oc-1f2">
         <name>.debug_info</name>
         <load_address>0x10f4</load_address>
         <run_address>0x10f4</run_address>
         <size>0x30f</size>
         <input_file_ref idref="fl-3"/>
      </object_component>
      <object_component id="oc-2b6">
         <name>.debug_info</name>
         <load_address>0x1403</load_address>
         <run_address>0x1403</run_address>
         <size>0x53</size>
         <input_file_ref idref="fl-3"/>
      </object_component>
      <object_component id="oc-2dc">
         <name>.debug_info</name>
         <load_address>0x1456</load_address>
         <run_address>0x1456</run_address>
         <size>0x434</size>
         <input_file_ref idref="fl-4"/>
      </object_component>
      <object_component id="oc-314">
         <name>.debug_info</name>
         <load_address>0x188a</load_address>
         <run_address>0x188a</run_address>
         <size>0x111</size>
         <input_file_ref idref="fl-4"/>
      </object_component>
      <object_component id="oc-291">
         <name>.debug_info</name>
         <load_address>0x199b</load_address>
         <run_address>0x199b</run_address>
         <size>0xfb</size>
         <input_file_ref idref="fl-4"/>
      </object_component>
      <object_component id="oc-28e">
         <name>.debug_info</name>
         <load_address>0x1a96</load_address>
         <run_address>0x1a96</run_address>
         <size>0x163</size>
         <input_file_ref idref="fl-4"/>
      </object_component>
      <object_component id="oc-27a">
         <name>.debug_info</name>
         <load_address>0x1bf9</load_address>
         <run_address>0x1bf9</run_address>
         <size>0x10b</size>
         <input_file_ref idref="fl-4"/>
      </object_component>
      <object_component id="oc-304">
         <name>.debug_info</name>
         <load_address>0x1d04</load_address>
         <run_address>0x1d04</run_address>
         <size>0xf7</size>
         <input_file_ref idref="fl-4"/>
      </object_component>
      <object_component id="oc-1b8">
         <name>.debug_info</name>
         <load_address>0x1dfb</load_address>
         <run_address>0x1dfb</run_address>
         <size>0x14f</size>
         <input_file_ref idref="fl-4"/>
      </object_component>
      <object_component id="oc-154">
         <name>.debug_info</name>
         <load_address>0x1f4a</load_address>
         <run_address>0x1f4a</run_address>
         <size>0x185</size>
         <input_file_ref idref="fl-4"/>
      </object_component>
      <object_component id="oc-223">
         <name>.debug_info</name>
         <load_address>0x20cf</load_address>
         <run_address>0x20cf</run_address>
         <size>0x878</size>
         <input_file_ref idref="fl-4"/>
      </object_component>
      <object_component id="oc-21e">
         <name>.debug_info</name>
         <load_address>0x2947</load_address>
         <run_address>0x2947</run_address>
         <size>0xb6</size>
         <input_file_ref idref="fl-4"/>
      </object_component>
      <object_component id="oc-22d">
         <name>.debug_info</name>
         <load_address>0x29fd</load_address>
         <run_address>0x29fd</run_address>
         <size>0x10e</size>
         <input_file_ref idref="fl-4"/>
      </object_component>
      <object_component id="oc-237">
         <name>.debug_info</name>
         <load_address>0x2b0b</load_address>
         <run_address>0x2b0b</run_address>
         <size>0xa1</size>
         <input_file_ref idref="fl-4"/>
      </object_component>
      <object_component id="oc-354">
         <name>.debug_info</name>
         <load_address>0x2bac</load_address>
         <run_address>0x2bac</run_address>
         <size>0x62</size>
         <input_file_ref idref="fl-4"/>
      </object_component>
      <object_component id="oc-108">
         <name>.debug_info</name>
         <load_address>0x2c0e</load_address>
         <run_address>0x2c0e</run_address>
         <size>0x8b</size>
         <input_file_ref idref="fl-4"/>
      </object_component>
      <object_component id="oc-aa">
         <name>.debug_info</name>
         <load_address>0x2c99</load_address>
         <run_address>0x2c99</run_address>
         <size>0x2c</size>
         <input_file_ref idref="fl-4"/>
      </object_component>
      <object_component id="oc-1a4">
         <name>.debug_info</name>
         <load_address>0x2cc5</load_address>
         <run_address>0x2cc5</run_address>
         <size>0x2c2</size>
         <input_file_ref idref="fl-e"/>
      </object_component>
      <object_component id="oc-295">
         <name>.debug_info</name>
         <load_address>0x2f87</load_address>
         <run_address>0x2f87</run_address>
         <size>0xdd</size>
         <input_file_ref idref="fl-e"/>
      </object_component>
      <object_component id="oc-28b">
         <name>.debug_info</name>
         <load_address>0x3064</load_address>
         <run_address>0x3064</run_address>
         <size>0xd4</size>
         <input_file_ref idref="fl-e"/>
      </object_component>
      <object_component id="oc-1d0">
         <name>.debug_info</name>
         <load_address>0x3138</load_address>
         <run_address>0x3138</run_address>
         <size>0x120</size>
         <input_file_ref idref="fl-e"/>
      </object_component>
      <object_component id="oc-1e5">
         <name>.debug_info</name>
         <load_address>0x3258</load_address>
         <run_address>0x3258</run_address>
         <size>0x139</size>
         <input_file_ref idref="fl-e"/>
      </object_component>
      <object_component id="oc-1ca">
         <name>.debug_info</name>
         <load_address>0x3391</load_address>
         <run_address>0x3391</run_address>
         <size>0x15d</size>
         <input_file_ref idref="fl-e"/>
      </object_component>
      <object_component id="oc-1be">
         <name>.debug_info</name>
         <load_address>0x34ee</load_address>
         <run_address>0x34ee</run_address>
         <size>0x129</size>
         <input_file_ref idref="fl-e"/>
      </object_component>
      <object_component id="oc-1c4">
         <name>.debug_info</name>
         <load_address>0x3617</load_address>
         <run_address>0x3617</run_address>
         <size>0x110</size>
         <input_file_ref idref="fl-e"/>
      </object_component>
      <object_component id="oc-2de">
         <name>.debug_info</name>
         <load_address>0x3727</load_address>
         <run_address>0x3727</run_address>
         <size>0xf8</size>
         <input_file_ref idref="fl-e"/>
      </object_component>
      <object_component id="oc-139">
         <name>.debug_info</name>
         <load_address>0x381f</load_address>
         <run_address>0x381f</run_address>
         <size>0x110</size>
         <input_file_ref idref="fl-e"/>
      </object_component>
      <object_component id="oc-2f3">
         <name>.debug_info</name>
         <load_address>0x392f</load_address>
         <run_address>0x392f</run_address>
         <size>0x5a4</size>
         <input_file_ref idref="fl-f"/>
      </object_component>
      <object_component id="oc-277">
         <name>.debug_info</name>
         <load_address>0x3ed3</load_address>
         <run_address>0x3ed3</run_address>
         <size>0xed</size>
         <input_file_ref idref="fl-f"/>
      </object_component>
      <object_component id="oc-490">
         <name>.debug_info</name>
         <load_address>0x3fc0</load_address>
         <run_address>0x3fc0</run_address>
         <size>0x1b7</size>
         <input_file_ref idref="fl-f"/>
      </object_component>
      <object_component id="oc-43d">
         <name>.debug_info</name>
         <load_address>0x4177</load_address>
         <run_address>0x4177</run_address>
         <size>0x167</size>
         <input_file_ref idref="fl-f"/>
      </object_component>
      <object_component id="oc-516">
         <name>.debug_info</name>
         <load_address>0x42de</load_address>
         <run_address>0x42de</run_address>
         <size>0x255</size>
         <input_file_ref idref="fl-f"/>
      </object_component>
      <object_component id="oc-442">
         <name>.debug_info</name>
         <load_address>0x4533</load_address>
         <run_address>0x4533</run_address>
         <size>0x191</size>
         <input_file_ref idref="fl-f"/>
      </object_component>
      <object_component id="oc-448">
         <name>.debug_info</name>
         <load_address>0x46c4</load_address>
         <run_address>0x46c4</run_address>
         <size>0x121</size>
         <input_file_ref idref="fl-f"/>
      </object_component>
      <object_component id="oc-453">
         <name>.debug_info</name>
         <load_address>0x47e5</load_address>
         <run_address>0x47e5</run_address>
         <size>0x127</size>
         <input_file_ref idref="fl-f"/>
      </object_component>
      <object_component id="oc-52c">
         <name>.debug_info</name>
         <load_address>0x490c</load_address>
         <run_address>0x490c</run_address>
         <size>0x18a</size>
         <input_file_ref idref="fl-f"/>
      </object_component>
      <object_component id="oc-459">
         <name>.debug_info</name>
         <load_address>0x4a96</load_address>
         <run_address>0x4a96</run_address>
         <size>0x167</size>
         <input_file_ref idref="fl-f"/>
      </object_component>
      <object_component id="oc-533">
         <name>.debug_info</name>
         <load_address>0x4bfd</load_address>
         <run_address>0x4bfd</run_address>
         <size>0x1f8</size>
         <input_file_ref idref="fl-f"/>
      </object_component>
      <object_component id="oc-45f">
         <name>.debug_info</name>
         <load_address>0x4df5</load_address>
         <run_address>0x4df5</run_address>
         <size>0x171</size>
         <input_file_ref idref="fl-f"/>
      </object_component>
      <object_component id="oc-394">
         <name>.debug_info</name>
         <load_address>0x4f66</load_address>
         <run_address>0x4f66</run_address>
         <size>0x2d6</size>
         <input_file_ref idref="fl-f"/>
      </object_component>
      <object_component id="oc-371">
         <name>.debug_info</name>
         <load_address>0x523c</load_address>
         <run_address>0x523c</run_address>
         <size>0x139</size>
         <input_file_ref idref="fl-f"/>
      </object_component>
      <object_component id="oc-4ab">
         <name>.debug_info</name>
         <load_address>0x5375</load_address>
         <run_address>0x5375</run_address>
         <size>0x1d9</size>
         <input_file_ref idref="fl-f"/>
      </object_component>
      <object_component id="oc-4dc">
         <name>.debug_info</name>
         <load_address>0x554e</load_address>
         <run_address>0x554e</run_address>
         <size>0x1b7</size>
         <input_file_ref idref="fl-f"/>
      </object_component>
      <object_component id="oc-48a">
         <name>.debug_info</name>
         <load_address>0x5705</load_address>
         <run_address>0x5705</run_address>
         <size>0x1da</size>
         <input_file_ref idref="fl-f"/>
      </object_component>
      <object_component id="oc-4e3">
         <name>.debug_info</name>
         <load_address>0x58df</load_address>
         <run_address>0x58df</run_address>
         <size>0x1db</size>
         <input_file_ref idref="fl-f"/>
      </object_component>
      <object_component id="oc-4b1">
         <name>.debug_info</name>
         <load_address>0x5aba</load_address>
         <run_address>0x5aba</run_address>
         <size>0x240</size>
         <input_file_ref idref="fl-f"/>
      </object_component>
      <object_component id="oc-271">
         <name>.debug_info</name>
         <load_address>0x5cfa</load_address>
         <run_address>0x5cfa</run_address>
         <size>0x18d</size>
         <input_file_ref idref="fl-f"/>
      </object_component>
      <object_component id="oc-1b0">
         <name>.debug_info</name>
         <load_address>0x5e87</load_address>
         <run_address>0x5e87</run_address>
         <size>0x14b</size>
         <input_file_ref idref="fl-f"/>
      </object_component>
      <object_component id="oc-57f">
         <name>.debug_info</name>
         <load_address>0x5fd2</load_address>
         <run_address>0x5fd2</run_address>
         <size>0x12a</size>
         <input_file_ref idref="fl-f"/>
      </object_component>
      <object_component id="oc-37d">
         <name>.debug_info</name>
         <load_address>0x60fc</load_address>
         <run_address>0x60fc</run_address>
         <size>0x195</size>
         <input_file_ref idref="fl-f"/>
      </object_component>
      <object_component id="oc-40a">
         <name>.debug_info</name>
         <load_address>0x6291</load_address>
         <run_address>0x6291</run_address>
         <size>0x12b</size>
         <input_file_ref idref="fl-f"/>
      </object_component>
      <object_component id="oc-4bd">
         <name>.debug_info</name>
         <load_address>0x63bc</load_address>
         <run_address>0x63bc</run_address>
         <size>0x197</size>
         <input_file_ref idref="fl-f"/>
      </object_component>
      <object_component id="oc-35e">
         <name>.debug_info</name>
         <load_address>0x6553</load_address>
         <run_address>0x6553</run_address>
         <size>0x2c</size>
         <input_file_ref idref="fl-f"/>
      </object_component>
      <object_component id="oc-450">
         <name>.debug_info</name>
         <load_address>0x657f</load_address>
         <run_address>0x657f</run_address>
         <size>0x11f</size>
         <input_file_ref idref="fl-10"/>
      </object_component>
      <object_component id="oc-520">
         <name>.debug_info</name>
         <load_address>0x669e</load_address>
         <run_address>0x669e</run_address>
         <size>0x103</size>
         <input_file_ref idref="fl-10"/>
      </object_component>
      <object_component id="oc-1a3">
         <name>.debug_info</name>
         <load_address>0x67a1</load_address>
         <run_address>0x67a1</run_address>
         <size>0x731</size>
         <input_file_ref idref="fl-11"/>
      </object_component>
      <object_component id="oc-310">
         <name>.debug_info</name>
         <load_address>0x6ed2</load_address>
         <run_address>0x6ed2</run_address>
         <size>0xf8</size>
         <input_file_ref idref="fl-11"/>
      </object_component>
      <object_component id="oc-49c">
         <name>.debug_info</name>
         <load_address>0x6fca</load_address>
         <run_address>0x6fca</run_address>
         <size>0xed</size>
         <input_file_ref idref="fl-11"/>
      </object_component>
      <object_component id="oc-4d0">
         <name>.debug_info</name>
         <load_address>0x70b7</load_address>
         <run_address>0x70b7</run_address>
         <size>0xdf</size>
         <input_file_ref idref="fl-11"/>
      </object_component>
      <object_component id="oc-49f">
         <name>.debug_info</name>
         <load_address>0x7196</load_address>
         <run_address>0x7196</run_address>
         <size>0xeb</size>
         <input_file_ref idref="fl-11"/>
      </object_component>
      <object_component id="oc-4e9">
         <name>.debug_info</name>
         <load_address>0x7281</load_address>
         <run_address>0x7281</run_address>
         <size>0xe5</size>
         <input_file_ref idref="fl-11"/>
      </object_component>
      <object_component id="oc-4d5">
         <name>.debug_info</name>
         <load_address>0x7366</load_address>
         <run_address>0x7366</run_address>
         <size>0x1c7</size>
         <input_file_ref idref="fl-11"/>
      </object_component>
      <object_component id="oc-4cb">
         <name>.debug_info</name>
         <load_address>0x752d</load_address>
         <run_address>0x752d</run_address>
         <size>0x215</size>
         <input_file_ref idref="fl-11"/>
      </object_component>
      <object_component id="oc-485">
         <name>.debug_info</name>
         <load_address>0x7742</load_address>
         <run_address>0x7742</run_address>
         <size>0x15e</size>
         <input_file_ref idref="fl-11"/>
      </object_component>
      <object_component id="oc-3b6">
         <name>.debug_info</name>
         <load_address>0x78a0</load_address>
         <run_address>0x78a0</run_address>
         <size>0x2db</size>
         <input_file_ref idref="fl-11"/>
      </object_component>
      <object_component id="oc-3c8">
         <name>.debug_info</name>
         <load_address>0x7b7b</load_address>
         <run_address>0x7b7b</run_address>
         <size>0x37b</size>
         <input_file_ref idref="fl-11"/>
      </object_component>
      <object_component id="oc-3c2">
         <name>.debug_info</name>
         <load_address>0x7ef6</load_address>
         <run_address>0x7ef6</run_address>
         <size>0x148</size>
         <input_file_ref idref="fl-11"/>
      </object_component>
      <object_component id="oc-3bc">
         <name>.debug_info</name>
         <load_address>0x803e</load_address>
         <run_address>0x803e</run_address>
         <size>0x170</size>
         <input_file_ref idref="fl-11"/>
      </object_component>
      <object_component id="oc-3cf">
         <name>.debug_info</name>
         <load_address>0x81ae</load_address>
         <run_address>0x81ae</run_address>
         <size>0x26d</size>
         <input_file_ref idref="fl-11"/>
      </object_component>
      <object_component id="oc-3db">
         <name>.debug_info</name>
         <load_address>0x841b</load_address>
         <run_address>0x841b</run_address>
         <size>0x338</size>
         <input_file_ref idref="fl-11"/>
      </object_component>
      <object_component id="oc-3e1">
         <name>.debug_info</name>
         <load_address>0x8753</load_address>
         <run_address>0x8753</run_address>
         <size>0x22f</size>
         <input_file_ref idref="fl-11"/>
      </object_component>
      <object_component id="oc-3e7">
         <name>.debug_info</name>
         <load_address>0x8982</load_address>
         <run_address>0x8982</run_address>
         <size>0x29c</size>
         <input_file_ref idref="fl-11"/>
      </object_component>
      <object_component id="oc-3d5">
         <name>.debug_info</name>
         <load_address>0x8c1e</load_address>
         <run_address>0x8c1e</run_address>
         <size>0x27b</size>
         <input_file_ref idref="fl-11"/>
      </object_component>
      <object_component id="oc-4b8">
         <name>.debug_info</name>
         <load_address>0x8e99</load_address>
         <run_address>0x8e99</run_address>
         <size>0x29e</size>
         <input_file_ref idref="fl-11"/>
      </object_component>
      <object_component id="oc-4c4">
         <name>.debug_info</name>
         <load_address>0x9137</load_address>
         <run_address>0x9137</run_address>
         <size>0x1a1</size>
         <input_file_ref idref="fl-11"/>
      </object_component>
      <object_component id="oc-232">
         <name>.debug_info</name>
         <load_address>0x92d8</load_address>
         <run_address>0x92d8</run_address>
         <size>0x2a9</size>
         <input_file_ref idref="fl-11"/>
      </object_component>
      <object_component id="oc-134">
         <name>.debug_info</name>
         <load_address>0x9581</load_address>
         <run_address>0x9581</run_address>
         <size>0x100</size>
         <input_file_ref idref="fl-11"/>
      </object_component>
      <object_component id="oc-228">
         <name>.debug_info</name>
         <load_address>0x9681</load_address>
         <run_address>0x9681</run_address>
         <size>0x183</size>
         <input_file_ref idref="fl-11"/>
      </object_component>
      <object_component id="oc-13e">
         <name>.debug_info</name>
         <load_address>0x9804</load_address>
         <run_address>0x9804</run_address>
         <size>0x137</size>
         <input_file_ref idref="fl-11"/>
      </object_component>
      <object_component id="oc-55b">
         <name>.debug_info</name>
         <load_address>0x993b</load_address>
         <run_address>0x993b</run_address>
         <size>0x8ef</size>
         <input_file_ref idref="fl-12"/>
      </object_component>
      <object_component id="oc-558">
         <name>.debug_info</name>
         <load_address>0xa22a</load_address>
         <run_address>0xa22a</run_address>
         <size>0xdc</size>
         <input_file_ref idref="fl-12"/>
      </object_component>
      <object_component id="oc-553">
         <name>.debug_info</name>
         <load_address>0xa306</load_address>
         <run_address>0xa306</run_address>
         <size>0x15b</size>
         <input_file_ref idref="fl-12"/>
      </object_component>
      <object_component id="oc-4a6">
         <name>.debug_info</name>
         <load_address>0xa461</load_address>
         <run_address>0xa461</run_address>
         <size>0x253</size>
         <input_file_ref idref="fl-12"/>
      </object_component>
      <object_component id="oc-480">
         <name>.debug_info</name>
         <load_address>0xa6b4</load_address>
         <run_address>0xa6b4</run_address>
         <size>0x21b</size>
         <input_file_ref idref="fl-12"/>
      </object_component>
      <object_component id="oc-59a">
         <name>.debug_info</name>
         <load_address>0xa8cf</load_address>
         <run_address>0xa8cf</run_address>
         <size>0x3d</size>
         <input_file_ref idref="fl-12"/>
      </object_component>
      <object_component id="oc-5a1">
         <name>.debug_info</name>
         <load_address>0xa90c</load_address>
         <run_address>0xa90c</run_address>
         <size>0x1e8</size>
         <input_file_ref idref="fl-13"/>
      </object_component>
      <object_component id="oc-562">
         <name>.debug_info</name>
         <load_address>0xaaf4</load_address>
         <run_address>0xaaf4</run_address>
         <size>0x172</size>
         <input_file_ref idref="fl-13"/>
      </object_component>
      <object_component id="oc-570">
         <name>.debug_info</name>
         <load_address>0xac66</load_address>
         <run_address>0xac66</run_address>
         <size>0x16c</size>
         <input_file_ref idref="fl-13"/>
      </object_component>
      <object_component id="oc-3fc">
         <name>.debug_info</name>
         <load_address>0xadd2</load_address>
         <run_address>0xadd2</run_address>
         <size>0x459</size>
         <input_file_ref idref="fl-16"/>
      </object_component>
      <object_component id="oc-3f9">
         <name>.debug_info</name>
         <load_address>0xb22b</load_address>
         <run_address>0xb22b</run_address>
         <size>0x17f</size>
         <input_file_ref idref="fl-16"/>
      </object_component>
      <object_component id="oc-4ed">
         <name>.debug_info</name>
         <load_address>0xb3aa</load_address>
         <run_address>0xb3aa</run_address>
         <size>0x12c</size>
         <input_file_ref idref="fl-16"/>
      </object_component>
[...]
         <object_component_ref idref="oc-1e4"/>
      </symbol>
      <symbol id="sm-12d">
         <name>PWM_start</name>
         <value>0x2000e6c3</value>
         <object_component_ref idref="oc-1cf"/>
      </symbol>
      <symbol id="sm-12e">
         <name>PWM_open</name>
         <value>0x2000dfc1</value>
         <object_component_ref idref="oc-1c9"/>
      </symbol>
      <symbol id="sm-12f">
         <name>PWM_defaultParams</name>
         <value>0x2000e938</value>
         <object_component_ref idref="oc-294"/>
      </symbol>
      <symbol id="sm-130">
         <name>PWM_init</name>
         <value>0x2000de6d</value>
         <object_component_ref idref="oc-1bd"/>
      </symbol>
      <symbol id="sm-290">
         <name>PowerCC32XX_contextSave</name>
         <value>0x2000ec38</value>
      </symbol>
      <symbol id="sm-291">
         <name>PowerCC32XX_configureWakeup</name>
         <value>0x2000cfa1</value>
         <object_component_ref idref="oc-270"/>
      </symbol>
      <symbol id="sm-292">
         <name>Power_registerNotify</name>
         <value>0x2000e399</value>
         <object_component_ref idref="oc-4b0"/>
      </symbol>
      <symbol id="sm-293">
         <name>PowerCC32XX_restoreParkedPin</name>
         <value>0x2000e341</value>
         <object_component_ref idref="oc-532"/>
      </symbol>
      <symbol id="sm-294">
         <name>Power_releaseDependency</name>
         <value>0x2000d9b1</value>
         <object_component_ref idref="oc-489"/>
      </symbol>
      <symbol id="sm-295">
         <name>Power_unregisterNotify</name>
         <value>0x2000e455</value>
         <object_component_ref idref="oc-48f"/>
      </symbol>
      <symbol id="sm-296">
         <name>Power_sleep</name>
         <value>0x2000c891</value>
         <object_component_ref idref="oc-393"/>
      </symbol>
      <symbol id="sm-297">
         <name>Power_releaseConstraint</name>
         <value>0x2000dd9d</value>
         <object_component_ref idref="oc-4e2"/>
      </symbol>
      <symbol id="sm-298">
         <name>Power_idleFunc</name>
         <value>0x2000e51d</value>
         <object_component_ref idref="oc-57e"/>
      </symbol>
      <symbol id="sm-299">
         <name>Power_getConstraintMask</name>
         <value>0x2000e699</value>
         <object_component_ref idref="oc-370"/>
      </symbol>
      <symbol id="sm-29a">
         <name>Power_init</name>
         <value>0x2000d581</value>
         <object_component_ref idref="oc-1af"/>
      </symbol>
      <symbol id="sm-29b">
         <name>PowerCC32XX_setParkState</name>
         <value>0x2000d7d9</value>
         <object_component_ref idref="oc-4bc"/>
      </symbol>
      <symbol id="sm-29c">
         <name>Power_getDependencyCount</name>
         <value>0x2000e5b5</value>
         <object_component_ref idref="oc-52b"/>
      </symbol>
      <symbol id="sm-29d">
         <name>Power_enablePolicy</name>
         <value>0x2000e64d</value>
         <object_component_ref idref="oc-409"/>
      </symbol>
      <symbol id="sm-29e">
         <name>Power_setConstraint</name>
         <value>0x2000e07d</value>
         <object_component_ref idref="oc-4db"/>
      </symbol>
      <symbol id="sm-29f">
         <name>PowerCC32XX_parkPin</name>
         <value>0x2000db4d</value>
         <object_component_ref idref="oc-515"/>
      </symbol>
      <symbol id="sm-2a0">
         <name>PowerCC32XX_module</name>
         <value>0x2000e9b4</value>
         <object_component_ref idref="oc-276"/>
      </symbol>
      <symbol id="sm-2a1">
         <name>Power_getTransitionLatency</name>
         <value>0x2000e505</value>
         <object_component_ref idref="oc-37c"/>
      </symbol>
      <symbol id="sm-2a2">
         <name>Power_setDependency</name>
         <value>0x2000d689</value>
         <object_component_ref idref="oc-4aa"/>
      </symbol>
      <symbol id="sm-2b3">
         <name>PowerCC32XX_enterLPDS</name>
         <value>0x2000deb1</value>
         <object_component_ref idref="oc-44d"/>
      </symbol>
      <symbol id="sm-2b4">
         <name>PowerCC32XX_resumeLPDS</name>
         <value>0x2000da09</value>
         <object_component_ref idref="oc-51e"/>
      </symbol>
      <symbol id="sm-3b5">
         <name>PWMTimerCC32XX_fxnTable</name>
         <value>0x2000e8dc</value>
         <object_component_ref idref="oc-30f"/>
      </symbol>
      <symbol id="sm-3b6">
         <name>PWMTimerCC32XX_setPeriod</name>
         <value>0x2000d229</value>
         <object_component_ref idref="oc-3d2"/>
      </symbol>
      <symbol id="sm-3b7">
         <name>PWMTimerCC32XX_setDutyAndPeriod</name>
         <value>0x2000c751</value>
         <object_component_ref idref="oc-3d8"/>
      </symbol>
      <symbol id="sm-3b8">
         <name>PWMTimerCC32XX_stop</name>
         <value>0x2000ccbd</value>
         <object_component_ref idref="oc-3e4"/>
      </symbol>
      <symbol id="sm-3b9">
         <name>PWMTimerCC32XX_start</name>
         <value>0x2000d709</value>
         <object_component_ref idref="oc-3de"/>
      </symbol>
      <symbol id="sm-3ba">
         <name>PWMTimerCC32XX_close</name>
         <value>0x2000d471</value>
         <object_component_ref idref="oc-3b4"/>
      </symbol>
      <symbol id="sm-3bb">
         <name>PWMTimerCC32XX_setDuty</name>
         <value>0x2000ce41</value>
         <object_component_ref idref="oc-3cc"/>
      </symbol>
      <symbol id="sm-3bc">
         <name>PWMTimerCC32XX_init</name>
         <value>0x2000da5b</value>
         <object_component_ref idref="oc-3c0"/>
      </symbol>
      <symbol id="sm-3bd">
         <name>PWMTimerCC32XX_control</name>
         <value>0x2000e6cd</value>
         <object_component_ref idref="oc-3ba"/>
      </symbol>
      <symbol id="sm-3be">
         <name>PWMTimerCC32XX_open</name>
         <value>0x2000cbcd</value>
         <object_component_ref idref="oc-3c6"/>
      </symbol>
      <symbol id="sm-3f4">
         <name>TimerCC32XX_freeTimerResource</name>
         <value>0x2000e2a9</value>
         <object_component_ref idref="oc-47d"/>
      </symbol>
      <symbol id="sm-3f5">
         <name>TimerCC32XX_allocateTimerResource</name>
         <value>0x2000dafd</value>
         <object_component_ref idref="oc-4a4"/>
      </symbol>
      <symbol id="sm-40d">
         <name>List_remove</name>
         <value>0x2000e3e7</value>
         <object_component_ref idref="oc-55e"/>
      </symbol>
      <symbol id="sm-40e">
         <name>List_put</name>
         <value>0x2000e3c1</value>
         <object_component_ref idref="oc-56c"/>
      </symbol>
      <symbol id="sm-46d">
         <name>SemaphoreP_defaultParams</name>
         <value>0x2000ec18</value>
         <object_component_ref idref="oc-4ec"/>
      </symbol>
      <symbol id="sm-46e">
         <name>SemaphoreP_construct</name>
         <value>0x2000daad</value>
         <object_component_ref idref="oc-32a"/>
      </symbol>
      <symbol id="sm-46f">
         <name>SemaphoreP_destruct</name>
         <value>0x2000e697</value>
         <object_component_ref idref="oc-336"/>
      </symbol>
      <symbol id="sm-470">
         <name>SemaphoreP_pend</name>
         <value>0x2000d0ed</value>
         <object_component_ref idref="oc-330"/>
      </symbol>
      <symbol id="sm-471">
         <name>SemaphoreP_Params_init</name>
         <value>0x2000e65d</value>
         <object_component_ref idref="oc-3f2"/>
      </symbol>
      <symbol id="sm-472">
         <name>clkFxn</name>
         <value>0x2000e6e7</value>
         <object_component_ref idref="oc-41b"/>
      </symbol>
      <symbol id="sm-552">
         <name>ClockP_ctrl</name>
         <value>0x2000edb0</value>
      </symbol>
      <symbol id="sm-553">
         <name>ClockP_doTick</name>
         <value>0x2000da5d</value>
         <object_component_ref idref="oc-79"/>
      </symbol>
      <symbol id="sm-554">
         <name>ClockP_startup</name>
         <value>0x2000e241</value>
         <object_component_ref idref="oc-29e"/>
      </symbol>
      <symbol id="sm-555">
         <name>ClockP_stop</name>
         <value>0x2000dde5</value>
         <object_component_ref idref="oc-4fa"/>
      </symbol>
      <symbol id="sm-556">
         <name>ClockP_getTicksUntilInterrupt</name>
         <value>0x2000e20d</value>
         <object_component_ref idref="oc-376"/>
      </symbol>
      <symbol id="sm-557">
         <name>ClockP_setTicks</name>
         <value>0x2000e62d</value>
         <object_component_ref idref="oc-399"/>
      </symbol>
      <symbol id="sm-558">
         <name>ClockP_tickPeriod</name>
         <value>0x2000ec28</value>
         <object_component_ref idref="oc-2b0"/>
      </symbol>
      <symbol id="sm-559">
         <name>ClockP_usleep</name>
         <value>0x2000dc7d</value>
         <object_component_ref idref="oc-1ea"/>
      </symbol>
      <symbol id="sm-55a">
         <name>ClockP_getSystemTicks</name>
         <value>0x2000e61d</value>
         <object_component_ref idref="oc-382"/>
      </symbol>
      <symbol id="sm-55b">
         <name>ClockP_destruct</name>
         <value>0x2000e041</value>
         <object_component_ref idref="oc-415"/>
      </symbol>
      <symbol id="sm-55c">
         <name>ClockP_start</name>
         <value>0x2000e311</value>
         <object_component_ref idref="oc-403"/>
      </symbol>
      <symbol id="sm-55d">
         <name>ClockP_sysTickHandler</name>
         <value>0x2000da5d</value>
         <object_component_ref idref="oc-79"/>
      </symbol>
      <symbol id="sm-55e">
         <name>ClockP_isActive</name>
         <value>0x2000e6a5</value>
         <object_component_ref idref="oc-40f"/>
      </symbol>
      <symbol id="sm-55f">
         <name>ClockP_getCpuFreq</name>
         <value>0x2000e60d</value>
         <object_component_ref idref="oc-364"/>
      </symbol>
      <symbol id="sm-560">
         <name>ClockP_add</name>
         <value>0x2000e5fd</value>
         <object_component_ref idref="oc-3fd"/>
      </symbol>
      <symbol id="sm-592">
         <name>HwiP_swiPIntNum</name>
         <value>0x2000ec24</value>
         <object_component_ref idref="oc-478"/>
      </symbol>
      <symbol id="sm-593">
         <name>HwiP_disable</name>
         <value>0x2000e66d</value>
         <object_component_ref idref="oc-27e"/>
      </symbol>
      <symbol id="sm-594">
         <name>HwiP_key</name>
         <value>0x2000ec20</value>
         <object_component_ref idref="oc-478"/>
      </symbol>
      <symbol id="sm-595">
         <name>HwiP_post</name>
         <value>0x2000e6d9</value>
         <object_component_ref idref="oc-472"/>
      </symbol>
      <symbol id="sm-596">
         <name>HwiP_enable</name>
         <value>0x2000e67b</value>
         <object_component_ref idref="oc-158"/>
      </symbol>
      <symbol id="sm-597">
         <name>HwiP_restore</name>
         <value>0x2000e63d</value>
         <object_component_ref idref="oc-284"/>
      </symbol>
      <symbol id="sm-5c7">
         <name>PowerCC32XX_initPolicy</name>
         <value>0x2000e503</value>
         <object_component_ref idref="oc-2f7"/>
      </symbol>
      <symbol id="sm-5c8">
         <name>PowerCC32XX_sleepPolicy</name>
         <value>0x2000c46d</value>
         <object_component_ref idref="oc-2fd"/>
      </symbol>
      <symbol id="sm-61d">
         <name>resetISR</name>
         <value>0x2000e4e9</value>
         <object_component_ref idref="oc-21"/>
      </symbol>
      <symbol id="sm-61e">
         <name>resetVectorAddr</name>
         <value>0x2000e4fc</value>
         <object_component_ref idref="oc-21"/>
      </symbol>
      <symbol id="sm-61f">
         <name>initVectors</name>
         <value>0x2000e19d</value>
         <object_component_ref idref="oc-59"/>
      </symbol>
      <symbol id="sm-620">
         <name>resetVectors</name>
         <value>0x20004000</value>
         <object_component_ref idref="oc-27"/>
      </symbol>
      <symbol id="sm-650">
         <name>SwiP_disable</name>
         <value>0x2000e4b1</value>
         <object_component_ref idref="oc-36a"/>
      </symbol>
      <symbol id="sm-651">
         <name>SwiP_restore</name>
         <value>0x2000def5</value>
         <object_component_ref idref="oc-39f"/>
      </symbol>
      <symbol id="sm-65c">
         <name>CPUcpsid</name>
         <value>0x2000e579</value>
         <object_component_ref idref="oc-a3"/>
      </symbol>
      <symbol id="sm-6a1">
         <name>IntVTableBaseSet</name>
         <value>0x2000e58d</value>
         <object_component_ref idref="oc-af"/>
      </symbol>
      <symbol id="sm-6a2">
         <name>IntEnable</name>
         <value>0x2000cef9</value>
         <object_component_ref idref="oc-b5"/>
      </symbol>
      <symbol id="sm-6a3">
         <name>IntMasterDisable</name>
         <value>0x2000e6af</value>
         <object_component_ref idref="oc-53"/>
      </symbol>
      <symbol id="sm-6a4">
         <name>IntPendSet</name>
         <value>0x2000d3e9</value>
         <object_component_ref idref="oc-541"/>
      </symbol>
      <symbol id="sm-6de">
         <name>PinModeGet</name>
         <value>0x2000e275</value>
         <object_component_ref idref="oc-263"/>
      </symbol>
      <symbol id="sm-6df">
         <name>PinConfigSet</name>
         <value>0x2000d4f9</value>
         <object_component_ref idref="oc-587"/>
      </symbol>
      <symbol id="sm-6e0">
         <name>PinModeSet</name>
         <value>0x2000e001</value>
         <object_component_ref idref="oc-269"/>
      </symbol>
      <symbol id="sm-6e1">
         <name>PinToPadGet</name>
         <value>0x2000e495</value>
         <object_component_ref idref="oc-495"/>
      </symbol>
      <symbol id="sm-7aa">
         <name>PRCMLPDSRestoreInfoSet</name>
         <value>0x2000de29</value>
         <object_component_ref idref="oc-523"/>
      </symbol>
      <symbol id="sm-7ab">
         <name>PRCMPeripheralReset</name>
         <value>0x2000d959</value>
         <object_component_ref idref="oc-257"/>
      </symbol>
      <symbol id="sm-7ac">
         <name>PRCMLPDSEnter</name>
         <value>0x2000dd0d</value>
         <object_component_ref idref="oc-464"/>
      </symbol>
      <symbol id="sm-7ad">
         <name>PRCMPeripheralClkEnable</name>
         <value>0x2000dd55</value>
         <object_component_ref idref="oc-251"/>
      </symbol>
      <symbol id="sm-7ae">
         <name>PRCMLPDSEnterKeepDebugIf</name>
         <value>0x2000e12d</value>
         <object_component_ref idref="oc-46a"/>
      </symbol>
      <symbol id="sm-7af">
         <name>PRCMCC3200MCUInit</name>
         <value>0x2000c041</value>
         <object_component_ref idref="oc-1a9"/>
      </symbol>
      <symbol id="sm-7b0">
         <name>PRCMHIBRegWrite</name>
         <value>0x2000e563</value>
         <object_component_ref idref="oc-245"/>
      </symbol>
      <symbol id="sm-7b1">
         <name>PRCMSysResetCauseGet</name>
         <value>0x2000d83d</value>
         <object_component_ref idref="oc-23e"/>
      </symbol>
      <symbol id="sm-7b2">
         <name>PRCMPeripheralClkDisable</name>
         <value>0x2000e371</value>
         <object_component_ref idref="oc-25d"/>
      </symbol>
      <symbol id="sm-7b3">
         <name>PRCMHIBRegRead</name>
         <value>0x2000e54d</value>
         <object_component_ref idref="oc-24b"/>
      </symbol>
      <symbol id="sm-7b8">
         <name>UtilsDelay</name>
         <value>0x2000e6d3</value>
         <object_component_ref idref="oc-244"/>
      </symbol>
      <symbol id="sm-7c8">
         <name>FlashDisable</name>
         <value>0x2000dcc5</value>
         <object_component_ref idref="oc-539"/>
      </symbol>
      <symbol id="sm-7d3">
         <name>__aeabi_dmul</name>
         <value>0x2000cad1</value>
         <object_component_ref idref="oc-1da"/>
      </symbol>
      <symbol id="sm-7dd">
         <name>__aeabi_d2uiz</name>
         <value>0x2000df7d</value>
         <object_component_ref idref="oc-1df"/>
      </symbol>
      <symbol id="sm-7e6">
         <name>__aeabi_lmul</name>
         <value>0x2000e535</value>
         <object_component_ref idref="oc-324"/>
      </symbol>
      <symbol id="sm-801">
         <name>memcpy</name>
         <value>0x2000d18d</value>
         <object_component_ref idref="oc-3b"/>
      </symbol>
      <symbol id="sm-802">
         <name>__aeabi_memcpy</name>
         <value>0x2000d18d</value>
         <object_component_ref idref="oc-3b"/>
      </symbol>
      <symbol id="sm-803">
         <name>__aeabi_memcpy8</name>
         <value>0x2000d18d</value>
         <object_component_ref idref="oc-3b"/>
      </symbol>
      <symbol id="sm-804">
         <name>__aeabi_memcpy4</name>
         <value>0x2000d18d</value>
         <object_component_ref idref="oc-3b"/>
      </symbol>
      <symbol id="sm-80e">
         <name>__aeabi_ui2d</name>
         <value>0x2000e475</value>
         <object_component_ref idref="oc-1d5"/>
      </symbol>
      <symbol id="sm-81b">
         <name>__aeabi_uldivmod</name>
         <value>0x2000d2c1</value>
         <object_component_ref idref="oc-38e"/>
      </symbol>
      <symbol id="sm-82f">
         <name>__TI_zero_init_nomemset</name>
         <value>0x2000e4cd</value>
         <object_component_ref idref="oc-47"/>
      </symbol>
      <symbol id="sm-846">
         <name>__TI_decompress_none</name>
         <value>0x2000e689</value>
         <object_component_ref idref="oc-1a"/>
      </symbol>
      <symbol id="sm-869">
         <name>__TI_decompress_lzss</name>
         <value>0x2000d771</value>
         <object_component_ref idref="oc-14"/>
      </symbol>
      <symbol id="sm-87e">
         <name>_sys_memory</name>
         <value>0x20004040</value>
         <object_component_ref idref="oc-2a"/>
      </symbol>
      <symbol id="sm-890">
         <name>__stack</name>
         <value>0x20003000</value>
         <object_component_ref idref="oc-2d"/>
      </symbol>
      <symbol id="sm-891">
         <name>_c_int00_noargs</name>
         <value>0x2000e40d</value>
         <object_component_ref idref="oc-c5"/>
      </symbol>
      <symbol id="sm-89b">
         <name>__aeabi_idiv0</name>
         <value>0x2000e6ef</value>
         <object_component_ref idref="oc-435"/>
      </symbol>
      <symbol id="sm-89c">
         <name>__aeabi_ldiv0</name>
         <value>0x2000e6ef</value>
         <object_component_ref idref="oc-435"/>
      </symbol>
      <symbol id="sm-8c5">
         <name>__TI_auto_init_nobinit_nopinit</name>
         <value>0x2000df39</value>
         <object_component_ref idref="oc-171"/>
      </symbol>
      <symbol id="sm-8cf">
         <name>_system_pre_init</name>
         <value>0x2000e6dd</value>
         <object_component_ref idref="oc-114"/>
      </symbol>
      <symbol id="sm-8db">
         <name>C$$EXIT</name>
         <value>0x2000e6e1</value>
         <object_component_ref idref="oc-165"/>
      </symbol>
      <symbol id="sm-8dc">
         <name>abort</name>
         <value>0x2000e6e1</value>
         <object_component_ref idref="oc-165"/>
      </symbol>
      <symbol id="sm-8df">
         <name>__TI_static_base__</name>
         <value>0x2000edd8</value>
      </symbol>
      <symbol id="sm-8e2">
         <name>ITM_flush</name>
         <value>0x0</value>
      </symbol>
      <symbol id="sm-8e3">
         <name>ITM_restore</name>
         <value>0x0</value>
      </symbol>
      <symbol id="sm-8e4">
         <name>__mpu_init</name>
         <value>0x0</value>
      </symbol>
      <symbol id="sm-8e5">
         <name>_system_post_cinit</name>
         <value>0x0</value>
      </symbol>
      <symbol id="sm-8e6">
         <name>usleep</name>
         <value>0x2000dc7d</value>
      </symbol>
      <symbol id="sm-8e7">
         <name>NoRTOS_start</name>
         <value>0x2000e67b</value>
      </symbol>
   </symbol_table>
   <title>Link successful</title>
</link_info>
