******************************************************************************
                  TI ARM Linker PC v20.2.7                     
******************************************************************************
>> Linked Sun Jul 14 14:39:58 2024

OUTPUT FILE NAME:   <pwmled2_CC3220S_LAUNCHXL_nortos_ccs.out>
ENTRY POINT SYMBOL: "resetISR"  address: 2000e4e9


MEMORY CONFIGURATION

         name            origin    length      used     unused   attr    fill
----------------------  --------  ---------  --------  --------  ----  --------
  SRAM2                 20000000   00004000  0000130c  00002cf4  RW X
  SRAM                  20004000   0003c000  0000aea4  0003115c  RW X
  LOG_DATA              90000000   00040000  00000000  00040000  R   


SEGMENT ALLOCATION MAP

run origin  load origin   length   init length attrs members
----------  ----------- ---------- ----------- ----- -------
20003000    20003000    00001000   00000000    rw-
  20003000    20003000    00001000   00000000    rw- .stack
20004000    20004000    00000040   00000040    r--
  20004000    20004000    00000040   00000040    r-- .resetVecs
20004040    20004040    00008000   00000000    rw-
  20004040    20004040    00008000   00000000    rw- .sysmem
2000c040    2000c040    00002973   00002973    r-x
  2000c040    2000c040    000026b0   000026b0    r-x .text
  2000e6f0    2000e6f0    000002c3   000002c3    r-- .const
2000e9b4    2000e9b4    0000027d   00000000    rw-
  2000e9b4    2000e9b4    0000027d   00000000    rw- .data
2000ec38    2000ec38    0000019c   00000000    rw-
  2000ec38    2000ec38    0000019c   00000000    rw- .bss
2000edd8    2000edd8    000000d8   000000d8    r--
  2000edd8    2000edd8    000000d8   000000d8    r-- .cinit


SECTION ALLOCATION MAP

 output                                  attributes/
section   page    origin      length       input sections
--------  ----  ----------  ----------   ----------------
.text      0    2000c040    000026b0     
                  2000c040    0000042c     driverlib.a : prcm.obj (.text:PRCMCC3200MCUInit)
                  2000c46c    0000019c     nortos_cc32xx.a : PowerCC32XX_nortos.oem4 (.text:PowerCC32XX_sleepPolicy)
                  2000c608    00000148     drivers_cc32xx.a : PowerCC32XX.oem4 (.text:parkPins)
                  2000c750    00000140                      : PWMTimerCC32XX.oem4 (.text:PWMTimerCC32XX_setDutyAndPeriod)
                  2000c890    00000138                      : PowerCC32XX.oem4 (.text:Power_sleep)
                  2000c9c8    00000108     pwmled2.obj (.text:mainThread)
                  2000cad0    000000fc     rtsv7M4_T_le_eabi.lib : fd_mul_t2.asm.obj (.text)
                  2000cbcc    000000f0     drivers_cc32xx.a : PWMTimerCC32XX.oem4 (.text:PWMTimerCC32XX_open)
                  2000ccbc    000000c4                      : PWMTimerCC32XX.oem4 (.text:PWMTimerCC32XX_stop)
                  2000cd80    000000c0                      : PowerCC32XX.oem4 (.text:restoreParkedPins)
                  2000ce40    000000b8                      : PWMTimerCC32XX.oem4 (.text:PWMTimerCC32XX_setDuty)
                  2000cef8    000000a8     driverlib.a : interrupt.obj (.text:IntEnable)
                  2000cfa0    000000a8     drivers_cc32xx.a : PowerCC32XX.oem4 (.text:PowerCC32XX_configureWakeup)
                  2000d048    000000a4                      : PWMTimerCC32XX.oem4 (.text:initHw)
                  2000d0ec    000000a0     nortos_cc32xx.a : SemaphoreP_nortos.oem4 (.text:SemaphoreP_pend)
                  2000d18c    0000009c     rtsv7M4_T_le_eabi.lib : memcpy_t2.asm.obj (.text)
                  2000d228    00000098     drivers_cc32xx.a : PWMTimerCC32XX.oem4 (.text:PWMTimerCC32XX_setPeriod)
                  2000d2c0    00000096     rtsv7M4_T_le_eabi.lib : ull_div_t2.asm.obj (.text)
                  2000d356    00000002     ti_drivers_config.obj (.text:Board_initHook)
                  2000d358    00000090     drivers_cc32xx.a : PowerCC32XX.oem4 (.text:restoreNVICRegs)
                  2000d3e8    00000088     driverlib.a : interrupt.obj (.text:IntPendSet)
                  2000d470    00000088     drivers_cc32xx.a : PWMTimerCC32XX.oem4 (.text:PWMTimerCC32XX_close)
                  2000d4f8    00000088     driverlib.a : pin.obj (.text:PinConfigSet)
                  2000d580    00000084     drivers_cc32xx.a : PowerCC32XX.oem4 (.text:Power_init)
                  2000d604    00000084                      : PowerCC32XX.oem4 (.text:saveNVICRegs)
                  2000d688    00000080                      : PowerCC32XX.oem4 (.text:Power_setDependency)
                  2000d708    00000068                      : PWMTimerCC32XX.oem4 (.text:PWMTimerCC32XX_start)
                  2000d770    00000068     rtsv7M4_T_le_eabi.lib : copy_decompress_lzss.c.obj (.text:decompress:lzss:__TI_decompress_lzss)
                  2000d7d8    00000064     drivers_cc32xx.a : PowerCC32XX.oem4 (.text:PowerCC32XX_setParkState)
                  2000d83c    00000060     driverlib.a : prcm.obj (.text:PRCMSysResetCauseGet)
                  2000d89c    00000060     nortos_cc32xx.a : ClockPSysTick_nortos.oem4 (.text:getTimeUsec)
                  2000d8fc    0000005c                     : ClockPSysTick_nortos.oem4 (.text:sysTickInit)
                  2000d958    00000058     driverlib.a : prcm.obj (.text:PRCMPeripheralReset)
                  2000d9b0    00000058     drivers_cc32xx.a : PowerCC32XX.oem4 (.text:Power_releaseDependency)
                  2000da08    00000052                      : PowerCC32XX_asm.oem4 (.text:PowerCC32XX_resumeLPDS)
                  2000da5a    00000002                      : PWMTimerCC32XX.oem4 (.text:PWMTimerCC32XX_init)
                  2000da5c    00000050     nortos_cc32xx.a : ClockPSysTick_nortos.oem4 (.text:ClockP_sysTickHandler)
                  2000daac    00000050                     : SemaphoreP_nortos.oem4 (.text:SemaphoreP_construct)
                  2000dafc    00000050     drivers_cc32xx.a : TimerCC32XX.oem4 (.text:TimerCC32XX_allocateTimerResource)
                  2000db4c    0000004c                      : PowerCC32XX.oem4 (.text:PowerCC32XX_parkPin)
                  2000db98    0000004c                      : PWMTimerCC32XX.oem4 (.text:getDutyCounts)
                  2000dbe4    0000004c                      : PWMTimerCC32XX.oem4 (.text:getPeriodCounts)
                  2000dc30    0000004c                      : PowerCC32XX.oem4 (.text:restorePeriphClocks)
                  2000dc7c    00000048     nortos_cc32xx.a : ClockPSysTick_nortos.oem4 (.text:ClockP_usleep)
                  2000dcc4    00000048     driverlib.a : flash.obj (.text:FlashDisable)
                  2000dd0c    00000048                 : prcm.obj (.text:PRCMLPDSEnter)
                  2000dd54    00000048                 : prcm.obj (.text:PRCMPeripheralClkEnable)
                  2000dd9c    00000048     drivers_cc32xx.a : PowerCC32XX.oem4 (.text:Power_releaseConstraint)
                  2000dde4    00000044     nortos_cc32xx.a : ClockPSysTick_nortos.oem4 (.text:ClockP_stop)
                  2000de28    00000044     driverlib.a : prcm.obj (.text:PRCMLPDSRestoreInfoSet)
                  2000de6c    00000044     drivers_cc32xx.a : PWM.oem4 (.text:PWM_init)
                  2000deb0    00000044                      : PowerCC32XX_asm.oem4 (.text:PowerCC32XX_enterLPDS)
                  2000def4    00000044     nortos_cc32xx.a : SwiP_nortos.oem4 (.text:SwiP_restore)
                  2000df38    00000044     rtsv7M4_T_le_eabi.lib : autoinit.c.obj (.text:__TI_auto_init_nobinit_nopinit:__TI_auto_init_nobinit_nopinit)
                  2000df7c    00000044                           : fd_tou_t2.asm.obj (.text)
                  2000dfc0    00000040     drivers_cc32xx.a : PWM.oem4 (.text:PWM_open)
                  2000e000    00000040     driverlib.a : pin.obj (.text:PinModeSet)
                  2000e040    0000003c     nortos_cc32xx.a : ClockPSysTick_nortos.oem4 (.text:ClockP_destruct)
                  2000e07c    0000003c     drivers_cc32xx.a : PowerCC32XX.oem4 (.text:Power_setConstraint)
                  2000e0b8    0000003a     nortos_cc32xx.a : PowerCC32XX_nortos.oem4 (.text:getCountsRTC)
                  2000e0f2    0000003a     drivers_cc32xx.a : PWMTimerCC32XX.oem4 (.text:getPowerMgrId)
                  2000e12c    00000038     driverlib.a : prcm.obj (.text:PRCMLPDSEnterKeepDebugIf)
                  2000e164    00000038     nortos_cc32xx.a : ClockPSysTick_nortos.oem4 (.text:addToList)
                  2000e19c    00000038                     : startup_cc32xx_ccs.oem4 (.text:initVectors)
                  2000e1d4    00000038     drivers_cc32xx.a : PowerCC32XX.oem4 (.text:notify)
                  2000e20c    00000034     nortos_cc32xx.a : ClockPSysTick_nortos.oem4 (.text:ClockP_getTicksUntilInterrupt)
                  2000e240    00000034                     : ClockPSysTick_nortos.oem4 (.text:ClockP_startup)
                  2000e274    00000034     driverlib.a : pin.obj (.text:PinModeGet)
                  2000e2a8    00000034     drivers_cc32xx.a : TimerCC32XX.oem4 (.text:TimerCC32XX_freeTimerResource)
                  2000e2dc    00000034                      : TimerCC32XX.oem4 (.text:getPowerMgrId)
                  2000e310    00000030     nortos_cc32xx.a : ClockPSysTick_nortos.oem4 (.text:ClockP_start)
                  2000e340    00000030     drivers_cc32xx.a : PowerCC32XX.oem4 (.text:PowerCC32XX_restoreParkedPin)
                  2000e370    00000028     driverlib.a : prcm.obj (.text:PRCMPeripheralClkDisable)
                  2000e398    00000028     drivers_cc32xx.a : PowerCC32XX.oem4 (.text:Power_registerNotify)
                  2000e3c0    00000026                      : List.oem4 (.text:List_put)
                  2000e3e6    00000026                      : List.oem4 (.text:List_remove)
                  2000e40c    00000024     rtsv7M4_T_le_eabi.lib : boot_cortex_m.c.obj (.text:_c_int00_noargs:_c_int00_noargs)
                  2000e430    00000024     nortos_cc32xx.a : ClockPSysTick_nortos.oem4 (.text:sleepTicks)
                  2000e454    00000020     drivers_cc32xx.a : PowerCC32XX.oem4 (.text:Power_unregisterNotify)
                  2000e474    00000020     rtsv7M4_T_le_eabi.lib : u_tofd_t2.asm.obj (.text)
                  2000e494    0000001c     driverlib.a : pin.obj (.text:PinToPadGet)
                  2000e4b0    0000001c     nortos_cc32xx.a : SwiP_nortos.oem4 (.text:SwiP_disable)
                  2000e4cc    0000001c     rtsv7M4_T_le_eabi.lib : copy_zero_init.c.obj (.text:decompress:ZI:__TI_zero_init_nomemset:__TI_zero_init_nomemset)
                  2000e4e8    0000001a     nortos_cc32xx.a : startup_cc32xx_ccs.oem4 (.text:resetISR)
                  2000e502    00000002                     : PowerCC32XX_nortos.oem4 (.text:PowerCC32XX_initPolicy)
                  2000e504    00000018     drivers_cc32xx.a : PowerCC32XX.oem4 (.text:Power_getTransitionLatency)
                  2000e51c    00000018                      : PowerCC32XX.oem4 (.text:Power_idleFunc)
                  2000e534    00000018     rtsv7M4_T_le_eabi.lib : ll_mul_t2.asm.obj (.text)
                  2000e54c    00000016     driverlib.a : prcm.obj (.text:PRCMHIBRegRead)
                  2000e562    00000016                 : prcm.obj (.text:PRCMHIBRegWrite)
                  2000e578    00000014                 : cpu.obj (.text:CPUcpsid)
                  2000e58c    00000014                 : interrupt.obj (.text:IntVTableBaseSet)
                  2000e5a0    00000014     drivers_cc32xx.a : PWM.oem4 (.text:PWM_Params_init)
                  2000e5b4    00000014                      : PowerCC32XX.oem4 (.text:Power_getDependencyCount)
                  2000e5c8    00000012     main_nortos.obj (.text:main)
                  2000e5da    00000012     drivers_cc32xx.a : PWMTimerCC32XX.oem4 (.text:postNotifyFxn)
                  2000e5ec    00000010     ti_drivers_config.obj (.text:Board_init)
                  2000e5fc    00000010     nortos_cc32xx.a : ClockPSysTick_nortos.oem4 (.text:ClockP_add)
                  2000e60c    00000010                     : ClockPSysTick_nortos.oem4 (.text:ClockP_getCpuFreq)
                  2000e61c    00000010                     : ClockPSysTick_nortos.oem4 (.text:ClockP_getSystemTicks)
                  2000e62c    00000010                     : ClockPSysTick_nortos.oem4 (.text:ClockP_setTicks)
                  2000e63c    00000010                     : HwiPCC32XX_nortos.oem4 (.text:HwiP_restore)
                  2000e64c    00000010     drivers_cc32xx.a : PowerCC32XX.oem4 (.text:Power_enablePolicy)
                  2000e65c    00000010     nortos_cc32xx.a : SemaphoreP_nortos.oem4 (.text:SemaphoreP_Params_init)
                  2000e66c    0000000e                     : HwiPCC32XX_nortos.oem4 (.text:HwiP_disable)
                  2000e67a    0000000e                     : HwiPCC32XX_nortos.oem4 (.text:HwiP_enable)
                  2000e688    0000000e     rtsv7M4_T_le_eabi.lib : copy_decompress_none.c.obj (.text:decompress:none:__TI_decompress_none)
                  2000e696    00000002     nortos_cc32xx.a : SemaphoreP_nortos.oem4 (.text:SemaphoreP_destruct)
                  2000e698    0000000c     drivers_cc32xx.a : PowerCC32XX.oem4 (.text:Power_getConstraintMask)
                  2000e6a4    0000000a     nortos_cc32xx.a : ClockPSysTick_nortos.oem4 (.text:ClockP_isActive)
                  2000e6ae    0000000a     driverlib.a : interrupt.obj (.text:IntMasterDisable)
                  2000e6b8    0000000a     drivers_cc32xx.a : PWM.oem4 (.text:PWM_setDuty)
                  2000e6c2    0000000a                      : PWM.oem4 (.text:PWM_start)
                  2000e6cc    00000006                      : PWMTimerCC32XX.oem4 (.text:PWMTimerCC32XX_control)
                  2000e6d2    00000006     driverlib.a : utils.obj (.text:UtilsDelay)
                  2000e6d8    00000004     nortos_cc32xx.a : HwiPCC32XX_nortos.oem4 (.text:HwiP_post)
                  2000e6dc    00000004     rtsv7M4_T_le_eabi.lib : pre_init.c.obj (.text:_system_pre_init)
                  2000e6e0    00000004                           : exit.c.obj (.text:abort:abort)
                  2000e6e4    00000002     nortos_cc32xx.a : startup_cc32xx_ccs.oem4 (.text:busFaultHandler)
                  2000e6e6    00000002                     : SemaphoreP_nortos.oem4 (.text:clkFxn)
                  2000e6e8    00000002                     : startup_cc32xx_ccs.oem4 (.text:defaultHandler)
                  2000e6ea    00000002                     : startup_cc32xx_ccs.oem4 (.text:faultISR)
                  2000e6ec    00000002                     : startup_cc32xx_ccs.oem4 (.text:nmiISR)
                  2000e6ee    00000002     rtsv7M4_T_le_eabi.lib : div0.asm.obj (.text)

.const     0    2000e6f0    000002c3     
                  2000e6f0    00000100     driverlib.a : pin.obj (.const:g_ulPinToPadMap)
                  2000e7f0    000000a8                 : prcm.obj (.const:PRCM_PeriphRegsList)
                  2000e898    00000044     ti_drivers_config.obj (.const:PowerCC32XX_config)
                  2000e8dc    00000024     drivers_cc32xx.a : PWMTimerCC32XX.oem4 (.const:PWMTimerCC32XX_fxnTable)
                  2000e900    00000020                      : PWMTimerCC32XX.oem4 (.const:gpioPinIndexes)
                  2000e920    00000018     ti_drivers_config.obj (.const:PWM_config)
                  2000e938    00000018     drivers_cc32xx.a : PWM.oem4 (.const:PWM_defaultParams)
                  2000e950    00000018     driverlib.a : interrupt.obj (.const:g_pulEnRegs)
                  2000e968    00000018                 : interrupt.obj (.const:g_pulPendRegs)
                  2000e980    00000010     drivers_cc32xx.a : PWMTimerCC32XX.oem4 (.const:gpioBaseAddresses)
                  2000e990    00000010                      : PWMTimerCC32XX.oem4 (.const:timerBaseAddresses)
                  2000e9a0    00000008     ti_drivers_config.obj (.const:pwmTimerCC32XXHWAttrs)
                  2000e9a8    00000008     drivers_cc32xx.a : PWMTimerCC32XX.oem4 (.const:timerHalves)
                  2000e9b0    00000003     ti_drivers_config.obj (.const)

.cinit     0    2000edd8    000000d8     
                  2000edd8    000000b0     (.cinit..data.load) [load image, compression = lzss]
                  2000ee88    0000000c     (__TI_handler_table)
                  2000ee94    00000004     --HOLE-- [fill = 0]
                  2000ee98    00000008     (.cinit..bss.load) [load image, compression = zero_init]
                  2000eea0    00000010     (__TI_cinit_table)

.init_array 
*          0    20004000    00000000     UNINITIALIZED

.ramVecs   0    20000000    0000030c     NOLOAD SECTION
                  20000000    0000030c     nortos_cc32xx.a : startup_cc32xx_ccs.oem4 (.ramVecs)

.stack     0    20003000    00001000     UNINITIALIZED
                  20003000    00000004     rtsv7M4_T_le_eabi.lib : boot_cortex_m.c.obj (.stack)
                  20003004    00000ffc     --HOLE--

.resetVecs 
*          0    20004000    00000040     
                  20004000    00000040     nortos_cc32xx.a : startup_cc32xx_ccs.oem4 (.resetVecs:retain)

.sysmem    0    20004040    00008000     UNINITIALIZED
                  20004040    00000010     rtsv7M4_T_le_eabi.lib : memory.c.obj (.sysmem)
                  20004050    00007ff0     --HOLE--

.data      0    2000e9b4    0000027d     UNINITIALIZED
                  2000e9b4    0000016c     drivers_cc32xx.a : PowerCC32XX.oem4 (.data:PowerCC32XX_module)
                  2000eb20    000000f8     ti_drivers_config.obj (.data:parkInfo)
                  2000ec18    00000008     nortos_cc32xx.a : SemaphoreP_nortos.oem4 (.data:SemaphoreP_defaultParams)
                  2000ec20    00000008                     : HwiPCC32XX_nortos.oem4 (.data)
                  2000ec28    00000005                     : ClockPSysTick_nortos.oem4 (.data)
                  2000ec2d    00000003                     : SemaphoreP_nortos.oem4 (.data)
                  2000ec30    00000001     drivers_cc32xx.a : PWM.oem4 (.data)

.bss       0    2000ec38    0000019c     UNINITIALIZED
                  2000ec38    0000012c     (.common:PowerCC32XX_contextSave)
                  2000ed64    00000048     (.common:pwmTimerCC32XXObjects)
                  2000edac    00000004     nortos_cc32xx.a : ClockPSysTick_nortos.oem4 (.bss)
                  2000edb0    00000010     (.common:ClockP_ctrl)
                  2000edc0    0000000d                     : SwiP_nortos.oem4 (.bss)
                  2000edcd    00000003     --HOLE--
                  2000edd0    00000004     drivers_cc32xx.a : TimerCC32XX.oem4 (.bss:timerState)

.log_data 
*          0    90000000    00000000     COPY SECTION

__llvm_prf_cnts 
*          0    20004000    00000000     UNINITIALIZED

MODULE SUMMARY

       Module                       code   ro data   rw data
       ------                       ----   -------   -------
    .\
       pwmled2.obj                  264    0         0      
       main_nortos.obj              18     0         0      
    +--+----------------------------+------+---------+---------+
       Total:                       282    0         0      
                                                            
    .\syscfg\
       ti_drivers_config.obj        18     103       320    
    +--+----------------------------+------+---------+---------+
       Total:                       18     103       320    
                                                            
    C:/ti/simplelink_cc32xx_sdk_4_30_00_06/kernel/nortos/lib/ccs/m4/nortos_cc32xx.a
       startup_cc32xx_ccs.oem4      90     64        780    
       ClockPSysTick_nortos.oem4    786    0         25     
       PowerCC32XX_nortos.oem4      472    0         0      
       SemaphoreP_nortos.oem4       260    0         11     
       SwiP_nortos.oem4             96     0         13     
       HwiPCC32XX_nortos.oem4       48     0         8      
    +--+----------------------------+------+---------+---------+
       Total:                       1752   64        837    
                                                            
    C:/ti/simplelink_cc32xx_sdk_4_30_00_06/source/ti/devices/cc32xx/driverlib/ccs/Release/driverlib.a
       prcm.obj                     1604   168       0      
       pin.obj                      280    256       0      
       interrupt.obj                334    48        0      
       flash.obj                    72     0         0      
       cpu.obj                      20     0         0      
       utils.obj                    6      0         0      
    +--+----------------------------+------+---------+---------+
       Total:                       2316   472       0      
                                                            
    C:/ti/simplelink_cc32xx_sdk_4_30_00_06/source/ti/drivers/lib/ccs/m4/drivers_cc32xx.a
       PowerCC32XX.oem4             2280   0         664    
       PWMTimerCC32XX.oem4          1732   108       0      
       PWM.oem4                     172    24        1      
       TimerCC32XX.oem4             184    0         4      
       PowerCC32XX_asm.oem4         150    0         0      
       List.oem4                    76     0         0      
    +--+----------------------------+------+---------+---------+
       Total:                       4594   132       669    
                                                            
    C:\ti\ccs1271\ccs\tools\compiler\ti-cgt-arm_20.2.7.LTS\lib\rtsv7M4_T_le_eabi.lib
       fd_mul_t2.asm.obj            252    0         0      
       memcpy_t2.asm.obj            156    0         0      
       ull_div_t2.asm.obj           150    0         0      
       copy_decompress_lzss.c.obj   104    0         0      
       autoinit.c.obj               68     0         0      
       fd_tou_t2.asm.obj            68     0         0      
       boot_cortex_m.c.obj          36     0         0      
       u_tofd_t2.asm.obj            32     0         0      
       copy_zero_init.c.obj         28     0         0      
       ll_mul_t2.asm.obj            24     0         0      
       copy_decompress_none.c.obj   14     0         0      
       exit.c.obj                   4      0         0      
       pre_init.c.obj               4      0         0      
       div0.asm.obj                 2      0         0      
    +--+----------------------------+------+---------+---------+
       Total:                       942    0         0      
                                                            
       Heap:                        0      0         32768  
       Stack:                       0      0         4096   
       Linker Generated:            0      212       0      
    +--+----------------------------+------+---------+---------+
       Grand Total:                 9904   983       38690  


LINKER GENERATED COPY TABLES

__TI_cinit_table @ 2000eea0 records: 2, size/record: 8, table size: 16
	.data: load addr=2000edd8, load size=000000b0 bytes, run addr=2000e9b4, run size=0000027d bytes, compression=lzss
	.bss: load addr=2000ee98, load size=00000008 bytes, run addr=2000ec38, run size=0000019c bytes, compression=zero_init


LINKER GENERATED HANDLER TABLE

__TI_handler_table @ 2000ee88 records: 3, size/record: 4, table size: 12
	index: 0, handler: __TI_decompress_lzss
	index: 1, handler: __TI_decompress_none
	index: 2, handler: __TI_zero_init


GLOBAL SYMBOLS: SORTED ALPHABETICALLY BY Name 

address   name                             
-------   ----                             
2000e5ed  Board_init                       
2000d357  Board_initHook                   
2000e6e1  C$$EXIT                          
2000e9b0  CONFIG_PWM_0_CONST               
2000e9b1  CONFIG_PWM_1_CONST               
2000e579  CPUcpsid                         
2000e5fd  ClockP_add                       
2000edb0  ClockP_ctrl                      
2000e041  ClockP_destruct                  
2000da5d  ClockP_doTick                    
2000e60d  ClockP_getCpuFreq                
2000e61d  ClockP_getSystemTicks            
2000e20d  ClockP_getTicksUntilInterrupt    
2000e6a5  ClockP_isActive                  
2000e62d  ClockP_setTicks                  
2000e311  ClockP_start                     
2000e241  ClockP_startup                   
2000dde5  ClockP_stop                      
2000da5d  ClockP_sysTickHandler            
2000ec28  ClockP_tickPeriod                
2000dc7d  ClockP_usleep                    
2000dcc5  FlashDisable                     
2000e66d  HwiP_disable                     
2000e67b  HwiP_enable                      
2000ec20  HwiP_key                         
2000e6d9  HwiP_post                        
2000e63d  HwiP_restore                     
2000ec24  HwiP_swiPIntNum                  
UNDEFED   ITM_flush                        
UNDEFED   ITM_restore                      
2000cef9  IntEnable                        
2000e6af  IntMasterDisable                 
2000d3e9  IntPendSet                       
2000e58d  IntVTableBaseSet                 
2000e3c1  List_put                         
2000e3e7  List_remove                      
2000e67b  NoRTOS_start                     
2000c041  PRCMCC3200MCUInit                
2000e54d  PRCMHIBRegRead                   
2000e563  PRCMHIBRegWrite                  
2000dd0d  PRCMLPDSEnter                    
2000e12d  PRCMLPDSEnterKeepDebugIf         
2000de29  PRCMLPDSRestoreInfoSet           
2000e371  PRCMPeripheralClkDisable         
2000dd55  PRCMPeripheralClkEnable          
2000d959  PRCMPeripheralReset              
2000d83d  PRCMSysResetCauseGet             
2000d471  PWMTimerCC32XX_close             
2000e6cd  PWMTimerCC32XX_control           
2000e8dc  PWMTimerCC32XX_fxnTable          
2000da5b  PWMTimerCC32XX_init              
2000cbcd  PWMTimerCC32XX_open              
2000ce41  PWMTimerCC32XX_setDuty           
2000c751  PWMTimerCC32XX_setDutyAndPeriod  
2000d229  PWMTimerCC32XX_setPeriod         
2000d709  PWMTimerCC32XX_start             
2000ccbd  PWMTimerCC32XX_stop              
2000e5a1  PWM_Params_init                  
2000e920  PWM_config                       
2000e9b2  PWM_count                        
2000e938  PWM_defaultParams                
2000de6d  PWM_init                         
2000dfc1  PWM_open                         
2000e6b9  PWM_setDuty                      
2000e6c3  PWM_start                        
2000d4f9  PinConfigSet                     
2000e275  PinModeGet                       
2000e001  PinModeSet                       
2000e495  PinToPadGet                      
2000e898  PowerCC32XX_config               
2000cfa1  PowerCC32XX_configureWakeup      
2000ec38  PowerCC32XX_contextSave          
2000deb1  PowerCC32XX_enterLPDS            
2000e503  PowerCC32XX_initPolicy           
2000e9b4  PowerCC32XX_module               
2000db4d  PowerCC32XX_parkPin              
2000e341  PowerCC32XX_restoreParkedPin     
2000da09  PowerCC32XX_resumeLPDS           
2000d7d9  PowerCC32XX_setParkState         
2000c46d  PowerCC32XX_sleepPolicy          
2000e64d  Power_enablePolicy               
2000e699  Power_getConstraintMask          
2000e5b5  Power_getDependencyCount         
2000e505  Power_getTransitionLatency       
2000e51d  Power_idleFunc                   
2000d581  Power_init                       
2000e399  Power_registerNotify             
2000dd9d  Power_releaseConstraint          
2000d9b1  Power_releaseDependency          
2000e07d  Power_setConstraint              
2000d689  Power_setDependency              
2000c891  Power_sleep                      
2000e455  Power_unregisterNotify           
2000e65d  SemaphoreP_Params_init           
2000daad  SemaphoreP_construct             
2000ec18  SemaphoreP_defaultParams         
2000e697  SemaphoreP_destruct              
2000d0ed  SemaphoreP_pend                  
2000e4b1  SwiP_disable                     
2000def5  SwiP_restore                     
2000dafd  TimerCC32XX_allocateTimerResource
2000e2a9  TimerCC32XX_freeTimerResource    
2000e6d3  UtilsDelay                       
20004000  __STACK_END                      
00001000  __STACK_SIZE                     
00008000  __SYSMEM_SIZE                    
2000eea0  __TI_CINIT_Base                  
2000eeb0  __TI_CINIT_Limit                 
2000ee88  __TI_Handler_Table_Base          
2000ee94  __TI_Handler_Table_Limit         
2000df39  __TI_auto_init_nobinit_nopinit   
2000d771  __TI_decompress_lzss             
2000e689  __TI_decompress_none             
ffffffff  __TI_pprof_out_hndl              
ffffffff  __TI_prof_data_size              
ffffffff  __TI_prof_data_start             
2000edd8  __TI_static_base__               
2000e4cd  __TI_zero_init_nomemset          
2000df7d  __aeabi_d2uiz                    
2000cad1  __aeabi_dmul                     
2000e6ef  __aeabi_idiv0                    
2000e6ef  __aeabi_ldiv0                    
2000e535  __aeabi_lmul                     
2000d18d  __aeabi_memcpy                   
2000d18d  __aeabi_memcpy4                  
2000d18d  __aeabi_memcpy8                  
2000e475  __aeabi_ui2d                     
2000d2c1  __aeabi_uldivmod                 
ffffffff  __binit__                        
ffffffff  __c_args__                       
UNDEFED   __mpu_init                       
20003000  __stack                          
20004000  __start___llvm_prf_cnts          
20004000  __stop___llvm_prf_cnts           
2000e40d  _c_int00_noargs                  
20004040  _sys_memory                      
UNDEFED   _system_post_cinit               
2000e6dd  _system_pre_init                 
2000e6e1  abort                            
ffffffff  binit                            
2000e6e7  clkFxn                           
2000e19d  initVectors                      
2000e5c9  main                             
2000c9c9  mainThread                       
2000d18d  memcpy                           
2000eb20  parkInfo                         
2000e9a0  pwmTimerCC32XXHWAttrs            
2000ed64  pwmTimerCC32XXObjects            
2000e4e9  resetISR                         
2000e4fc  resetVectorAddr                  
20004000  resetVectors                     
2000dc7d  usleep                           


GLOBAL SYMBOLS: SORTED BY Symbol Address 

address   name                             
-------   ----                             
00001000  __STACK_SIZE                     
00008000  __SYSMEM_SIZE                    
20003000  __stack                          
20004000  __STACK_END                      
20004000  __start___llvm_prf_cnts          
20004000  __stop___llvm_prf_cnts           
20004000  resetVectors                     
20004040  _sys_memory                      
2000c041  PRCMCC3200MCUInit                
2000c46d  PowerCC32XX_sleepPolicy          
2000c751  PWMTimerCC32XX_setDutyAndPeriod  
2000c891  Power_sleep                      
2000c9c9  mainThread                       
2000cad1  __aeabi_dmul                     
2000cbcd  PWMTimerCC32XX_open              
2000ccbd  PWMTimerCC32XX_stop              
2000ce41  PWMTimerCC32XX_setDuty           
2000cef9  IntEnable                        
2000cfa1  PowerCC32XX_configureWakeup      
2000d0ed  SemaphoreP_pend                  
2000d18d  __aeabi_memcpy                   
2000d18d  __aeabi_memcpy4                  
2000d18d  __aeabi_memcpy8                  
2000d18d  memcpy                           
2000d229  PWMTimerCC32XX_setPeriod         
2000d2c1  __aeabi_uldivmod                 
2000d357  Board_initHook                   
2000d3e9  IntPendSet                       
2000d471  PWMTimerCC32XX_close             
2000d4f9  PinConfigSet                     
2000d581  Power_init                       
2000d689  Power_setDependency              
2000d709  PWMTimerCC32XX_start             
2000d771  __TI_decompress_lzss             
2000d7d9  PowerCC32XX_setParkState         
2000d83d  PRCMSysResetCauseGet             
2000d959  PRCMPeripheralReset              
2000d9b1  Power_releaseDependency          
2000da09  PowerCC32XX_resumeLPDS           
2000da5b  PWMTimerCC32XX_init              
2000da5d  ClockP_doTick                    
2000da5d  ClockP_sysTickHandler            
2000daad  SemaphoreP_construct             
2000dafd  TimerCC32XX_allocateTimerResource
2000db4d  PowerCC32XX_parkPin              
2000dc7d  ClockP_usleep                    
2000dc7d  usleep                           
2000dcc5  FlashDisable                     
2000dd0d  PRCMLPDSEnter                    
2000dd55  PRCMPeripheralClkEnable          
2000dd9d  Power_releaseConstraint          
2000dde5  ClockP_stop                      
2000de29  PRCMLPDSRestoreInfoSet           
2000de6d  PWM_init                         
2000deb1  PowerCC32XX_enterLPDS            
2000def5  SwiP_restore                     
2000df39  __TI_auto_init_nobinit_nopinit   
2000df7d  __aeabi_d2uiz                    
2000dfc1  PWM_open                         
2000e001  PinModeSet                       
2000e041  ClockP_destruct                  
2000e07d  Power_setConstraint              
2000e12d  PRCMLPDSEnterKeepDebugIf         
2000e19d  initVectors                      
2000e20d  ClockP_getTicksUntilInterrupt    
2000e241  ClockP_startup                   
2000e275  PinModeGet                       
2000e2a9  TimerCC32XX_freeTimerResource    
2000e311  ClockP_start                     
2000e341  PowerCC32XX_restoreParkedPin     
2000e371  PRCMPeripheralClkDisable         
2000e399  Power_registerNotify             
2000e3c1  List_put                         
2000e3e7  List_remove                      
2000e40d  _c_int00_noargs                  
2000e455  Power_unregisterNotify           
2000e475  __aeabi_ui2d                     
2000e495  PinToPadGet                      
2000e4b1  SwiP_disable                     
2000e4cd  __TI_zero_init_nomemset          
2000e4e9  resetISR                         
2000e4fc  resetVectorAddr                  
2000e503  PowerCC32XX_initPolicy           
2000e505  Power_getTransitionLatency       
2000e51d  Power_idleFunc                   
2000e535  __aeabi_lmul                     
2000e54d  PRCMHIBRegRead                   
2000e563  PRCMHIBRegWrite                  
2000e579  CPUcpsid                         
2000e58d  IntVTableBaseSet                 
2000e5a1  PWM_Params_init                  
2000e5b5  Power_getDependencyCount         
2000e5c9  main                             
2000e5ed  Board_init                       
2000e5fd  ClockP_add                       
2000e60d  ClockP_getCpuFreq                
2000e61d  ClockP_getSystemTicks            
2000e62d  ClockP_setTicks                  
2000e63d  HwiP_restore                     
2000e64d  Power_enablePolicy               
2000e65d  SemaphoreP_Params_init           
2000e66d  HwiP_disable                     
2000e67b  HwiP_enable                      
2000e67b  NoRTOS_start                     
2000e689  __TI_decompress_none             
2000e697  SemaphoreP_destruct              
2000e699  Power_getConstraintMask          
2000e6a5  ClockP_isActive                  
2000e6af  IntMasterDisable                 
2000e6b9  PWM_setDuty                      
2000e6c3  PWM_start                        
2000e6cd  PWMTimerCC32XX_control           
2000e6d3  UtilsDelay                       
2000e6d9  HwiP_post                        
2000e6dd  _system_pre_init                 
2000e6e1  C$$EXIT                          
2000e6e1  abort                            
2000e6e7  clkFxn                           
2000e6ef  __aeabi_idiv0                    
2000e6ef  __aeabi_ldiv0                    
2000e898  PowerCC32XX_config               
2000e8dc  PWMTimerCC32XX_fxnTable          
2000e920  PWM_config                       
2000e938  PWM_defaultParams                
2000e9a0  pwmTimerCC32XXHWAttrs            
2000e9b0  CONFIG_PWM_0_CONST               
2000e9b1  CONFIG_PWM_1_CONST               
2000e9b2  PWM_count                        
2000e9b4  PowerCC32XX_module               
2000eb20  parkInfo                         
2000ec18  SemaphoreP_defaultParams         
2000ec20  HwiP_key                         
2000ec24  HwiP_swiPIntNum                  
2000ec28  ClockP_tickPeriod                
2000ec38  PowerCC32XX_contextSave          
2000ed64  pwmTimerCC32XXObjects            
2000edb0  ClockP_ctrl                      
2000edd8  __TI_static_base__               
2000ee88  __TI_Handler_Table_Base          
2000ee94  __TI_Handler_Table_Limit         
2000eea0  __TI_CINIT_Base                  
2000eeb0  __TI_CINIT_Limit                 
ffffffff  __TI_pprof_out_hndl              
ffffffff  __TI_prof_data_size              
ffffffff  __TI_prof_data_start             
ffffffff  __binit__                        
ffffffff  __c_args__                       
ffffffff  binit                            
UNDEFED   ITM_flush                        
UNDEFED   ITM_restore                      
UNDEFED   __mpu_init                       
UNDEFED   _system_post_cinit               

[152 symbols]
