******************************************************************************
                  TI ARM Linker PC v20.2.7                     
******************************************************************************
>> Linked Sun Jul 21 20:51:39 2024

OUTPUT FILE NAME:   <uartecho_CC3220S_LAUNCHXL_nortos_ccs.out>
ENTRY POINT SYMBOL: "resetISR"  address: 2000f2e1


MEMORY CONFIGURATION

         name            origin    length      used     unused   attr    fill
----------------------  --------  ---------  --------  --------  ----  --------
  SRAM2                 20000000   00004000  0000130c  00002cf4  RW X
  SRAM                  20004000   0003c000  0000c342  0002fcbe  RW X
  LOG_DATA              90000000   00040000  00000000  00040000  R   


SEGMENT ALLOCATION MAP

run origin  load origin   length   init length attrs members
----------  ----------- ---------- ----------- ----- -------
20003000    20003000    00001000   00000000    rw-
  20003000    20003000    00001000   00000000    rw- .stack
20004000    20004000    00000040   00000040    r--
  20004000    20004000    00000040   00000040    r-- .resetVecs
20004040    20004040    00008000   00000000    rw-
  20004040    20004040    00008000   00000000    rw- .sysmem
2000c040    2000c040    000035b4   000035b4    r-x
  2000c040    2000c040    000035b4   000035b4    r-x .text
2000f5f4    2000f5f4    000005ac   00000000    rw-
  2000f5f4    2000f5f4    000005ac   00000000    rw- .data
2000fba0    2000fba0    0000048e   0000048e    r--
  2000fba0    2000fba0    0000048e   0000048e    r-- .const
20010030    20010030    0000022c   00000000    rw-
  20010030    20010030    0000022c   00000000    rw- .bss
20010260    20010260    000000e8   000000e8    r--
  20010260    20010260    000000e8   000000e8    r-- .cinit


SECTION ALLOCATION MAP

 output                                  attributes/
section   page    origin      length       input sections
--------  ----  ----------  ----------   ----------------
.text      0    2000c040    000035b4     
                  2000c040    0000042c     driverlib.a : prcm.obj (.text:PRCMCC3200MCUInit)
                  2000c46c    00000288     drivers_cc32xx.a : UARTCC32XX.oem4 (.text:UARTCC32XX_open)
                  2000c6f4    000001e4                      : GPIOCC32XX.oem4 (.text:GPIO_setConfig)
                  2000c8d8    0000019c     nortos_cc32xx.a : PowerCC32XX_nortos.oem4 (.text:PowerCC32XX_sleepPolicy)
                  2000ca74    00000148     drivers_cc32xx.a : PowerCC32XX.oem4 (.text:parkPins)
                  2000cbbc    00000138                      : PowerCC32XX.oem4 (.text:Power_sleep)
                  2000ccf4    00000120                      : UARTCC32XX.oem4 (.text:UARTCC32XX_close)
                  2000ce14    00000108     uartecho.obj (.text:mainThread)
                  2000cf1c    00000100     rtsv7M4_T_le_eabi.lib : memory.c.obj (.text:aligned_alloc)
                  2000d01c    000000f2     drivers_cc32xx.a : UARTCC32XX.oem4 (.text:UARTCC32XX_control)
                  2000d10e    00000002     ti_drivers_config.obj (.text:Board_initHook)
                  2000d110    000000e4     rtsv7M4_T_le_eabi.lib : memory.c.obj (.text:free)
                  2000d1f4    000000ca     drivers_cc32xx.a : UARTCC32XX.oem4 (.text:UARTCC32XX_write)
                  2000d2be    00000002     nortos_cc32xx.a : PowerCC32XX_nortos.oem4 (.text:PowerCC32XX_initPolicy)
                  2000d2c0    000000c4     drivers_cc32xx.a : GPIOCC32XX.oem4 (.text:GPIO_init)
                  2000d384    000000c0                      : PowerCC32XX.oem4 (.text:restoreParkedPins)
                  2000d444    000000ba                      : UARTCC32XX.oem4 (.text:UARTCC32XX_readPolling)
                  2000d4fe    00000002                      : UARTCC32XX.oem4 (.text:UARTCC32XX_init)
                  2000d500    000000b8                      : UARTCC32XX.oem4 (.text:initHw)
                  2000d5b8    000000b6                      : UARTCC32XX.oem4 (.text:readTaskCallback)
                  2000d66e    000000b0                      : UARTCC32XX.oem4 (.text:readTaskBlocking)
                  2000d71e    000000ae                      : UARTCC32XX.oem4 (.text:readIsrTextBlocking)
                  2000d7cc    000000a8     driverlib.a : interrupt.obj (.text:IntEnable)
                  2000d874    000000a8     drivers_cc32xx.a : PowerCC32XX.oem4 (.text:PowerCC32XX_configureWakeup)
                  2000d91c    000000a2                      : UARTCC32XX.oem4 (.text:readIsrTextCallback)
                  2000d9be    000000a2                      : UARTCC32XX.oem4 (.text:writeData)
                  2000da60    000000a0     nortos_cc32xx.a : SemaphoreP_nortos.oem4 (.text:SemaphoreP_pend)
                  2000db00    0000009c     rtsv7M4_T_le_eabi.lib : memcpy_t2.asm.obj (.text)
                  2000db9c    00000098     drivers_cc32xx.a : GPIOCC32XX.oem4 (.text:powerNotifyFxn)
                  2000dc34    00000096     rtsv7M4_T_le_eabi.lib : ull_div_t2.asm.obj (.text)
                  2000dcca    00000002                           : _lock.c.obj (.text:_nop)
                  2000dccc    00000090     drivers_cc32xx.a : PowerCC32XX.oem4 (.text:restoreNVICRegs)
                  2000dd5c    0000008c     nortos_cc32xx.a : HwiPCC32XX_nortos.oem4 (.text:HwiP_construct)
                  2000dde8    00000088     driverlib.a : interrupt.obj (.text:IntPendSet)
                  2000de70    00000088                 : pin.obj (.text:PinConfigSet)
                  2000def8    00000084     drivers_cc32xx.a : PowerCC32XX.oem4 (.text:Power_init)
                  2000df7c    00000084                      : PowerCC32XX.oem4 (.text:saveNVICRegs)
                  2000e000    00000080                      : PowerCC32XX.oem4 (.text:Power_setDependency)
                  2000e080    0000007c                      : UARTCC32XX.oem4 (.text:readIsrBinaryBlocking)
                  2000e0fc    00000078                      : GPIOCC32XX.oem4 (.text:GPIO_hwiIntFxn)
                  2000e174    00000078                      : UARTCC32XX.oem4 (.text:readIsrBinaryCallback)
                  2000e1ec    00000074                      : UARTCC32XX.oem4 (.text:UARTCC32XX_hwiIntFxn)
                  2000e260    00000070     rtsv7M4_T_le_eabi.lib : memory.c.obj (.text:split)
                  2000e2d0    00000068                           : copy_decompress_lzss.c.obj (.text:decompress:lzss:__TI_decompress_lzss)
                  2000e338    00000066     drivers_cc32xx.a : UARTCC32XX.oem4 (.text:UARTCC32XX_writeCancel)
                  2000e39e    00000002     nortos_cc32xx.a : startup_cc32xx_ccs.oem4 (.text:busFaultHandler)
                  2000e3a0    00000064     drivers_cc32xx.a : PowerCC32XX.oem4 (.text:PowerCC32XX_setParkState)
                  2000e404    00000062                      : UARTCC32XX.oem4 (.text:UARTCC32XX_writePolling)
                  2000e466    00000002     nortos_cc32xx.a : SemaphoreP_nortos.oem4 (.text:clkFxn)
                  2000e468    00000060     driverlib.a : prcm.obj (.text:PRCMSysResetCauseGet)
                  2000e4c8    0000005c     drivers_cc32xx.a : GPIOCC32XX.oem4 (.text:GPIO_setCallback)
                  2000e524    0000005c     nortos_cc32xx.a : ClockPSysTick_nortos.oem4 (.text:sysTickInit)
                  2000e580    00000058     drivers_cc32xx.a : GPIOCC32XX.oem4 (.text:GPIO_write)
                  2000e5d8    00000058     driverlib.a : prcm.obj (.text:PRCMPeripheralReset)
                  2000e630    00000058     drivers_cc32xx.a : PowerCC32XX.oem4 (.text:Power_releaseDependency)
                  2000e688    00000054                      : UARTCC32XX.oem4 (.text:ringBufGet)
                  2000e6dc    00000052                      : PowerCC32XX_asm.oem4 (.text:PowerCC32XX_resumeLPDS)
                  2000e72e    00000002     nortos_cc32xx.a : startup_cc32xx_ccs.oem4 (.text:defaultHandler)
                  2000e730    00000050                     : ClockPSysTick_nortos.oem4 (.text:ClockP_sysTickHandler)
                  2000e780    00000050                     : SemaphoreP_nortos.oem4 (.text:SemaphoreP_construct)
                  2000e7d0    0000004c     drivers_cc32xx.a : GPIOCC32XX.oem4 (.text:GPIO_enableInt)
                  2000e81c    0000004c                      : PowerCC32XX.oem4 (.text:PowerCC32XX_parkPin)
                  2000e868    0000004c                      : PowerCC32XX.oem4 (.text:restorePeriphClocks)
                  2000e8b4    00000048     driverlib.a : flash.obj (.text:FlashDisable)
                  2000e8fc    00000048                 : prcm.obj (.text:PRCMLPDSEnter)
                  2000e944    00000048                 : prcm.obj (.text:PRCMPeripheralClkEnable)
                  2000e98c    00000048     drivers_cc32xx.a : PowerCC32XX.oem4 (.text:Power_releaseConstraint)
                  2000e9d4    00000046                      : RingBuf.oem4 (.text:RingBuf_put)
                  2000ea1a    00000002     nortos_cc32xx.a : startup_cc32xx_ccs.oem4 (.text:faultISR)
                  2000ea1c    00000044                     : ClockPSysTick_nortos.oem4 (.text:ClockP_stop)
                  2000ea60    00000044     driverlib.a : prcm.obj (.text:PRCMLPDSRestoreInfoSet)
                  2000eaa4    00000044     drivers_cc32xx.a : PowerCC32XX_asm.oem4 (.text:PowerCC32XX_enterLPDS)
                  2000eae8    00000044     nortos_cc32xx.a : SemaphoreP_nortos.oem4 (.text:SemaphoreP_post)
                  2000eb2c    00000044                     : SwiP_nortos.oem4 (.text:SwiP_restore)
                  2000eb70    00000044     drivers_cc32xx.a : UART.oem4 (.text:UART_init)
                  2000ebb4    00000044     rtsv7M4_T_le_eabi.lib : autoinit.c.obj (.text:__TI_auto_init_nobinit_nopinit:__TI_auto_init_nobinit_nopinit)
                  2000ebf8    00000040     nortos_cc32xx.a : ClockPSysTick_nortos.oem4 (.text:ClockP_construct)
                  2000ec38    00000040     driverlib.a : pin.obj (.text:PinModeSet)
                  2000ec78    00000040     drivers_cc32xx.a : RingBuf.oem4 (.text:RingBuf_get)
                  2000ecb8    00000040                      : UARTCC32XX.oem4 (.text:UARTCC32XX_read)
                  2000ecf8    00000040                      : UART.oem4 (.text:UART_open)
                  2000ed38    0000003c     nortos_cc32xx.a : ClockPSysTick_nortos.oem4 (.text:ClockP_destruct)
                  2000ed74    0000003c     drivers_cc32xx.a : PowerCC32XX.oem4 (.text:Power_setConstraint)
                  2000edb0    0000003a     nortos_cc32xx.a : PowerCC32XX_nortos.oem4 (.text:getCountsRTC)
                  2000edea    00000002                     : startup_cc32xx_ccs.oem4 (.text:nmiISR)
                  2000edec    00000038     driverlib.a : prcm.obj (.text:PRCMLPDSEnterKeepDebugIf)
                  2000ee24    00000038     nortos_cc32xx.a : ClockPSysTick_nortos.oem4 (.text:addToList)
                  2000ee5c    00000038                     : startup_cc32xx_ccs.oem4 (.text:initVectors)
                  2000ee94    00000038     drivers_cc32xx.a : PowerCC32XX.oem4 (.text:notify)
                  2000eecc    00000036                      : UARTCC32XX.oem4 (.text:UARTCC32XX_readCancel)
                  2000ef02    00000002     rtsv7M4_T_le_eabi.lib : div0.asm.obj (.text)
                  2000ef04    00000034     nortos_cc32xx.a : ClockPSysTick_nortos.oem4 (.text:ClockP_getTicksUntilInterrupt)
                  2000ef38    00000034                     : ClockPSysTick_nortos.oem4 (.text:ClockP_startup)
                  2000ef6c    00000034     driverlib.a : pin.obj (.text:PinModeGet)
                  2000efa0    00000034     drivers_cc32xx.a : PowerCC32XX.oem4 (.text:PowerCC32XX_restoreParkState)
                  2000efd4    00000030     nortos_cc32xx.a : ClockPSysTick_nortos.oem4 (.text:ClockP_start)
                  2000f004    00000030     drivers_cc32xx.a : PowerCC32XX.oem4 (.text:PowerCC32XX_restoreParkedPin)
                  2000f034    0000002c                      : PowerCC32XX.oem4 (.text:PowerCC32XX_getParkState)
                  2000f060    0000002a     nortos_cc32xx.a : HwiPCC32XX_nortos.oem4 (.text:HwiP_create)
                  2000f08a    00000002     --HOLE-- [fill = 0]
                  2000f08c    00000028     driverlib.a : prcm.obj (.text:PRCMPeripheralClkDisable)
                  2000f0b4    00000028     drivers_cc32xx.a : PowerCC32XX.oem4 (.text:Power_registerNotify)
                  2000f0dc    00000028     rtsv7M4_T_le_eabi.lib : memory.c.obj (.text:free_list_insert)
                  2000f104    00000026     drivers_cc32xx.a : List.oem4 (.text:List_put)
                  2000f12a    00000026                      : List.oem4 (.text:List_remove)
                  2000f150    00000024     nortos_cc32xx.a : HwiPCC32XX_nortos.oem4 (.text:HwiP_dispatch)
                  2000f174    00000024     drivers_cc32xx.a : PowerCC32XX.oem4 (.text:PowerCC32XX_reset)
                  2000f198    00000024     rtsv7M4_T_le_eabi.lib : boot_cortex_m.c.obj (.text:_c_int00_noargs:_c_int00_noargs)
                  2000f1bc    00000020     nortos_cc32xx.a : HwiPCC32XX_nortos.oem4 (.text:HwiP_destruct)
                  2000f1dc    00000020     drivers_cc32xx.a : PowerCC32XX.oem4 (.text:Power_unregisterNotify)
                  2000f1fc    00000020                      : RingBuf.oem4 (.text:RingBuf_peek)
                  2000f21c    00000020                      : UARTCC32XX.oem4 (.text:getPowerMgrId)
                  2000f23c    0000001c     driverlib.a : pin.obj (.text:PinToPadGet)
                  2000f258    0000001c     nortos_cc32xx.a : SwiP_nortos.oem4 (.text:SwiP_disable)
                  2000f274    0000001c     rtsv7M4_T_le_eabi.lib : copy_zero_init.c.obj (.text:decompress:ZI:__TI_zero_init_nomemset:__TI_zero_init_nomemset)
                  2000f290    0000001c                           : memory.c.obj (.text:free_list_remove)
                  2000f2ac    0000001a     nortos_cc32xx.a : ClockPSysTick_nortos.oem4 (.text:ClockP_create)
                  2000f2c6    0000001a                     : SemaphoreP_nortos.oem4 (.text:SemaphoreP_createBinary)
                  2000f2e0    0000001a                     : startup_cc32xx_ccs.oem4 (.text:resetISR)
                  2000f2fa    00000002     --HOLE-- [fill = 0]
                  2000f2fc    00000018     drivers_cc32xx.a : PowerCC32XX.oem4 (.text:Power_getTransitionLatency)
                  2000f314    00000018                      : PowerCC32XX.oem4 (.text:Power_idleFunc)
                  2000f32c    00000018     driverlib.a : uart.obj (.text:UARTBusy)
                  2000f344    00000018                 : uart.obj (.text:UARTIntEnable)
                  2000f35c    00000018     drivers_cc32xx.a : UART.oem4 (.text:UART_Params_init)
                  2000f374    00000018     rtsv7M4_T_le_eabi.lib : ll_mul_t2.asm.obj (.text)
                  2000f38c    00000016     driverlib.a : prcm.obj (.text:PRCMHIBRegRead)
                  2000f3a2    00000016                 : prcm.obj (.text:PRCMHIBRegWrite)
                  2000f3b8    00000016     nortos_cc32xx.a : SemaphoreP_nortos.oem4 (.text:SemaphoreP_create)
                  2000f3ce    00000014     driverlib.a : cpu.obj (.text:CPUcpsid)
                  2000f3e2    00000002     --HOLE-- [fill = 0]
                  2000f3e4    00000014     nortos_cc32xx.a : HwiPCC32XX_nortos.oem4 (.text:HwiP_inISR)
                  2000f3f8    00000014     driverlib.a : interrupt.obj (.text:IntVTableBaseSet)
                  2000f40c    00000014     drivers_cc32xx.a : PowerCC32XX.oem4 (.text:Power_disablePolicy)
                  2000f420    00000014                      : PowerCC32XX.oem4 (.text:Power_getDependencyCount)
                  2000f434    00000014                      : UARTCC32XX.oem4 (.text:releasePowerConstraint)
                  2000f448    00000012     nortos_cc32xx.a : HwiPCC32XX_nortos.oem4 (.text:HwiP_Params_init)
                  2000f45a    00000012     drivers_cc32xx.a : RingBuf.oem4 (.text:RingBuf_construct)
                  2000f46c    00000012     main_nortos.obj (.text:main)
                  2000f47e    00000010     ti_drivers_config.obj (.text:Board_init)
                  2000f48e    00000010     nortos_cc32xx.a : ClockPSysTick_nortos.oem4 (.text:ClockP_add)
                  2000f49e    00000010                     : ClockPSysTick_nortos.oem4 (.text:ClockP_delete)
                  2000f4ae    00000002     --HOLE-- [fill = 0]
                  2000f4b0    00000010                     : ClockPSysTick_nortos.oem4 (.text:ClockP_getCpuFreq)
                  2000f4c0    00000010                     : ClockPSysTick_nortos.oem4 (.text:ClockP_getSystemTicks)
                  2000f4d0    00000010                     : ClockPSysTick_nortos.oem4 (.text:ClockP_setTicks)
                  2000f4e0    00000010                     : HwiPCC32XX_nortos.oem4 (.text:HwiP_delete)
                  2000f4f0    00000010                     : HwiPCC32XX_nortos.oem4 (.text:HwiP_restore)
                  2000f500    00000010     drivers_cc32xx.a : PowerCC32XX.oem4 (.text:Power_enablePolicy)
                  2000f510    00000010     nortos_cc32xx.a : SemaphoreP_nortos.oem4 (.text:SemaphoreP_Params_init)
                  2000f520    00000010     drivers_cc32xx.a : UARTCC32XX.oem4 (.text:readBlockingTimeout)
                  2000f530    00000010     rtsv7M4_T_le_eabi.lib : toupper.c.obj (.text:toupper)
                  2000f540    0000000e     nortos_cc32xx.a : HwiPCC32XX_nortos.oem4 (.text:HwiP_disable)
                  2000f54e    0000000e                     : HwiPCC32XX_nortos.oem4 (.text:HwiP_enable)
                  2000f55c    0000000e     drivers_cc32xx.a : RingBuf.oem4 (.text:RingBuf_isFull)
                  2000f56a    0000000e     rtsv7M4_T_le_eabi.lib : copy_decompress_none.c.obj (.text:decompress:none:__TI_decompress_none)
                  2000f578    0000000c     drivers_cc32xx.a : PowerCC32XX.oem4 (.text:Power_getConstraintMask)
                  2000f584    0000000c                      : UARTCC32XX.oem4 (.text:postNotifyFxn)
                  2000f590    0000000a     nortos_cc32xx.a : ClockPSysTick_nortos.oem4 (.text:ClockP_Params_init)
                  2000f59a    0000000a                     : ClockPSysTick_nortos.oem4 (.text:ClockP_isActive)
                  2000f5a4    0000000a     driverlib.a : interrupt.obj (.text:IntMasterDisable)
                  2000f5ae    0000000a     drivers_cc32xx.a : UART.oem4 (.text:UART_read)
                  2000f5b8    0000000a                      : UART.oem4 (.text:UART_write)
                  2000f5c2    00000008     rtsv7M4_T_le_eabi.lib : memory.c.obj (.text:malloc)
                  2000f5ca    00000008     drivers_cc32xx.a : UARTCC32XX.oem4 (.text:readSemCallback)
                  2000f5d2    00000008                      : UARTCC32XX.oem4 (.text:writeSemCallback)
                  2000f5da    00000006     driverlib.a : utils.obj (.text:UtilsDelay)
                  2000f5e0    00000004     nortos_cc32xx.a : ClockPSysTick_nortos.oem4 (.text:ClockP_setTimeout)
                  2000f5e4    00000004                     : HwiPCC32XX_nortos.oem4 (.text:HwiP_post)
                  2000f5e8    00000004                     : SemaphoreP_nortos.oem4 (.text:SemaphoreP_delete)
                  2000f5ec    00000004     rtsv7M4_T_le_eabi.lib : pre_init.c.obj (.text:_system_pre_init)
                  2000f5f0    00000004                           : exit.c.obj (.text:abort:abort)

.const     0    2000fba0    0000048e     
                  2000fba0    00000101     rtsv7M4_T_le_eabi.lib : ctype.c.obj (.const:.string:_ctypes_)
                  2000fca1    00000003     ti_drivers_config.obj (.const)
                  2000fca4    00000100     driverlib.a : pin.obj (.const:g_ulPinToPadMap)
                  2000fda4    000000a8                 : prcm.obj (.const:PRCM_PeriphRegsList)
                  2000fe4c    00000044     ti_drivers_config.obj (.const:PowerCC32XX_config)
                  2000fe90    00000028     drivers_cc32xx.a : UARTCC32XX.oem4 (.const:UARTCC32XX_fxnTable)
                  2000feb8    00000025     uartecho.obj (.const:.string:$P$T0$1)
                  2000fedd    00000003     --HOLE-- [fill = 0]
                  2000fee0    00000024     drivers_cc32xx.a : UART.oem4 (.const:UART_defaultParams)
                  2000ff04    00000024     ti_drivers_config.obj (.const:uartCC32XXHWAttrs0)
                  2000ff28    00000021     drivers_cc32xx.a : GPIOCC32XX.oem4 (.const:.string:pinTable)
                  2000ff49    00000003     --HOLE-- [fill = 0]
                  2000ff4c    00000020                      : UARTCC32XX.oem4 (.const:staticFxnTable)
                  2000ff6c    00000018     driverlib.a : interrupt.obj (.const:g_pulEnRegs)
                  2000ff84    00000018                 : interrupt.obj (.const:g_pulPendRegs)
                  2000ff9c    00000014     ti_drivers_config.obj (.const:GPIOCC32XX_config)
                  2000ffb0    00000014     drivers_cc32xx.a : GPIOCC32XX.oem4 (.const:gpioBaseAddresses)
                  2000ffc4    00000014                      : UARTCC32XX.oem4 (.const:parityType)
                  2000ffd8    00000014                      : GPIOCC32XX.oem4 (.const:powerResources)
                  2000ffec    00000010                      : UARTCC32XX.oem4 (.const:dataLength)
                  2000fffc    0000000c     ti_drivers_config.obj (.const:UART_config)
                  20010008    00000008     drivers_cc32xx.a : GPIOCC32XX.oem4 (.const:outPinTypes)
                  20010010    00000008                      : UARTCC32XX.oem4 (.const:stopBits)
                  20010018    00000006                      : GPIOCC32XX.oem4 (.const:.string:interruptType)
                  2001001e    00000006                      : GPIOCC32XX.oem4 (.const:inPinTypes)
                  20010024    00000006                      : GPIOCC32XX.oem4 (.const:outPinStrengths)
                  2001002a    00000004                      : GPIOCC32XX.oem4 (.const:.string:portInterruptIds)

.cinit     0    20010260    000000e8     
                  20010260    000000be     (.cinit..data.load) [load image, compression = lzss]
                  2001031e    00000002     --HOLE-- [fill = 0]
                  20010320    0000000c     (__TI_handler_table)
                  2001032c    00000004     --HOLE-- [fill = 0]
                  20010330    00000008     (.cinit..bss.load) [load image, compression = zero_init]
                  20010338    00000010     (__TI_cinit_table)

.init_array 
*          0    20004000    00000000     UNINITIALIZED

.ramVecs   0    20000000    0000030c     NOLOAD SECTION
                  20000000    0000030c     nortos_cc32xx.a : startup_cc32xx_ccs.oem4 (.ramVecs)

.stack     0    20003000    00001000     UNINITIALIZED
                  20003000    00000004     rtsv7M4_T_le_eabi.lib : boot_cortex_m.c.obj (.stack)
                  20003004    00000ffc     --HOLE--

.resetVecs 
*          0    20004000    00000040     
                  20004000    00000040     nortos_cc32xx.a : startup_cc32xx_ccs.oem4 (.resetVecs:retain)

.sysmem    0    20004040    00008000     UNINITIALIZED
                  20004040    00000010     rtsv7M4_T_le_eabi.lib : memory.c.obj (.sysmem)
                  20004050    00007ff0     --HOLE--

.data      0    2000f5f4    000005ac     UNINITIALIZED
                  2000f5f4    0000030c     nortos_cc32xx.a : HwiPCC32XX_nortos.oem4 (.data:HwiP_dispatchTable)
                  2000f900    0000016c     drivers_cc32xx.a : PowerCC32XX.oem4 (.data:PowerCC32XX_module)
                  2000fa6c    000000f8     ti_drivers_config.obj (.data:parkInfo)
                  2000fb64    00000009     drivers_cc32xx.a : GPIOCC32XX.oem4 (.data)
                  2000fb6d    00000003     nortos_cc32xx.a : SemaphoreP_nortos.oem4 (.data)
                  2000fb70    00000008     rtsv7M4_T_le_eabi.lib : _lock.c.obj (.data:$O1$$)
                  2000fb78    00000008                           : memory.c.obj (.data:$O1$$)
                  2000fb80    00000008     nortos_cc32xx.a : SemaphoreP_nortos.oem4 (.data:SemaphoreP_defaultParams)
                  2000fb88    00000008                     : HwiPCC32XX_nortos.oem4 (.data)
                  2000fb90    00000005                     : ClockPSysTick_nortos.oem4 (.data)
                  2000fb95    00000001     drivers_cc32xx.a : UART.oem4 (.data)
                  2000fb96    00000002     --HOLE--
                  2000fb98    00000004     ti_drivers_config.obj (.data:gpioCallbackFunctions)
                  2000fb9c    00000004     ti_drivers_config.obj (.data:gpioPinConfigs)

.bss       0    20010030    0000022c     UNINITIALIZED
                  20010030    0000012c     (.common:PowerCC32XX_contextSave)
                  2001015c    00000084     (.common:uartCC32XXObjects0)
                  200101e0    00000020     drivers_cc32xx.a : GPIOCC32XX.oem4 (.bss:gpioCallbackInfo)
                  20010200    00000020     ti_drivers_config.obj (.bss:uartCC32XXRingBuffer0)
                  20010220    00000014     drivers_cc32xx.a : GPIOCC32XX.oem4 (.bss:powerNotifyObj)
                  20010234    00000004                      : GPIOCC32XX.oem4 (.bss)
                  20010238    00000010     (.common:ClockP_ctrl)
                  20010248    0000000d     nortos_cc32xx.a : SwiP_nortos.oem4 (.bss)
                  20010255    00000003     --HOLE--
                  20010258    00000004                     : ClockPSysTick_nortos.oem4 (.bss)

.log_data 
*          0    90000000    00000000     COPY SECTION

__llvm_prf_cnts 
*          0    20004000    00000000     UNINITIALIZED

MODULE SUMMARY

       Module                       code    ro data   rw data
       ------                       ----    -------   -------
    .\
       uartecho.obj                 264     37        0      
       main_nortos.obj              18      0         0      
    +--+----------------------------+-------+---------+---------+
       Total:                       282     37        0      
                                                             
    .\syscfg\
       ti_drivers_config.obj        18      139       420    
    +--+----------------------------+-------+---------+---------+
       Total:                       18      139       420    
                                                             
    C:/ti/simplelink_cc32xx_sdk_4_30_00_06/kernel/nortos/lib/ccs/m4/nortos_cc32xx.a
       HwiPCC32XX_nortos.oem4       352     0         788    
       startup_cc32xx_ccs.oem4      90      64        780    
       ClockPSysTick_nortos.oem4    702     0         25     
       PowerCC32XX_nortos.oem4      472     0         0      
       SemaphoreP_nortos.oem4       378     0         11     
       SwiP_nortos.oem4             96      0         13     
    +--+----------------------------+-------+---------+---------+
       Total:                       2090    64        1617   
                                                             
    C:/ti/simplelink_cc32xx_sdk_4_30_00_06/source/ti/devices/cc32xx/driverlib/ccs/Release/driverlib.a
       prcm.obj                     1604    168       0      
       pin.obj                      280     256       0      
       interrupt.obj                334     48        0      
       flash.obj                    72      0         0      
       uart.obj                     48      0         0      
       cpu.obj                      20      0         0      
       utils.obj                    6       0         0      
    +--+----------------------------+-------+---------+---------+
       Total:                       2364    472       0      
                                                             
    C:/ti/simplelink_cc32xx_sdk_4_30_00_06/source/ti/drivers/lib/ccs/m4/drivers_cc32xx.a
       UARTCC32XX.oem4              3466    116       0      
       PowerCC32XX.oem4             2432    0         664    
       GPIOCC32XX.oem4              1208    103       65     
       UART.oem4                    176     36        1      
       RingBuf.oem4                 198     0         0      
       PowerCC32XX_asm.oem4         150     0         0      
       List.oem4                    76      0         0      
    +--+----------------------------+-------+---------+---------+
       Total:                       7706    255       730    
                                                             
    C:\ti\ccs1271\ccs\tools\compiler\ti-cgt-arm_20.2.7.LTS\lib\rtsv7M4_T_le_eabi.lib
       memory.c.obj                 672     0         8      
       ctype.c.obj                  0       257       0      
       memcpy_t2.asm.obj            156     0         0      
       ull_div_t2.asm.obj           150     0         0      
       copy_decompress_lzss.c.obj   104     0         0      
       autoinit.c.obj               68      0         0      
       boot_cortex_m.c.obj          36      0         0      
       copy_zero_init.c.obj         28      0         0      
       ll_mul_t2.asm.obj            24      0         0      
       toupper.c.obj                16      0         0      
       copy_decompress_none.c.obj   14      0         0      
       _lock.c.obj                  2       0         8      
       exit.c.obj                   4       0         0      
       pre_init.c.obj               4       0         0      
       div0.asm.obj                 2       0         0      
    +--+----------------------------+-------+---------+---------+
       Total:                       1280    257       16     
                                                             
       Heap:                        0       0         32768  
       Stack:                       0       0         4096   
       Linker Generated:            0       226       0      
    +--+----------------------------+-------+---------+---------+
       Grand Total:                 13740   1450      39647  


LINKER GENERATED COPY TABLES

__TI_cinit_table @ 20010338 records: 2, size/record: 8, table size: 16
	.data: load addr=20010260, load size=000000be bytes, run addr=2000f5f4, run size=000005ac bytes, compression=lzss
	.bss: load addr=20010330, load size=00000008 bytes, run addr=20010030, run size=0000022c bytes, compression=zero_init


LINKER GENERATED HANDLER TABLE

__TI_handler_table @ 20010320 records: 3, size/record: 4, table size: 12
	index: 0, handler: __TI_decompress_lzss
	index: 1, handler: __TI_decompress_none
	index: 2, handler: __TI_zero_init


GLOBAL SYMBOLS: SORTED ALPHABETICALLY BY Name 

address   name                          
-------   ----                          
2000f47f  Board_init                    
2000d10f  Board_initHook                
2000f5f1  C$$EXIT                       
2000fca1  CONFIG_GPIO_LED_0_CONST       
2000fca2  CONFIG_UART_0_CONST           
2000f3cf  CPUcpsid                      
2000f591  ClockP_Params_init            
2000f48f  ClockP_add                    
2000ebf9  ClockP_construct              
2000f2ad  ClockP_create                 
20010238  ClockP_ctrl                   
2000f49f  ClockP_delete                 
2000ed39  ClockP_destruct               
2000e731  ClockP_doTick                 
2000f4b1  ClockP_getCpuFreq             
2000f4c1  ClockP_getSystemTicks         
2000ef05  ClockP_getTicksUntilInterrupt 
2000f59b  ClockP_isActive               
2000f4d1  ClockP_setTicks               
2000f5e1  ClockP_setTimeout             
2000efd5  ClockP_start                  
2000ef39  ClockP_startup                
2000ea1d  ClockP_stop                   
2000e731  ClockP_sysTickHandler         
2000fb90  ClockP_tickPeriod             
2000e8b5  FlashDisable                  
2000ff9c  GPIOCC32XX_config             
2000e7d1  GPIO_enableInt                
2000e0fd  GPIO_hwiIntFxn                
2000d2c1  GPIO_init                     
2000e4c9  GPIO_setCallback              
2000c6f5  GPIO_setConfig                
2000e581  GPIO_write                    
2000f449  HwiP_Params_init              
2000dd5d  HwiP_construct                
2000f061  HwiP_create                   
2000f4e1  HwiP_delete                   
2000f1bd  HwiP_destruct                 
2000f541  HwiP_disable                  
2000f151  HwiP_dispatch                 
2000f54f  HwiP_enable                   
2000f3e5  HwiP_inISR                    
2000fb88  HwiP_key                      
2000f5e5  HwiP_post                     
2000f4f1  HwiP_restore                  
2000fb8c  HwiP_swiPIntNum               
UNDEFED   ITM_flush                     
UNDEFED   ITM_restore                   
2000d7cd  IntEnable                     
2000f5a5  IntMasterDisable              
2000dde9  IntPendSet                    
2000f3f9  IntVTableBaseSet              
2000f105  List_put                      
2000f12b  List_remove                   
2000f54f  NoRTOS_start                  
2000c041  PRCMCC3200MCUInit             
2000f38d  PRCMHIBRegRead                
2000f3a3  PRCMHIBRegWrite               
2000e8fd  PRCMLPDSEnter                 
2000eded  PRCMLPDSEnterKeepDebugIf      
2000ea61  PRCMLPDSRestoreInfoSet        
2000f08d  PRCMPeripheralClkDisable      
2000e945  PRCMPeripheralClkEnable       
2000e5d9  PRCMPeripheralReset           
2000e469  PRCMSysResetCauseGet          
2000de71  PinConfigSet                  
2000ef6d  PinModeGet                    
2000ec39  PinModeSet                    
2000f23d  PinToPadGet                   
2000fe4c  PowerCC32XX_config            
2000d875  PowerCC32XX_configureWakeup   
20010030  PowerCC32XX_contextSave       
2000eaa5  PowerCC32XX_enterLPDS         
2000f035  PowerCC32XX_getParkState      
2000d2bf  PowerCC32XX_initPolicy        
2000f900  PowerCC32XX_module            
2000e81d  PowerCC32XX_parkPin           
2000f175  PowerCC32XX_reset             
2000efa1  PowerCC32XX_restoreParkState  
2000f005  PowerCC32XX_restoreParkedPin  
2000e6dd  PowerCC32XX_resumeLPDS        
2000e3a1  PowerCC32XX_setParkState      
2000c8d9  PowerCC32XX_sleepPolicy       
2000f40d  Power_disablePolicy           
2000f501  Power_enablePolicy            
2000f579  Power_getConstraintMask       
2000f421  Power_getDependencyCount      
2000f2fd  Power_getTransitionLatency    
2000f315  Power_idleFunc                
2000def9  Power_init                    
2000f0b5  Power_registerNotify          
2000e98d  Power_releaseConstraint       
2000e631  Power_releaseDependency       
2000ed75  Power_setConstraint           
2000e001  Power_setDependency           
2000cbbd  Power_sleep                   
2000f1dd  Power_unregisterNotify        
2000f45b  RingBuf_construct             
2000ec79  RingBuf_get                   
2000f55d  RingBuf_isFull                
2000f1fd  RingBuf_peek                  
2000e9d5  RingBuf_put                   
2000f511  SemaphoreP_Params_init        
2000e781  SemaphoreP_construct          
2000f3b9  SemaphoreP_create             
2000f2c7  SemaphoreP_createBinary       
2000fb80  SemaphoreP_defaultParams      
2000f5e9  SemaphoreP_delete             
2000da61  SemaphoreP_pend               
2000eae9  SemaphoreP_post               
2000f259  SwiP_disable                  
2000eb2d  SwiP_restore                  
2000f32d  UARTBusy                      
2000ccf5  UARTCC32XX_close              
2000d01d  UARTCC32XX_control            
2000fe90  UARTCC32XX_fxnTable           
2000d4ff  UARTCC32XX_init               
2000c46d  UARTCC32XX_open               
2000ecb9  UARTCC32XX_read               
2000eecd  UARTCC32XX_readCancel         
2000d445  UARTCC32XX_readPolling        
2000d1f5  UARTCC32XX_write              
2000e339  UARTCC32XX_writeCancel        
2000e405  UARTCC32XX_writePolling       
2000f345  UARTIntEnable                 
2000f35d  UART_Params_init              
2000fffc  UART_config                   
2000fca3  UART_count                    
2000fee0  UART_defaultParams            
2000eb71  UART_init                     
2000ecf9  UART_open                     
2000f5af  UART_read                     
2000f5b9  UART_write                    
2000f5db  UtilsDelay                    
20004000  __STACK_END                   
00001000  __STACK_SIZE                  
00008000  __SYSMEM_SIZE                 
20010338  __TI_CINIT_Base               
20010348  __TI_CINIT_Limit              
20010320  __TI_Handler_Table_Base       
2001032c  __TI_Handler_Table_Limit      
2000ebb5  __TI_auto_init_nobinit_nopinit
2000e2d1  __TI_decompress_lzss          
2000f56b  __TI_decompress_none          
ffffffff  __TI_pprof_out_hndl           
ffffffff  __TI_prof_data_size           
ffffffff  __TI_prof_data_start          
20010260  __TI_static_base__            
2000f275  __TI_zero_init_nomemset       
2000ef03  __aeabi_idiv0                 
2000ef03  __aeabi_ldiv0                 
2000f375  __aeabi_lmul                  
2000db01  __aeabi_memcpy                
2000db01  __aeabi_memcpy4               
2000db01  __aeabi_memcpy8               
2000dc35  __aeabi_uldivmod              
ffffffff  __binit__                     
ffffffff  __c_args__                    
UNDEFED   __mpu_init                    
20003000  __stack                       
20004000  __start___llvm_prf_cnts       
20004000  __stop___llvm_prf_cnts        
2000f199  _c_int00_noargs               
2000fba0  _ctypes_                      
2000fb70  _lock                         
2000dccb  _nop                          
20004040  _sys_memory                   
UNDEFED   _system_post_cinit            
2000f5ed  _system_pre_init              
2000fb74  _unlock                       
2000f5f1  abort                         
2000cf1d  aligned_alloc                 
ffffffff  binit                         
2000e467  clkFxn                        
2000d111  free                          
2000fb98  gpioCallbackFunctions         
2000fb9c  gpioPinConfigs                
2001001e  inPinTypes                    
2000ee5d  initVectors                   
2000f46d  main                          
2000ce15  mainThread                    
2000f5c3  malloc                        
2000cf1d  memalign                      
2000db01  memcpy                        
20010024  outPinStrengths               
20010008  outPinTypes                   
2000fa6c  parkInfo                      
2000f2e1  resetISR                      
2000f2f4  resetVectorAddr               
20004000  resetVectors                  
2000f531  toupper                       
2001015c  uartCC32XXObjects0            


GLOBAL SYMBOLS: SORTED BY Symbol Address 

address   name                          
-------   ----                          
00001000  __STACK_SIZE                  
00008000  __SYSMEM_SIZE                 
20003000  __stack                       
20004000  __STACK_END                   
20004000  __start___llvm_prf_cnts       
20004000  __stop___llvm_prf_cnts        
20004000  resetVectors                  
20004040  _sys_memory                   
2000c041  PRCMCC3200MCUInit             
2000c46d  UARTCC32XX_open               
2000c6f5  GPIO_setConfig                
2000c8d9  PowerCC32XX_sleepPolicy       
2000cbbd  Power_sleep                   
2000ccf5  UARTCC32XX_close              
2000ce15  mainThread                    
2000cf1d  aligned_alloc                 
2000cf1d  memalign                      
2000d01d  UARTCC32XX_control            
2000d10f  Board_initHook                
2000d111  free                          
2000d1f5  UARTCC32XX_write              
2000d2bf  PowerCC32XX_initPolicy        
2000d2c1  GPIO_init                     
2000d445  UARTCC32XX_readPolling        
2000d4ff  UARTCC32XX_init               
2000d7cd  IntEnable                     
2000d875  PowerCC32XX_configureWakeup   
2000da61  SemaphoreP_pend               
2000db01  __aeabi_memcpy                
2000db01  __aeabi_memcpy4               
2000db01  __aeabi_memcpy8               
2000db01  memcpy                        
2000dc35  __aeabi_uldivmod              
2000dccb  _nop                          
2000dd5d  HwiP_construct                
2000dde9  IntPendSet                    
2000de71  PinConfigSet                  
2000def9  Power_init                    
2000e001  Power_setDependency           
2000e0fd  GPIO_hwiIntFxn                
2000e2d1  __TI_decompress_lzss          
2000e339  UARTCC32XX_writeCancel        
2000e3a1  PowerCC32XX_setParkState      
2000e405  UARTCC32XX_writePolling       
2000e467  clkFxn                        
2000e469  PRCMSysResetCauseGet          
2000e4c9  GPIO_setCallback              
2000e581  GPIO_write                    
2000e5d9  PRCMPeripheralReset           
2000e631  Power_releaseDependency       
2000e6dd  PowerCC32XX_resumeLPDS        
2000e731  ClockP_doTick                 
2000e731  ClockP_sysTickHandler         
2000e781  SemaphoreP_construct          
2000e7d1  GPIO_enableInt                
2000e81d  PowerCC32XX_parkPin           
2000e8b5  FlashDisable                  
2000e8fd  PRCMLPDSEnter                 
2000e945  PRCMPeripheralClkEnable       
2000e98d  Power_releaseConstraint       
2000e9d5  RingBuf_put                   
2000ea1d  ClockP_stop                   
2000ea61  PRCMLPDSRestoreInfoSet        
2000eaa5  PowerCC32XX_enterLPDS         
2000eae9  SemaphoreP_post               
2000eb2d  SwiP_restore                  
2000eb71  UART_init                     
2000ebb5  __TI_auto_init_nobinit_nopinit
2000ebf9  ClockP_construct              
2000ec39  PinModeSet                    
2000ec79  RingBuf_get                   
2000ecb9  UARTCC32XX_read               
2000ecf9  UART_open                     
2000ed39  ClockP_destruct               
2000ed75  Power_setConstraint           
2000eded  PRCMLPDSEnterKeepDebugIf      
2000ee5d  initVectors                   
2000eecd  UARTCC32XX_readCancel         
2000ef03  __aeabi_idiv0                 
2000ef03  __aeabi_ldiv0                 
2000ef05  ClockP_getTicksUntilInterrupt 
2000ef39  ClockP_startup                
2000ef6d  PinModeGet                    
2000efa1  PowerCC32XX_restoreParkState  
2000efd5  ClockP_start                  
2000f005  PowerCC32XX_restoreParkedPin  
2000f035  PowerCC32XX_getParkState      
2000f061  HwiP_create                   
2000f08d  PRCMPeripheralClkDisable      
2000f0b5  Power_registerNotify          
2000f105  List_put                      
2000f12b  List_remove                   
2000f151  HwiP_dispatch                 
2000f175  PowerCC32XX_reset             
2000f199  _c_int00_noargs               
2000f1bd  HwiP_destruct                 
2000f1dd  Power_unregisterNotify        
2000f1fd  RingBuf_peek                  
2000f23d  PinToPadGet                   
2000f259  SwiP_disable                  
2000f275  __TI_zero_init_nomemset       
2000f2ad  ClockP_create                 
2000f2c7  SemaphoreP_createBinary       
2000f2e1  resetISR                      
2000f2f4  resetVectorAddr               
2000f2fd  Power_getTransitionLatency    
2000f315  Power_idleFunc                
2000f32d  UARTBusy                      
2000f345  UARTIntEnable                 
2000f35d  UART_Params_init              
2000f375  __aeabi_lmul                  
2000f38d  PRCMHIBRegRead                
2000f3a3  PRCMHIBRegWrite               
2000f3b9  SemaphoreP_create             
2000f3cf  CPUcpsid                      
2000f3e5  HwiP_inISR                    
2000f3f9  IntVTableBaseSet              
2000f40d  Power_disablePolicy           
2000f421  Power_getDependencyCount      
2000f449  HwiP_Params_init              
2000f45b  RingBuf_construct             
2000f46d  main                          
2000f47f  Board_init                    
2000f48f  ClockP_add                    
2000f49f  ClockP_delete                 
2000f4b1  ClockP_getCpuFreq             
2000f4c1  ClockP_getSystemTicks         
2000f4d1  ClockP_setTicks               
2000f4e1  HwiP_delete                   
2000f4f1  HwiP_restore                  
2000f501  Power_enablePolicy            
2000f511  SemaphoreP_Params_init        
2000f531  toupper                       
2000f541  HwiP_disable                  
2000f54f  HwiP_enable                   
2000f54f  NoRTOS_start                  
2000f55d  RingBuf_isFull                
2000f56b  __TI_decompress_none          
2000f579  Power_getConstraintMask       
2000f591  ClockP_Params_init            
2000f59b  ClockP_isActive               
2000f5a5  IntMasterDisable              
2000f5af  UART_read                     
2000f5b9  UART_write                    
2000f5c3  malloc                        
2000f5db  UtilsDelay                    
2000f5e1  ClockP_setTimeout             
2000f5e5  HwiP_post                     
2000f5e9  SemaphoreP_delete             
2000f5ed  _system_pre_init              
2000f5f1  C$$EXIT                       
2000f5f1  abort                         
2000f900  PowerCC32XX_module            
2000fa6c  parkInfo                      
2000fb70  _lock                         
2000fb74  _unlock                       
2000fb80  SemaphoreP_defaultParams      
2000fb88  HwiP_key                      
2000fb8c  HwiP_swiPIntNum               
2000fb90  ClockP_tickPeriod             
2000fb98  gpioCallbackFunctions         
2000fb9c  gpioPinConfigs                
2000fba0  _ctypes_                      
2000fca1  CONFIG_GPIO_LED_0_CONST       
2000fca2  CONFIG_UART_0_CONST           
2000fca3  UART_count                    
2000fe4c  PowerCC32XX_config            
2000fe90  UARTCC32XX_fxnTable           
2000fee0  UART_defaultParams            
2000ff9c  GPIOCC32XX_config             
2000fffc  UART_config                   
20010008  outPinTypes                   
2001001e  inPinTypes                    
20010024  outPinStrengths               
20010030  PowerCC32XX_contextSave       
2001015c  uartCC32XXObjects0            
20010238  ClockP_ctrl                   
20010260  __TI_static_base__            
20010320  __TI_Handler_Table_Base       
2001032c  __TI_Handler_Table_Limit      
20010338  __TI_CINIT_Base               
20010348  __TI_CINIT_Limit              
ffffffff  __TI_pprof_out_hndl           
ffffffff  __TI_prof_data_size           
ffffffff  __TI_prof_data_start          
ffffffff  __binit__                     
ffffffff  __c_args__                    
ffffffff  binit                         
UNDEFED   ITM_flush                     
UNDEFED   ITM_restore                   
UNDEFED   __mpu_init                    
UNDEFED   _system_post_cinit            

[192 symbols]
