<?xml version="1.0" encoding="ISO-8859-1" ?>
<link_info>
   <banner>TI ARM Linker PC v20.2.7.LTS</banner>
   <copyright>Copyright (c) 1996-2018 Texas Instruments Incorporated</copyright>
   <link_time>0x669dad1b</link_time>
   <link_errors>0x0</link_errors>
   <output_file>uartecho_CC3220S_LAUNCHXL_nortos_ccs.out</output_file>
   <entry_point>
      <name>resetISR</name>
      <address>0x2000f2e1</address>
   </entry_point>
   <input_file_list>
      <input_file id="fl-2">
         <path>.\</path>
         <kind>object</kind>
         <file>main_nortos.obj</file>
         <name>main_nortos.obj</name>
      </input_file>
      <input_file id="fl-3">
         <path>.\</path>
         <kind>object</kind>
         <file>uartecho.obj</file>
         <name>uartecho.obj</name>
      </input_file>
      <input_file id="fl-4">
         <path>.\syscfg\</path>
         <kind>object</kind>
         <file>ti_drivers_config.obj</file>
         <name>ti_drivers_config.obj</name>
      </input_file>
      <input_file id="fl-d">
         <kind>object</kind>
         <file>&lt;internal&gt;</file>
         <name>&lt;internal&gt;</name>
      </input_file>
      <input_file id="fl-e">
         <path>C:\ti\simplelink_cc32xx_sdk_4_30_00_06\source\ti\drivers\lib\ccs\m4\</path>
         <kind>archive</kind>
         <file>drivers_cc32xx.a</file>
         <name>UART.oem4</name>
      </input_file>
      <input_file id="fl-f">
         <path>C:\ti\simplelink_cc32xx_sdk_4_30_00_06\source\ti\drivers\lib\ccs\m4\</path>
         <kind>archive</kind>
         <file>drivers_cc32xx.a</file>
         <name>GPIOCC32XX.oem4</name>
      </input_file>
      <input_file id="fl-10">
         <path>C:\ti\simplelink_cc32xx_sdk_4_30_00_06\source\ti\drivers\lib\ccs\m4\</path>
         <kind>archive</kind>
         <file>drivers_cc32xx.a</file>
         <name>PowerCC32XX.oem4</name>
      </input_file>
      <input_file id="fl-11">
         <path>C:\ti\simplelink_cc32xx_sdk_4_30_00_06\source\ti\drivers\lib\ccs\m4\</path>
         <kind>archive</kind>
         <file>drivers_cc32xx.a</file>
         <name>PowerCC32XX_asm.oem4</name>
      </input_file>
      <input_file id="fl-12">
         <path>C:\ti\simplelink_cc32xx_sdk_4_30_00_06\source\ti\drivers\lib\ccs\m4\</path>
         <kind>archive</kind>
         <file>drivers_cc32xx.a</file>
         <name>UARTCC32XX.oem4</name>
      </input_file>
      <input_file id="fl-13">
         <path>C:\ti\simplelink_cc32xx_sdk_4_30_00_06\source\ti\drivers\lib\ccs\m4\</path>
         <kind>archive</kind>
         <file>drivers_cc32xx.a</file>
         <name>List.oem4</name>
      </input_file>
      <input_file id="fl-14">
         <path>C:\ti\simplelink_cc32xx_sdk_4_30_00_06\source\ti\drivers\lib\ccs\m4\</path>
         <kind>archive</kind>
         <file>drivers_cc32xx.a</file>
         <name>RingBuf.oem4</name>
      </input_file>
      <input_file id="fl-15">
         <path>C:\ti\simplelink_cc32xx_sdk_4_30_00_06\kernel\nortos\lib\ccs\m4\</path>
         <kind>archive</kind>
         <file>nortos_cc32xx.a</file>
         <name>NoRTOS.oem4</name>
      </input_file>
      <input_file id="fl-16">
         <path>C:\ti\simplelink_cc32xx_sdk_4_30_00_06\kernel\nortos\lib\ccs\m4\</path>
         <kind>archive</kind>
         <file>nortos_cc32xx.a</file>
         <name>SemaphoreP_nortos.oem4</name>
      </input_file>
      <input_file id="fl-17">
         <path>C:\ti\simplelink_cc32xx_sdk_4_30_00_06\kernel\nortos\lib\ccs\m4\</path>
         <kind>archive</kind>
         <file>nortos_cc32xx.a</file>
         <name>ClockPSysTick_nortos.oem4</name>
      </input_file>
      <input_file id="fl-18">
         <path>C:\ti\simplelink_cc32xx_sdk_4_30_00_06\kernel\nortos\lib\ccs\m4\</path>
         <kind>archive</kind>
         <file>nortos_cc32xx.a</file>
         <name>HwiPCC32XX_nortos.oem4</name>
      </input_file>
      <input_file id="fl-19">
         <path>C:\ti\simplelink_cc32xx_sdk_4_30_00_06\kernel\nortos\lib\ccs\m4\</path>
         <kind>archive</kind>
         <file>nortos_cc32xx.a</file>
         <name>PowerCC32XX_nortos.oem4</name>
      </input_file>
      <input_file id="fl-1a">
         <path>C:\ti\simplelink_cc32xx_sdk_4_30_00_06\kernel\nortos\lib\ccs\m4\</path>
         <kind>archive</kind>
         <file>nortos_cc32xx.a</file>
         <name>startup_cc32xx_ccs.oem4</name>
      </input_file>
      <input_file id="fl-1b">
         <path>C:\ti\simplelink_cc32xx_sdk_4_30_00_06\kernel\nortos\lib\ccs\m4\</path>
         <kind>archive</kind>
         <file>nortos_cc32xx.a</file>
         <name>SwiP_nortos.oem4</name>
      </input_file>
      <input_file id="fl-1c">
         <path>C:\ti\simplelink_cc32xx_sdk_4_30_00_06\kernel\nortos\lib\ccs\m4\</path>
         <kind>archive</kind>
         <file>nortos_cc32xx.a</file>
         <name>QueueP_nortos.oem4</name>
      </input_file>
      <input_file id="fl-1d">
         <path>C:\ti\simplelink_cc32xx_sdk_4_30_00_06\source\ti\devices\cc32xx\driverlib\ccs\Release\</path>
         <kind>archive</kind>
         <file>driverlib.a</file>
         <name>cpu.obj</name>
      </input_file>
      <input_file id="fl-1e">
         <path>C:\ti\simplelink_cc32xx_sdk_4_30_00_06\source\ti\devices\cc32xx\driverlib\ccs\Release\</path>
         <kind>archive</kind>
         <file>driverlib.a</file>
         <name>interrupt.obj</name>
      </input_file>
      <input_file id="fl-1f">
         <path>C:\ti\simplelink_cc32xx_sdk_4_30_00_06\source\ti\devices\cc32xx\driverlib\ccs\Release\</path>
         <kind>archive</kind>
         <file>driverlib.a</file>
         <name>pin.obj</name>
      </input_file>
      <input_file id="fl-20">
         <path>C:\ti\simplelink_cc32xx_sdk_4_30_00_06\source\ti\devices\cc32xx\driverlib\ccs\Release\</path>
         <kind>archive</kind>
         <file>driverlib.a</file>
         <name>prcm.obj</name>
      </input_file>
      <input_file id="fl-21">
         <path>C:\ti\simplelink_cc32xx_sdk_4_30_00_06\source\ti\devices\cc32xx\driverlib\ccs\Release\</path>
         <kind>archive</kind>
         <file>driverlib.a</file>
         <name>uart.obj</name>
      </input_file>
      <input_file id="fl-22">
         <path>C:\ti\simplelink_cc32xx_sdk_4_30_00_06\source\ti\devices\cc32xx\driverlib\ccs\Release\</path>
         <kind>archive</kind>
         <file>driverlib.a</file>
         <name>utils.obj</name>
      </input_file>
      <input_file id="fl-23">
         <path>C:\ti\simplelink_cc32xx_sdk_4_30_00_06\source\ti\devices\cc32xx\driverlib\ccs\Release\</path>
         <kind>archive</kind>
         <file>driverlib.a</file>
         <name>flash.obj</name>
      </input_file>
      <input_file id="fl-d9">
         <path>C:\ti\ccs1271\ccs\tools\compiler\ti-cgt-arm_20.2.7.LTS\lib\</path>
         <kind>archive</kind>
         <file>rtsv7M4_T_le_eabi.lib</file>
         <name>ll_mul_t2.asm.obj</name>
      </input_file>
      <input_file id="fl-da">
         <path>C:\ti\ccs1271\ccs\tools\compiler\ti-cgt-arm_20.2.7.LTS\lib\</path>
         <kind>archive</kind>
         <file>rtsv7M4_T_le_eabi.lib</file>
         <name>memcpy_t2.asm.obj</name>
      </input_file>
      <input_file id="fl-db">
         <path>C:\ti\ccs1271\ccs\tools\compiler\ti-cgt-arm_20.2.7.LTS\lib\</path>
         <kind>archive</kind>
         <file>rtsv7M4_T_le_eabi.lib</file>
         <name>ull_div_t2.asm.obj</name>
      </input_file>
      <input_file id="fl-dc">
         <path>C:\ti\ccs1271\ccs\tools\compiler\ti-cgt-arm_20.2.7.LTS\lib\</path>
         <kind>archive</kind>
         <file>rtsv7M4_T_le_eabi.lib</file>
         <name>copy_zero_init.c.obj</name>
      </input_file>
      <input_file id="fl-dd">
         <path>C:\ti\ccs1271\ccs\tools\compiler\ti-cgt-arm_20.2.7.LTS\lib\</path>
         <kind>archive</kind>
         <file>rtsv7M4_T_le_eabi.lib</file>
         <name>copy_decompress_none.c.obj</name>
      </input_file>
      <input_file id="fl-de">
         <path>C:\ti\ccs1271\ccs\tools\compiler\ti-cgt-arm_20.2.7.LTS\lib\</path>
         <kind>archive</kind>
         <file>rtsv7M4_T_le_eabi.lib</file>
         <name>copy_decompress_lzss.c.obj</name>
      </input_file>
      <input_file id="fl-df">
         <path>C:\ti\ccs1271\ccs\tools\compiler\ti-cgt-arm_20.2.7.LTS\lib\</path>
         <kind>archive</kind>
         <file>rtsv7M4_T_le_eabi.lib</file>
         <name>memory.c.obj</name>
      </input_file>
      <input_file id="fl-e0">
         <path>C:\ti\ccs1271\ccs\tools\compiler\ti-cgt-arm_20.2.7.LTS\lib\</path>
         <kind>archive</kind>
         <file>rtsv7M4_T_le_eabi.lib</file>
         <name>toupper.c.obj</name>
      </input_file>
      <input_file id="fl-e1">
         <path>C:\ti\ccs1271\ccs\tools\compiler\ti-cgt-arm_20.2.7.LTS\lib\</path>
         <kind>archive</kind>
         <file>rtsv7M4_T_le_eabi.lib</file>
         <name>boot_cortex_m.c.obj</name>
      </input_file>
      <input_file id="fl-e2">
         <path>C:\ti\ccs1271\ccs\tools\compiler\ti-cgt-arm_20.2.7.LTS\lib\</path>
         <kind>archive</kind>
         <file>rtsv7M4_T_le_eabi.lib</file>
         <name>div0.asm.obj</name>
      </input_file>
      <input_file id="fl-e3">
         <path>C:\ti\ccs1271\ccs\tools\compiler\ti-cgt-arm_20.2.7.LTS\lib\</path>
         <kind>archive</kind>
         <file>rtsv7M4_T_le_eabi.lib</file>
         <name>memset_t2.asm.obj</name>
      </input_file>
      <input_file id="fl-e4">
         <path>C:\ti\ccs1271\ccs\tools\compiler\ti-cgt-arm_20.2.7.LTS\lib\</path>
         <kind>archive</kind>
         <file>rtsv7M4_T_le_eabi.lib</file>
         <name>autoinit.c.obj</name>
      </input_file>
      <input_file id="fl-e5">
         <path>C:\ti\ccs1271\ccs\tools\compiler\ti-cgt-arm_20.2.7.LTS\lib\</path>
         <kind>archive</kind>
         <file>rtsv7M4_T_le_eabi.lib</file>
         <name>pre_init.c.obj</name>
      </input_file>
      <input_file id="fl-e6">
         <path>C:\ti\ccs1271\ccs\tools\compiler\ti-cgt-arm_20.2.7.LTS\lib\</path>
         <kind>archive</kind>
         <file>rtsv7M4_T_le_eabi.lib</file>
         <name>cpy_tbl.c.obj</name>
      </input_file>
      <input_file id="fl-e7">
         <path>C:\ti\ccs1271\ccs\tools\compiler\ti-cgt-arm_20.2.7.LTS\lib\</path>
         <kind>archive</kind>
         <file>rtsv7M4_T_le_eabi.lib</file>
         <name>exit.c.obj</name>
      </input_file>
      <input_file id="fl-e8">
         <path>C:\ti\ccs1271\ccs\tools\compiler\ti-cgt-arm_20.2.7.LTS\lib\</path>
         <kind>archive</kind>
         <file>rtsv7M4_T_le_eabi.lib</file>
         <name>_lock.c.obj</name>
      </input_file>
      <input_file id="fl-e9">
         <path>C:\ti\ccs1271\ccs\tools\compiler\ti-cgt-arm_20.2.7.LTS\lib\</path>
         <kind>archive</kind>
         <file>rtsv7M4_T_le_eabi.lib</file>
         <name>args_main.c.obj</name>
      </input_file>
      <input_file id="fl-ea">
         <path>C:\ti\ccs1271\ccs\tools\compiler\ti-cgt-arm_20.2.7.LTS\lib\</path>
         <kind>archive</kind>
         <file>rtsv7M4_T_le_eabi.lib</file>
         <name>ctype.c.obj</name>
      </input_file>
   </input_file_list>
   <object_component_list>
      <object_component id="oc-1a9">
         <name>.text:PRCMCC3200MCUInit</name>
         <load_address>0x2000c040</load_address>
         <run_address>0x2000c040</run_address>
         <size>0x42c</size>
         <input_file_ref idref="fl-20"/>
      </object_component>
      <object_component id="oc-4e1">
         <name>.text:UARTCC32XX_open</name>
         <load_address>0x2000c46c</load_address>
         <run_address>0x2000c46c</run_address>
         <size>0x288</size>
         <input_file_ref idref="fl-12"/>
      </object_component>
      <object_component id="oc-1c9">
         <name>.text:GPIO_setConfig</name>
         <load_address>0x2000c6f4</load_address>
         <run_address>0x2000c6f4</run_address>
         <size>0x1e4</size>
         <input_file_ref idref="fl-f"/>
      </object_component>
      <object_component id="oc-364">
         <name>.text:PowerCC32XX_sleepPolicy</name>
         <load_address>0x2000c8d8</load_address>
         <run_address>0x2000c8d8</run_address>
         <size>0x19c</size>
         <input_file_ref idref="fl-19"/>
      </object_component>
      <object_component id="oc-54d">
         <name>.text:parkPins</name>
         <load_address>0x2000ca74</load_address>
         <run_address>0x2000ca74</run_address>
         <size>0x148</size>
         <input_file_ref idref="fl-10"/>
      </object_component>
      <object_component id="oc-46f">
         <name>.text:Power_sleep</name>
         <load_address>0x2000cbbc</load_address>
         <run_address>0x2000cbbc</run_address>
         <size>0x138</size>
         <input_file_ref idref="fl-10"/>
      </object_component>
      <object_component id="oc-4cf">
         <name>.text:UARTCC32XX_close</name>
         <load_address>0x2000ccf4</load_address>
         <run_address>0x2000ccf4</run_address>
         <size>0x120</size>
         <input_file_ref idref="fl-12"/>
      </object_component>
      <object_component id="oc-15e">
         <name>.text:mainThread</name>
         <load_address>0x2000ce14</load_address>
         <run_address>0x2000ce14</run_address>
         <size>0x108</size>
         <input_file_ref idref="fl-3"/>
      </object_component>
      <object_component id="oc-513">
         <name>.text:aligned_alloc</name>
         <load_address>0x2000cf1c</load_address>
         <run_address>0x2000cf1c</run_address>
         <size>0x100</size>
         <input_file_ref idref="fl-df"/>
      </object_component>
      <object_component id="oc-4d5">
         <name>.text:UARTCC32XX_control</name>
         <load_address>0x2000d01c</load_address>
         <run_address>0x2000d01c</run_address>
         <size>0xf2</size>
         <input_file_ref idref="fl-12"/>
      </object_component>
      <object_component id="oc-1b5">
         <name>.text:Board_initHook</name>
         <load_address>0x2000d10e</load_address>
         <run_address>0x2000d10e</run_address>
         <size>0x2</size>
         <input_file_ref idref="fl-4"/>
      </object_component>
      <object_component id="oc-380">
         <name>.text:free</name>
         <load_address>0x2000d110</load_address>
         <run_address>0x2000d110</run_address>
         <size>0xe4</size>
         <input_file_ref idref="fl-df"/>
      </object_component>
      <object_component id="oc-4f9">
         <name>.text:UARTCC32XX_write</name>
         <load_address>0x2000d1f4</load_address>
         <run_address>0x2000d1f4</run_address>
         <size>0xca</size>
         <input_file_ref idref="fl-12"/>
      </object_component>
      <object_component id="oc-35e">
         <name>.text:PowerCC32XX_initPolicy</name>
         <load_address>0x2000d2be</load_address>
         <run_address>0x2000d2be</run_address>
         <size>0x2</size>
         <input_file_ref idref="fl-19"/>
      </object_component>
      <object_component id="oc-1bd">
         <name>.text:GPIO_init</name>
         <load_address>0x2000d2c0</load_address>
         <run_address>0x2000d2c0</run_address>
         <size>0xc4</size>
         <input_file_ref idref="fl-f"/>
      </object_component>
      <object_component id="oc-56a">
         <name>.text:restoreParkedPins</name>
         <load_address>0x2000d384</load_address>
         <run_address>0x2000d384</run_address>
         <size>0xc0</size>
         <input_file_ref idref="fl-10"/>
      </object_component>
      <object_component id="oc-4ed">
         <name>.text:UARTCC32XX_readPolling</name>
         <load_address>0x2000d444</load_address>
         <run_address>0x2000d444</run_address>
         <size>0xba</size>
         <input_file_ref idref="fl-12"/>
      </object_component>
      <object_component id="oc-4db">
         <name>.text:UARTCC32XX_init</name>
         <load_address>0x2000d4fe</load_address>
         <run_address>0x2000d4fe</run_address>
         <size>0x2</size>
         <input_file_ref idref="fl-12"/>
      </object_component>
      <object_component id="oc-5f7">
         <name>.text:initHw</name>
         <load_address>0x2000d500</load_address>
         <run_address>0x2000d500</run_address>
         <size>0xb8</size>
         <input_file_ref idref="fl-12"/>
      </object_component>
      <object_component id="oc-6dd">
         <name>.text:readTaskCallback</name>
         <load_address>0x2000d5b8</load_address>
         <run_address>0x2000d5b8</run_address>
         <size>0xb6</size>
         <input_file_ref idref="fl-12"/>
      </object_component>
      <object_component id="oc-6cb">
         <name>.text:readTaskBlocking</name>
         <load_address>0x2000d66e</load_address>
         <run_address>0x2000d66e</run_address>
         <size>0xb0</size>
         <input_file_ref idref="fl-12"/>
      </object_component>
      <object_component id="oc-6d1">
         <name>.text:readIsrTextBlocking</name>
         <load_address>0x2000d71e</load_address>
         <run_address>0x2000d71e</run_address>
         <size>0xae</size>
         <input_file_ref idref="fl-12"/>
      </object_component>
      <object_component id="oc-b5">
         <name>.text:IntEnable</name>
         <load_address>0x2000d7cc</load_address>
         <run_address>0x2000d7cc</run_address>
         <size>0xa8</size>
         <input_file_ref idref="fl-1e"/>
      </object_component>
      <object_component id="oc-279">
         <name>.text:PowerCC32XX_configureWakeup</name>
         <load_address>0x2000d874</load_address>
         <run_address>0x2000d874</run_address>
         <size>0xa8</size>
         <input_file_ref idref="fl-10"/>
      </object_component>
      <object_component id="oc-6e3">
         <name>.text:readIsrTextCallback</name>
         <load_address>0x2000d91c</load_address>
         <run_address>0x2000d91c</run_address>
         <size>0xa2</size>
         <input_file_ref idref="fl-12"/>
      </object_component>
      <object_component id="oc-62e">
         <name>.text:writeData</name>
         <load_address>0x2000d9be</load_address>
         <run_address>0x2000d9be</run_address>
         <size>0xa2</size>
         <input_file_ref idref="fl-12"/>
      </object_component>
      <object_component id="oc-29f">
         <name>.text:SemaphoreP_pend</name>
         <load_address>0x2000da60</load_address>
         <run_address>0x2000da60</run_address>
         <size>0xa0</size>
         <input_file_ref idref="fl-16"/>
      </object_component>
      <object_component id="oc-3b">
         <name>.text</name>
         <load_address>0x2000db00</load_address>
         <run_address>0x2000db00</run_address>
         <size>0x9c</size>
         <input_file_ref idref="fl-da"/>
      </object_component>
      <object_component id="oc-2c1">
         <name>.text:powerNotifyFxn</name>
         <load_address>0x2000db9c</load_address>
         <run_address>0x2000db9c</run_address>
         <size>0x98</size>
         <input_file_ref idref="fl-f"/>
      </object_component>
      <object_component id="oc-46a">
         <name>.text</name>
         <load_address>0x2000dc34</load_address>
         <run_address>0x2000dc34</run_address>
         <size>0x96</size>
         <input_file_ref idref="fl-db"/>
      </object_component>
      <object_component id="oc-326">
         <name>.text:_nop</name>
         <load_address>0x2000dcca</load_address>
         <run_address>0x2000dcca</run_address>
         <size>0x2</size>
         <input_file_ref idref="fl-e8"/>
      </object_component>
      <object_component id="oc-55e">
         <name>.text:restoreNVICRegs</name>
         <load_address>0x2000dccc</load_address>
         <run_address>0x2000dccc</run_address>
         <size>0x90</size>
         <input_file_ref idref="fl-10"/>
      </object_component>
      <object_component id="oc-3f5">
         <name>.text:HwiP_construct</name>
         <load_address>0x2000dd5c</load_address>
         <run_address>0x2000dd5c</run_address>
         <size>0x8c</size>
         <input_file_ref idref="fl-18"/>
      </object_component>
      <object_component id="oc-68d">
         <name>.text:IntPendSet</name>
         <load_address>0x2000dde8</load_address>
         <run_address>0x2000dde8</run_address>
         <size>0x88</size>
         <input_file_ref idref="fl-1e"/>
      </object_component>
      <object_component id="oc-2d5">
         <name>.text:PinConfigSet</name>
         <load_address>0x2000de70</load_address>
         <run_address>0x2000de70</run_address>
         <size>0x88</size>
         <input_file_ref idref="fl-1f"/>
      </object_component>
      <object_component id="oc-1af">
         <name>.text:Power_init</name>
         <load_address>0x2000def8</load_address>
         <run_address>0x2000def8</run_address>
         <size>0x84</size>
         <input_file_ref idref="fl-10"/>
      </object_component>
      <object_component id="oc-553">
         <name>.text:saveNVICRegs</name>
         <load_address>0x2000df7c</load_address>
         <run_address>0x2000df7c</run_address>
         <size>0x84</size>
         <input_file_ref idref="fl-10"/>
      </object_component>
      <object_component id="oc-2db">
         <name>.text:Power_setDependency</name>
         <load_address>0x2000e000</load_address>
         <run_address>0x2000e000</run_address>
         <size>0x80</size>
         <input_file_ref idref="fl-10"/>
      </object_component>
      <object_component id="oc-6c5">
         <name>.text:readIsrBinaryBlocking</name>
         <load_address>0x2000e080</load_address>
         <run_address>0x2000e080</run_address>
         <size>0x7c</size>
         <input_file_ref idref="fl-12"/>
      </object_component>
      <object_component id="oc-2ff">
         <name>.text:GPIO_hwiIntFxn</name>
         <load_address>0x2000e0fc</load_address>
         <run_address>0x2000e0fc</run_address>
         <size>0x78</size>
         <input_file_ref idref="fl-f"/>
      </object_component>
      <object_component id="oc-6d7">
         <name>.text:readIsrBinaryCallback</name>
         <load_address>0x2000e174</load_address>
         <run_address>0x2000e174</run_address>
         <size>0x78</size>
         <input_file_ref idref="fl-12"/>
      </object_component>
      <object_component id="oc-606">
         <name>.text:UARTCC32XX_hwiIntFxn</name>
         <load_address>0x2000e1ec</load_address>
         <run_address>0x2000e1ec</run_address>
         <size>0x74</size>
         <input_file_ref idref="fl-12"/>
      </object_component>
      <object_component id="oc-63b">
         <name>.text:split</name>
         <load_address>0x2000e260</load_address>
         <run_address>0x2000e260</run_address>
         <size>0x70</size>
         <input_file_ref idref="fl-df"/>
      </object_component>
      <object_component id="oc-14">
         <name>.text:decompress:lzss:__TI_decompress_lzss</name>
         <load_address>0x2000e2d0</load_address>
         <run_address>0x2000e2d0</run_address>
         <size>0x68</size>
         <input_file_ref idref="fl-de"/>
      </object_component>
      <object_component id="oc-505">
         <name>.text:UARTCC32XX_writeCancel</name>
         <load_address>0x2000e338</load_address>
         <run_address>0x2000e338</run_address>
         <size>0x66</size>
         <input_file_ref idref="fl-12"/>
      </object_component>
      <object_component id="oc-73">
         <name>.text:busFaultHandler</name>
         <load_address>0x2000e39e</load_address>
         <run_address>0x2000e39e</run_address>
         <size>0x2</size>
         <input_file_ref idref="fl-1a"/>
      </object_component>
      <object_component id="oc-3d0">
         <name>.text:PowerCC32XX_setParkState</name>
         <load_address>0x2000e3a0</load_address>
         <run_address>0x2000e3a0</run_address>
         <size>0x64</size>
         <input_file_ref idref="fl-10"/>
      </object_component>
      <object_component id="oc-4ff">
         <name>.text:UARTCC32XX_writePolling</name>
         <load_address>0x2000e404</load_address>
         <run_address>0x2000e404</run_address>
         <size>0x62</size>
         <input_file_ref idref="fl-12"/>
      </object_component>
      <object_component id="oc-3a5">
         <name>.text:clkFxn</name>
         <load_address>0x2000e466</load_address>
         <run_address>0x2000e466</run_address>
         <size>0x2</size>
         <input_file_ref idref="fl-16"/>
      </object_component>
      <object_component id="oc-247">
         <name>.text:PRCMSysResetCauseGet</name>
         <load_address>0x2000e468</load_address>
         <run_address>0x2000e468</run_address>
         <size>0x60</size>
         <input_file_ref idref="fl-20"/>
      </object_component>
      <object_component id="oc-2a5">
         <name>.text:GPIO_setCallback</name>
         <load_address>0x2000e4c8</load_address>
         <run_address>0x2000e4c8</run_address>
         <size>0x5c</size>
         <input_file_ref idref="fl-f"/>
      </object_component>
      <object_component id="oc-653">
         <name>.text:sysTickInit</name>
         <load_address>0x2000e524</load_address>
         <run_address>0x2000e524</run_address>
         <size>0x5c</size>
         <input_file_ref idref="fl-17"/>
      </object_component>
      <object_component id="oc-1db">
         <name>.text:GPIO_write</name>
         <load_address>0x2000e580</load_address>
         <run_address>0x2000e580</run_address>
         <size>0x58</size>
         <input_file_ref idref="fl-f"/>
      </object_component>
      <object_component id="oc-260">
         <name>.text:PRCMPeripheralReset</name>
         <load_address>0x2000e5d8</load_address>
         <run_address>0x2000e5d8</run_address>
         <size>0x58</size>
         <input_file_ref idref="fl-20"/>
      </object_component>
      <object_component id="oc-5b2">
         <name>.text:Power_releaseDependency</name>
         <load_address>0x2000e630</load_address>
         <run_address>0x2000e630</run_address>
         <size>0x58</size>
         <input_file_ref idref="fl-10"/>
      </object_component>
      <object_component id="oc-72b">
         <name>.text:ringBufGet</name>
         <load_address>0x2000e688</load_address>
         <run_address>0x2000e688</run_address>
         <size>0x54</size>
         <input_file_ref idref="fl-12"/>
      </object_component>
      <object_component id="oc-66a">
         <name>.text:PowerCC32XX_resumeLPDS</name>
         <load_address>0x2000e6dc</load_address>
         <run_address>0x2000e6dc</run_address>
         <size>0x52</size>
         <input_file_ref idref="fl-11"/>
      </object_component>
      <object_component id="oc-6d">
         <name>.text:defaultHandler</name>
         <load_address>0x2000e72e</load_address>
         <run_address>0x2000e72e</run_address>
         <size>0x2</size>
         <input_file_ref idref="fl-1a"/>
      </object_component>
      <object_component id="oc-79">
         <name>.text:ClockP_sysTickHandler</name>
         <load_address>0x2000e730</load_address>
         <run_address>0x2000e730</run_address>
         <size>0x50</size>
         <input_file_ref idref="fl-17"/>
      </object_component>
      <object_component id="oc-490">
         <name>.text:SemaphoreP_construct</name>
         <load_address>0x2000e780</load_address>
         <run_address>0x2000e780</run_address>
         <size>0x50</size>
         <input_file_ref idref="fl-16"/>
      </object_component>
      <object_component id="oc-3d6">
         <name>.text:GPIO_enableInt</name>
         <load_address>0x2000e7d0</load_address>
         <run_address>0x2000e7d0</run_address>
         <size>0x4c</size>
         <input_file_ref idref="fl-f"/>
      </object_component>
      <object_component id="oc-661">
         <name>.text:PowerCC32XX_parkPin</name>
         <load_address>0x2000e81c</load_address>
         <run_address>0x2000e81c</run_address>
         <size>0x4c</size>
         <input_file_ref idref="fl-10"/>
      </object_component>
      <object_component id="oc-564">
         <name>.text:restorePeriphClocks</name>
         <load_address>0x2000e868</load_address>
         <run_address>0x2000e868</run_address>
         <size>0x4c</size>
         <input_file_ref idref="fl-10"/>
      </object_component>
      <object_component id="oc-685">
         <name>.text:FlashDisable</name>
         <load_address>0x2000e8b4</load_address>
         <run_address>0x2000e8b4</run_address>
         <size>0x48</size>
         <input_file_ref idref="fl-23"/>
      </object_component>
      <object_component id="oc-570">
         <name>.text:PRCMLPDSEnter</name>
         <load_address>0x2000e8fc</load_address>
         <run_address>0x2000e8fc</run_address>
         <size>0x48</size>
         <input_file_ref idref="fl-20"/>
      </object_component>
      <object_component id="oc-25a">
         <name>.text:PRCMPeripheralClkEnable</name>
         <load_address>0x2000e944</load_address>
         <run_address>0x2000e944</run_address>
         <size>0x48</size>
         <input_file_ref idref="fl-20"/>
      </object_component>
      <object_component id="oc-5a6">
         <name>.text:Power_releaseConstraint</name>
         <load_address>0x2000e98c</load_address>
         <run_address>0x2000e98c</run_address>
         <size>0x48</size>
         <input_file_ref idref="fl-10"/>
      </object_component>
      <object_component id="oc-718">
         <name>.text:RingBuf_put</name>
         <load_address>0x2000e9d4</load_address>
         <run_address>0x2000e9d4</run_address>
         <size>0x46</size>
         <input_file_ref idref="fl-14"/>
      </object_component>
      <object_component id="oc-67">
         <name>.text:faultISR</name>
         <load_address>0x2000ea1a</load_address>
         <run_address>0x2000ea1a</run_address>
         <size>0x2</size>
         <input_file_ref idref="fl-1a"/>
      </object_component>
      <object_component id="oc-4b8">
         <name>.text:ClockP_stop</name>
         <load_address>0x2000ea1c</load_address>
         <run_address>0x2000ea1c</run_address>
         <size>0x44</size>
         <input_file_ref idref="fl-17"/>
      </object_component>
      <object_component id="oc-66f">
         <name>.text:PRCMLPDSRestoreInfoSet</name>
         <load_address>0x2000ea60</load_address>
         <run_address>0x2000ea60</run_address>
         <size>0x44</size>
         <input_file_ref idref="fl-20"/>
      </object_component>
      <object_component id="oc-559">
         <name>.text:PowerCC32XX_enterLPDS</name>
         <load_address>0x2000eaa4</load_address>
         <run_address>0x2000eaa4</run_address>
         <size>0x44</size>
         <input_file_ref idref="fl-11"/>
      </object_component>
      <object_component id="oc-2b1">
         <name>.text:SemaphoreP_post</name>
         <load_address>0x2000eae8</load_address>
         <run_address>0x2000eae8</run_address>
         <size>0x44</size>
         <input_file_ref idref="fl-16"/>
      </object_component>
      <object_component id="oc-480">
         <name>.text:SwiP_restore</name>
         <load_address>0x2000eb2c</load_address>
         <run_address>0x2000eb2c</run_address>
         <size>0x44</size>
         <input_file_ref idref="fl-1b"/>
      </object_component>
      <object_component id="oc-1c3">
         <name>.text:UART_init</name>
         <load_address>0x2000eb70</load_address>
         <run_address>0x2000eb70</run_address>
         <size>0x44</size>
         <input_file_ref idref="fl-e"/>
      </object_component>
      <object_component id="oc-171">
         <name>.text:__TI_auto_init_nobinit_nopinit:__TI_auto_init_nobinit_nopinit</name>
         <load_address>0x2000ebb4</load_address>
         <run_address>0x2000ebb4</run_address>
         <size>0x44</size>
         <input_file_ref idref="fl-e4"/>
      </object_component>
      <object_component id="oc-6b4">
         <name>.text:ClockP_construct</name>
         <load_address>0x2000ebf8</load_address>
         <run_address>0x2000ebf8</run_address>
         <size>0x40</size>
         <input_file_ref idref="fl-17"/>
      </object_component>
      <object_component id="oc-272">
         <name>.text:PinModeSet</name>
         <load_address>0x2000ec38</load_address>
         <run_address>0x2000ec38</run_address>
         <size>0x40</size>
         <input_file_ref idref="fl-1f"/>
      </object_component>
      <object_component id="oc-620">
         <name>.text:RingBuf_get</name>
         <load_address>0x2000ec78</load_address>
         <run_address>0x2000ec78</run_address>
         <size>0x40</size>
         <input_file_ref idref="fl-14"/>
      </object_component>
      <object_component id="oc-4e7">
         <name>.text:UARTCC32XX_read</name>
         <load_address>0x2000ecb8</load_address>
         <run_address>0x2000ecb8</run_address>
         <size>0x40</size>
         <input_file_ref idref="fl-12"/>
      </object_component>
      <object_component id="oc-1d5">
         <name>.text:UART_open</name>
         <load_address>0x2000ecf8</load_address>
         <run_address>0x2000ecf8</run_address>
         <size>0x40</size>
         <input_file_ref idref="fl-e"/>
      </object_component>
      <object_component id="oc-39f">
         <name>.text:ClockP_destruct</name>
         <load_address>0x2000ed38</load_address>
         <run_address>0x2000ed38</run_address>
         <size>0x3c</size>
         <input_file_ref idref="fl-17"/>
      </object_component>
      <object_component id="oc-5cb">
         <name>.text:Power_setConstraint</name>
         <load_address>0x2000ed74</load_address>
         <run_address>0x2000ed74</run_address>
         <size>0x3c</size>
         <input_file_ref idref="fl-10"/>
      </object_component>
      <object_component id="oc-464">
         <name>.text:getCountsRTC</name>
         <load_address>0x2000edb0</load_address>
         <run_address>0x2000edb0</run_address>
         <size>0x3a</size>
         <input_file_ref idref="fl-19"/>
      </object_component>
      <object_component id="oc-61">
         <name>.text:nmiISR</name>
         <load_address>0x2000edea</load_address>
         <run_address>0x2000edea</run_address>
         <size>0x2</size>
         <input_file_ref idref="fl-1a"/>
      </object_component>
      <object_component id="oc-576">
         <name>.text:PRCMLPDSEnterKeepDebugIf</name>
         <load_address>0x2000edec</load_address>
         <run_address>0x2000edec</run_address>
         <size>0x38</size>
         <input_file_ref idref="fl-20"/>
      </object_component>
      <object_component id="oc-db">
         <name>.text:addToList</name>
         <load_address>0x2000ee24</load_address>
         <run_address>0x2000ee24</run_address>
         <size>0x38</size>
         <input_file_ref idref="fl-17"/>
      </object_component>
      <object_component id="oc-59">
         <name>.text:initVectors</name>
         <load_address>0x2000ee5c</load_address>
         <run_address>0x2000ee5c</run_address>
         <size>0x38</size>
         <input_file_ref idref="fl-1a"/>
      </object_component>
      <object_component id="oc-547">
         <name>.text:notify</name>
         <load_address>0x2000ee94</load_address>
         <run_address>0x2000ee94</run_address>
         <size>0x38</size>
         <input_file_ref idref="fl-10"/>
      </object_component>
      <object_component id="oc-4f3">
         <name>.text:UARTCC32XX_readCancel</name>
         <load_address>0x2000eecc</load_address>
         <run_address>0x2000eecc</run_address>
         <size>0x36</size>
         <input_file_ref idref="fl-12"/>
      </object_component>
      <object_component id="oc-541">
         <name>.text</name>
         <load_address>0x2000ef02</load_address>
         <run_address>0x2000ef02</run_address>
         <size>0x2</size>
         <input_file_ref idref="fl-e2"/>
      </object_component>
      <object_component id="oc-452">
         <name>.text:ClockP_getTicksUntilInterrupt</name>
         <load_address>0x2000ef04</load_address>
         <run_address>0x2000ef04</run_address>
         <size>0x34</size>
         <input_file_ref idref="fl-17"/>
      </object_component>
      <object_component id="oc-538">
         <name>.text:ClockP_startup</name>
         <load_address>0x2000ef38</load_address>
         <run_address>0x2000ef38</run_address>
         <size>0x34</size>
         <input_file_ref idref="fl-17"/>
      </object_component>
      <object_component id="oc-26c">
         <name>.text:PinModeGet</name>
         <load_address>0x2000ef6c</load_address>
         <run_address>0x2000ef6c</run_address>
         <size>0x34</size>
         <input_file_ref idref="fl-1f"/>
      </object_component>
      <object_component id="oc-5b8">
         <name>.text:PowerCC32XX_restoreParkState</name>
         <load_address>0x2000efa0</load_address>
         <run_address>0x2000efa0</run_address>
         <size>0x34</size>
         <input_file_ref idref="fl-10"/>
      </object_component>
      <object_component id="oc-38d">
         <name>.text:ClockP_start</name>
         <load_address>0x2000efd4</load_address>
         <run_address>0x2000efd4</run_address>
         <size>0x30</size>
         <input_file_ref idref="fl-17"/>
      </object_component>
      <object_component id="oc-67e">
         <name>.text:PowerCC32XX_restoreParkedPin</name>
         <load_address>0x2000f004</load_address>
         <run_address>0x2000f004</run_address>
         <size>0x30</size>
         <input_file_ref idref="fl-10"/>
      </object_component>
      <object_component id="oc-5e5">
         <name>.text:PowerCC32XX_getParkState</name>
         <load_address>0x2000f034</load_address>
         <run_address>0x2000f034</run_address>
         <size>0x2c</size>
         <input_file_ref idref="fl-10"/>
      </object_component>
      <object_component id="oc-2e7">
         <name>.text:HwiP_create</name>
         <load_address>0x2000f060</load_address>
         <run_address>0x2000f060</run_address>
         <size>0x2a</size>
         <input_file_ref idref="fl-18"/>
      </object_component>
      <object_component id="oc-266">
         <name>.text:PRCMPeripheralClkDisable</name>
         <load_address>0x2000f08c</load_address>
         <run_address>0x2000f08c</run_address>
         <size>0x28</size>
         <input_file_ref idref="fl-20"/>
      </object_component>
      <object_component id="oc-2ab">
         <name>.text:Power_registerNotify</name>
         <load_address>0x2000f0b4</load_address>
         <run_address>0x2000f0b4</run_address>
         <size>0x28</size>
         <input_file_ref idref="fl-10"/>
      </object_component>
      <object_component id="oc-4b0">
         <name>.text:free_list_insert</name>
         <load_address>0x2000f0dc</load_address>
         <run_address>0x2000f0dc</run_address>
         <size>0x28</size>
         <input_file_ref idref="fl-df"/>
      </object_component>
      <object_component id="oc-3b0">
         <name>.text:List_put</name>
         <load_address>0x2000f104</load_address>
         <run_address>0x2000f104</run_address>
         <size>0x26</size>
         <input_file_ref idref="fl-13"/>
      </object_component>
      <object_component id="oc-6a2">
         <name>.text:List_remove</name>
         <load_address>0x2000f12a</load_address>
         <run_address>0x2000f12a</run_address>
         <size>0x26</size>
         <input_file_ref idref="fl-13"/>
      </object_component>
      <object_component id="oc-51d">
         <name>.text:HwiP_dispatch</name>
         <load_address>0x2000f150</load_address>
         <run_address>0x2000f150</run_address>
         <size>0x24</size>
         <input_file_ref idref="fl-18"/>
      </object_component>
      <object_component id="oc-5df">
         <name>.text:PowerCC32XX_reset</name>
         <load_address>0x2000f174</load_address>
         <run_address>0x2000f174</run_address>
         <size>0x24</size>
         <input_file_ref idref="fl-10"/>
      </object_component>
      <object_component id="oc-c5">
         <name>.text:_c_int00_noargs:_c_int00_noargs</name>
         <load_address>0x2000f198</load_address>
         <run_address>0x2000f198</run_address>
         <size>0x24</size>
         <input_file_ref idref="fl-e1"/>
      </object_component>
      <object_component id="oc-699">
         <name>.text:HwiP_destruct</name>
         <load_address>0x2000f1bc</load_address>
         <run_address>0x2000f1bc</run_address>
         <size>0x20</size>
         <input_file_ref idref="fl-18"/>
      </object_component>
      <object_component id="oc-5ac">
         <name>.text:Power_unregisterNotify</name>
         <load_address>0x2000f1dc</load_address>
         <run_address>0x2000f1dc</run_address>
         <size>0x20</size>
         <input_file_ref idref="fl-10"/>
      </object_component>
      <object_component id="oc-5c5">
         <name>.text:RingBuf_peek</name>
         <load_address>0x2000f1fc</load_address>
         <run_address>0x2000f1fc</run_address>
         <size>0x20</size>
         <input_file_ref idref="fl-14"/>
      </object_component>
      <object_component id="oc-5d9">
         <name>.text:getPowerMgrId</name>
         <load_address>0x2000f21c</load_address>
         <run_address>0x2000f21c</run_address>
         <size>0x20</size>
         <input_file_ref idref="fl-12"/>
      </object_component>
      <object_component id="oc-5be">
         <name>.text:PinToPadGet</name>
         <load_address>0x2000f23c</load_address>
         <run_address>0x2000f23c</run_address>
         <size>0x1c</size>
         <input_file_ref idref="fl-1f"/>
      </object_component>
      <object_component id="oc-446">
         <name>.text:SwiP_disable</name>
         <load_address>0x2000f258</load_address>
         <run_address>0x2000f258</run_address>
         <size>0x1c</size>
         <input_file_ref idref="fl-1b"/>
      </object_component>
      <object_component id="oc-47">
         <name>.text:decompress:ZI:__TI_zero_init_nomemset:__TI_zero_init_nomemset</name>
         <load_address>0x2000f274</load_address>
         <run_address>0x2000f274</run_address>
         <size>0x1c</size>
         <input_file_ref idref="fl-dc"/>
      </object_component>
      <object_component id="oc-4aa">
         <name>.text:free_list_remove</name>
         <load_address>0x2000f290</load_address>
         <run_address>0x2000f290</run_address>
         <size>0x1c</size>
         <input_file_ref idref="fl-df"/>
      </object_component>
      <object_component id="oc-5f1">
         <name>.text:ClockP_create</name>
         <load_address>0x2000f2ac</load_address>
         <run_address>0x2000f2ac</run_address>
         <size>0x1a</size>
         <input_file_ref idref="fl-17"/>
      </object_component>
      <object_component id="oc-287">
         <name>.text:SemaphoreP_createBinary</name>
         <load_address>0x2000f2c6</load_address>
         <run_address>0x2000f2c6</run_address>
         <size>0x1a</size>
         <input_file_ref idref="fl-16"/>
      </object_component>
      <object_component id="oc-21">
         <name>.text:resetISR</name>
         <load_address>0x2000f2e0</load_address>
         <run_address>0x2000f2e0</run_address>
         <size>0x1a</size>
         <input_file_ref idref="fl-1a"/>
      </object_component>
      <object_component id="oc-458">
         <name>.text:Power_getTransitionLatency</name>
         <load_address>0x2000f2fc</load_address>
         <run_address>0x2000f2fc</run_address>
         <size>0x18</size>
         <input_file_ref idref="fl-10"/>
      </object_component>
      <object_component id="oc-589">
         <name>.text:Power_idleFunc</name>
         <load_address>0x2000f314</load_address>
         <run_address>0x2000f314</run_address>
         <size>0x18</size>
         <input_file_ref idref="fl-10"/>
      </object_component>
      <object_component id="oc-628">
         <name>.text:UARTBusy</name>
         <load_address>0x2000f32c</load_address>
         <run_address>0x2000f32c</run_address>
         <size>0x18</size>
         <input_file_ref idref="fl-21"/>
      </object_component>
      <object_component id="oc-6f8">
         <name>.text:UARTIntEnable</name>
         <load_address>0x2000f344</load_address>
         <run_address>0x2000f344</run_address>
         <size>0x18</size>
         <input_file_ref idref="fl-21"/>
      </object_component>
      <object_component id="oc-1cf">
         <name>.text:UART_Params_init</name>
         <load_address>0x2000f35c</load_address>
         <run_address>0x2000f35c</run_address>
         <size>0x18</size>
         <input_file_ref idref="fl-e"/>
      </object_component>
      <object_component id="oc-475">
         <name>.text</name>
         <load_address>0x2000f374</load_address>
         <run_address>0x2000f374</run_address>
         <size>0x18</size>
         <input_file_ref idref="fl-d9"/>
      </object_component>
      <object_component id="oc-254">
         <name>.text:PRCMHIBRegRead</name>
         <load_address>0x2000f38c</load_address>
         <run_address>0x2000f38c</run_address>
         <size>0x16</size>
         <input_file_ref idref="fl-20"/>
      </object_component>
      <object_component id="oc-24e">
         <name>.text:PRCMHIBRegWrite</name>
         <load_address>0x2000f3a2</load_address>
         <run_address>0x2000f3a2</run_address>
         <size>0x16</size>
         <input_file_ref idref="fl-20"/>
      </object_component>
      <object_component id="oc-375">
         <name>.text:SemaphoreP_create</name>
         <load_address>0x2000f3b8</load_address>
         <run_address>0x2000f3b8</run_address>
         <size>0x16</size>
         <input_file_ref idref="fl-16"/>
      </object_component>
      <object_component id="oc-a3">
         <name>.text:CPUcpsid</name>
         <load_address>0x2000f3ce</load_address>
         <run_address>0x2000f3ce</run_address>
         <size>0x14</size>
         <input_file_ref idref="fl-1d"/>
      </object_component>
      <object_component id="oc-3b7">
         <name>.text:HwiP_inISR</name>
         <load_address>0x2000f3e4</load_address>
         <run_address>0x2000f3e4</run_address>
         <size>0x14</size>
         <input_file_ref idref="fl-18"/>
      </object_component>
      <object_component id="oc-af">
         <name>.text:IntVTableBaseSet</name>
         <load_address>0x2000f3f8</load_address>
         <run_address>0x2000f3f8</run_address>
         <size>0x14</size>
         <input_file_ref idref="fl-1e"/>
      </object_component>
      <object_component id="oc-3bd">
         <name>.text:Power_disablePolicy</name>
         <load_address>0x2000f40c</load_address>
         <run_address>0x2000f40c</run_address>
         <size>0x14</size>
         <input_file_ref idref="fl-10"/>
      </object_component>
      <object_component id="oc-677">
         <name>.text:Power_getDependencyCount</name>
         <load_address>0x2000f420</load_address>
         <run_address>0x2000f420</run_address>
         <size>0x14</size>
         <input_file_ref idref="fl-10"/>
      </object_component>
      <object_component id="oc-6f2">
         <name>.text:releasePowerConstraint</name>
         <load_address>0x2000f434</load_address>
         <run_address>0x2000f434</run_address>
         <size>0x14</size>
         <input_file_ref idref="fl-12"/>
      </object_component>
      <object_component id="oc-2e1">
         <name>.text:HwiP_Params_init</name>
         <load_address>0x2000f448</load_address>
         <run_address>0x2000f448</run_address>
         <size>0x12</size>
         <input_file_ref idref="fl-18"/>
      </object_component>
      <object_component id="oc-5d3">
         <name>.text:RingBuf_construct</name>
         <load_address>0x2000f45a</load_address>
         <run_address>0x2000f45a</run_address>
         <size>0x12</size>
         <input_file_ref idref="fl-14"/>
      </object_component>
      <object_component id="oc-11a">
         <name>.text:main</name>
         <load_address>0x2000f46c</load_address>
         <run_address>0x2000f46c</run_address>
         <size>0x12</size>
         <input_file_ref idref="fl-2"/>
      </object_component>
      <object_component id="oc-152">
         <name>.text:Board_init</name>
         <load_address>0x2000f47e</load_address>
         <run_address>0x2000f47e</run_address>
         <size>0x10</size>
         <input_file_ref idref="fl-4"/>
      </object_component>
      <object_component id="oc-387">
         <name>.text:ClockP_add</name>
         <load_address>0x2000f48e</load_address>
         <run_address>0x2000f48e</run_address>
         <size>0x10</size>
         <input_file_ref idref="fl-17"/>
      </object_component>
      <object_component id="oc-5a0">
         <name>.text:ClockP_delete</name>
         <load_address>0x2000f49e</load_address>
         <run_address>0x2000f49e</run_address>
         <size>0x10</size>
         <input_file_ref idref="fl-17"/>
      </object_component>
      <object_component id="oc-440">
         <name>.text:ClockP_getCpuFreq</name>
         <load_address>0x2000f4b0</load_address>
         <run_address>0x2000f4b0</run_address>
         <size>0x10</size>
         <input_file_ref idref="fl-17"/>
      </object_component>
      <object_component id="oc-45e">
         <name>.text:ClockP_getSystemTicks</name>
         <load_address>0x2000f4c0</load_address>
         <run_address>0x2000f4c0</run_address>
         <size>0x10</size>
         <input_file_ref idref="fl-17"/>
      </object_component>
      <object_component id="oc-47a">
         <name>.text:ClockP_setTicks</name>
         <load_address>0x2000f4d0</load_address>
         <run_address>0x2000f4d0</run_address>
         <size>0x10</size>
         <input_file_ref idref="fl-17"/>
      </object_component>
      <object_component id="oc-59a">
         <name>.text:HwiP_delete</name>
         <load_address>0x2000f4e0</load_address>
         <run_address>0x2000f4e0</run_address>
         <size>0x10</size>
         <input_file_ref idref="fl-18"/>
      </object_component>
      <object_component id="oc-293">
         <name>.text:HwiP_restore</name>
         <load_address>0x2000f4f0</load_address>
         <run_address>0x2000f4f0</run_address>
         <size>0x10</size>
         <input_file_ref idref="fl-18"/>
      </object_component>
      <object_component id="oc-393">
         <name>.text:Power_enablePolicy</name>
         <load_address>0x2000f500</load_address>
         <run_address>0x2000f500</run_address>
         <size>0x10</size>
         <input_file_ref idref="fl-10"/>
      </object_component>
      <object_component id="oc-36f">
         <name>.text:SemaphoreP_Params_init</name>
         <load_address>0x2000f510</load_address>
         <run_address>0x2000f510</run_address>
         <size>0x10</size>
         <input_file_ref idref="fl-16"/>
      </object_component>
      <object_component id="oc-618">
         <name>.text:readBlockingTimeout</name>
         <load_address>0x2000f520</load_address>
         <run_address>0x2000f520</run_address>
         <size>0x10</size>
         <input_file_ref idref="fl-12"/>
      </object_component>
      <object_component id="oc-1ed">
         <name>.text:toupper</name>
         <load_address>0x2000f530</load_address>
         <run_address>0x2000f530</run_address>
         <size>0x10</size>
         <input_file_ref idref="fl-e0"/>
      </object_component>
      <object_component id="oc-28d">
         <name>.text:HwiP_disable</name>
         <load_address>0x2000f540</load_address>
         <run_address>0x2000f540</run_address>
         <size>0xe</size>
         <input_file_ref idref="fl-18"/>
      </object_component>
      <object_component id="oc-158">
         <name>.text:HwiP_enable</name>
         <load_address>0x2000f54e</load_address>
         <run_address>0x2000f54e</run_address>
         <size>0xe</size>
         <input_file_ref idref="fl-18"/>
      </object_component>
      <object_component id="oc-71e">
         <name>.text:RingBuf_isFull</name>
         <load_address>0x2000f55c</load_address>
         <run_address>0x2000f55c</run_address>
         <size>0xe</size>
         <input_file_ref idref="fl-14"/>
      </object_component>
      <object_component id="oc-1a">
         <name>.text:decompress:none:__TI_decompress_none</name>
         <load_address>0x2000f56a</load_address>
         <run_address>0x2000f56a</run_address>
         <size>0xe</size>
         <input_file_ref idref="fl-dd"/>
      </object_component>
      <object_component id="oc-44c">
         <name>.text:Power_getConstraintMask</name>
         <load_address>0x2000f578</load_address>
         <run_address>0x2000f578</run_address>
         <size>0xc</size>
         <input_file_ref idref="fl-10"/>
      </object_component>
      <object_component id="oc-600">
         <name>.text:postNotifyFxn</name>
         <load_address>0x2000f584</load_address>
         <run_address>0x2000f584</run_address>
         <size>0xc</size>
         <input_file_ref idref="fl-12"/>
      </object_component>
      <object_component id="oc-5eb">
         <name>.text:ClockP_Params_init</name>
         <load_address>0x2000f590</load_address>
         <run_address>0x2000f590</run_address>
         <size>0xa</size>
         <input_file_ref idref="fl-17"/>
      </object_component>
      <object_component id="oc-399">
         <name>.text:ClockP_isActive</name>
         <load_address>0x2000f59a</load_address>
         <run_address>0x2000f59a</run_address>
         <size>0xa</size>
         <input_file_ref idref="fl-17"/>
      </object_component>
      <object_component id="oc-53">
         <name>.text:IntMasterDisable</name>
         <load_address>0x2000f5a4</load_address>
         <run_address>0x2000f5a4</run_address>
         <size>0xa</size>
         <input_file_ref idref="fl-1e"/>
      </object_component>
      <object_component id="oc-1e7">
         <name>.text:UART_read</name>
         <load_address>0x2000f5ae</load_address>
         <run_address>0x2000f5ae</run_address>
         <size>0xa</size>
         <input_file_ref idref="fl-e"/>
      </object_component>
      <object_component id="oc-1e1">
         <name>.text:UART_write</name>
         <load_address>0x2000f5b8</load_address>
         <run_address>0x2000f5b8</run_address>
         <size>0xa</size>
         <input_file_ref idref="fl-e"/>
      </object_component>
      <object_component id="oc-3ef">
         <name>.text:malloc</name>
         <load_address>0x2000f5c2</load_address>
         <run_address>0x2000f5c2</run_address>
         <size>0x8</size>
         <input_file_ref idref="fl-df"/>
      </object_component>
      <object_component id="oc-612">
         <name>.text:readSemCallback</name>
         <load_address>0x2000f5ca</load_address>
         <run_address>0x2000f5ca</run_address>
         <size>0x8</size>
         <input_file_ref idref="fl-12"/>
      </object_component>
      <object_component id="oc-60c">
         <name>.text:writeSemCallback</name>
         <load_address>0x2000f5d2</load_address>
         <run_address>0x2000f5d2</run_address>
         <size>0x8</size>
         <input_file_ref idref="fl-12"/>
      </object_component>
      <object_component id="oc-24d">
         <name>.text:UtilsDelay</name>
         <load_address>0x2000f5da</load_address>
         <run_address>0x2000f5da</run_address>
         <size>0x6</size>
         <input_file_ref idref="fl-22"/>
      </object_component>
      <object_component id="oc-725">
         <name>.text:ClockP_setTimeout</name>
         <load_address>0x2000f5e0</load_address>
         <run_address>0x2000f5e0</run_address>
         <size>0x4</size>
         <input_file_ref idref="fl-17"/>
      </object_component>
      <object_component id="oc-57f">
         <name>.text:HwiP_post</name>
         <load_address>0x2000f5e4</load_address>
         <run_address>0x2000f5e4</run_address>
         <size>0x4</size>
         <input_file_ref idref="fl-18"/>
      </object_component>
      <object_component id="oc-299">
         <name>.text:SemaphoreP_delete</name>
         <load_address>0x2000f5e8</load_address>
         <run_address>0x2000f5e8</run_address>
         <size>0x4</size>
         <input_file_ref idref="fl-16"/>
      </object_component>
      <object_component id="oc-114">
         <name>.text:_system_pre_init</name>
         <load_address>0x2000f5ec</load_address>
         <run_address>0x2000f5ec</run_address>
         <size>0x4</size>
         <input_file_ref idref="fl-e5"/>
      </object_component>
      <object_component id="oc-165">
         <name>.text:abort:abort</name>
         <load_address>0x2000f5f0</load_address>
         <run_address>0x2000f5f0</run_address>
         <size>0x4</size>
         <input_file_ref idref="fl-e7"/>
      </object_component>
      <object_component id="oc-31b">
         <name>.const:.string:_ctypes_</name>
         <load_address>0x2000fba0</load_address>
         <run_address>0x2000fba0</run_address>
         <size>0x101</size>
         <input_file_ref idref="fl-ea"/>
      </object_component>
      <object_component id="oc-2ce">
         <name>.const</name>
         <load_address>0x2000fca1</load_address>
         <run_address>0x2000fca1</run_address>
         <size>0x3</size>
         <input_file_ref idref="fl-4"/>
      </object_component>
      <object_component id="oc-354">
         <name>.const:g_ulPinToPadMap</name>
         <load_address>0x2000fca4</load_address>
         <run_address>0x2000fca4</run_address>
         <size>0x100</size>
         <input_file_ref idref="fl-1f"/>
      </object_component>
      <object_component id="oc-34d">
         <name>.const:PRCM_PeriphRegsList</name>
         <load_address>0x2000fda4</load_address>
         <run_address>0x2000fda4</run_address>
         <size>0xa8</size>
         <input_file_ref idref="fl-20"/>
      </object_component>
      <object_component id="oc-282">
         <name>.const:PowerCC32XX_config</name>
         <load_address>0x2000fe4c</load_address>
         <run_address>0x2000fe4c</run_address>
         <size>0x44</size>
         <input_file_ref idref="fl-4"/>
      </object_component>
      <object_component id="oc-3e3">
         <name>.const:UARTCC32XX_fxnTable</name>
         <load_address>0x2000fe90</load_address>
         <run_address>0x2000fe90</run_address>
         <size>0x28</size>
         <input_file_ref idref="fl-12"/>
      </object_component>
      <object_component id="oc-1f3">
         <name>.const:.string:$P$T0$1</name>
         <load_address>0x2000feb8</load_address>
         <run_address>0x2000feb8</run_address>
         <size>0x25</size>
         <input_file_ref idref="fl-3"/>
      </object_component>
      <object_component id="oc-312">
         <name>.const:UART_defaultParams</name>
         <load_address>0x2000fee0</load_address>
         <run_address>0x2000fee0</run_address>
         <size>0x24</size>
         <input_file_ref idref="fl-e"/>
      </object_component>
      <object_component id="oc-3e7">
         <name>.const:uartCC32XXHWAttrs0</name>
         <load_address>0x2000ff04</load_address>
         <run_address>0x2000ff04</run_address>
         <size>0x24</size>
         <input_file_ref idref="fl-4"/>
      </object_component>
      <object_component id="oc-2ed">
         <name>.const:.string:pinTable</name>
         <load_address>0x2000ff28</load_address>
         <run_address>0x2000ff28</run_address>
         <size>0x21</size>
         <input_file_ref idref="fl-f"/>
      </object_component>
      <object_component id="oc-5fd">
         <name>.const:staticFxnTable</name>
         <load_address>0x2000ff4c</load_address>
         <run_address>0x2000ff4c</run_address>
         <size>0x20</size>
         <input_file_ref idref="fl-12"/>
      </object_component>
      <object_component id="oc-10e">
         <name>.const:g_pulEnRegs</name>
         <load_address>0x2000ff6c</load_address>
         <run_address>0x2000ff6c</run_address>
         <size>0x18</size>
         <input_file_ref idref="fl-1e"/>
      </object_component>
      <object_component id="oc-709">
         <name>.const:g_pulPendRegs</name>
         <load_address>0x2000ff84</load_address>
         <run_address>0x2000ff84</run_address>
         <size>0x18</size>
         <input_file_ref idref="fl-1e"/>
      </object_component>
      <object_component id="oc-2bb">
         <name>.const:GPIOCC32XX_config</name>
         <load_address>0x2000ff9c</load_address>
         <run_address>0x2000ff9c</run_address>
         <size>0x14</size>
         <input_file_ref idref="fl-4"/>
      </object_component>
      <object_component id="oc-308">
         <name>.const:gpioBaseAddresses</name>
         <load_address>0x2000ffb0</load_address>
         <run_address>0x2000ffb0</run_address>
         <size>0x14</size>
         <input_file_ref idref="fl-f"/>
      </object_component>
      <object_component id="oc-6bb">
         <name>.const:parityType</name>
         <load_address>0x2000ffc4</load_address>
         <run_address>0x2000ffc4</run_address>
         <size>0x14</size>
         <input_file_ref idref="fl-12"/>
      </object_component>
      <object_component id="oc-2f0">
         <name>.const:powerResources</name>
         <load_address>0x2000ffd8</load_address>
         <run_address>0x2000ffd8</run_address>
         <size>0x14</size>
         <input_file_ref idref="fl-f"/>
      </object_component>
      <object_component id="oc-6c1">
         <name>.const:dataLength</name>
         <load_address>0x2000ffec</load_address>
         <run_address>0x2000ffec</run_address>
         <size>0x10</size>
         <input_file_ref idref="fl-12"/>
      </object_component>
      <object_component id="oc-2d1">
         <name>.const:UART_config</name>
         <load_address>0x2000fffc</load_address>
         <run_address>0x2000fffc</run_address>
         <size>0xc</size>
         <input_file_ref idref="fl-4"/>
      </object_component>
      <object_component id="oc-2f6">
         <name>.const:outPinTypes</name>
         <load_address>0x20010008</load_address>
         <run_address>0x20010008</run_address>
         <size>0x8</size>
         <input_file_ref idref="fl-f"/>
      </object_component>
      <object_component id="oc-6be">
         <name>.const:stopBits</name>
         <load_address>0x20010010</load_address>
         <run_address>0x20010010</run_address>
         <size>0x8</size>
         <input_file_ref idref="fl-12"/>
      </object_component>
      <object_component id="oc-305">
         <name>.const:.string:interruptType</name>
         <load_address>0x20010018</load_address>
         <run_address>0x20010018</run_address>
         <size>0x6</size>
         <input_file_ref idref="fl-f"/>
      </object_component>
      <object_component id="oc-2f9">
         <name>.const:inPinTypes</name>
         <load_address>0x2001001e</load_address>
         <run_address>0x2001001e</run_address>
         <size>0x6</size>
         <input_file_ref idref="fl-f"/>
      </object_component>
      <object_component id="oc-2f3">
         <name>.const:outPinStrengths</name>
         <load_address>0x20010024</load_address>
         <run_address>0x20010024</run_address>
         <size>0x6</size>
         <input_file_ref idref="fl-f"/>
      </object_component>
      <object_component id="oc-2fc">
         <name>.const:.string:portInterruptIds</name>
         <load_address>0x2001002a</load_address>
         <run_address>0x2001002a</run_address>
         <size>0x4</size>
         <input_file_ref idref="fl-f"/>
      </object_component>
      <object_component id="oc-76c">
         <name>.cinit..data.load</name>
         <load_address>0x20010260</load_address>
         <run_address>0x20010260</run_address>
         <size>0xbe</size>
      </object_component>
      <object_component id="oc-76a">
         <name>__TI_handler_table</name>
         <load_address>0x20010320</load_address>
         <run_address>0x20010320</run_address>
         <size>0xc</size>
      </object_component>
      <object_component id="oc-76d">
         <name>.cinit..bss.load</name>
         <load_address>0x20010330</load_address>
         <run_address>0x20010330</run_address>
         <size>0x8</size>
      </object_component>
      <object_component id="oc-76b">
         <name>__TI_cinit_table</name>
         <load_address>0x20010338</load_address>
         <run_address>0x20010338</run_address>
         <size>0x10</size>
      </object_component>
      <object_component id="oc-3c6">
         <name>.data:gpioPinConfigs</name>
         <load_address>0x2000fb9c</load_address>
         <run_address>0x2000fb9c</run_address>
         <size>0x4</size>
         <input_file_ref idref="fl-4"/>
      </object_component>
      <object_component id="oc-3c9">
         <name>.data:gpioCallbackFunctions</name>
         <load_address>0x2000fb98</load_address>
         <run_address>0x2000fb98</run_address>
         <size>0x4</size>
         <input_file_ref idref="fl-4"/>
      </object_component>
      <object_component id="oc-36a">
         <name>.data:parkInfo</name>
         <load_address>0x2000fa6c</load_address>
         <run_address>0x2000fa6c</run_address>
         <size>0xf8</size>
         <input_file_ref idref="fl-4"/>
      </object_component>
      <object_component id="oc-2cb">
         <name>.data</name>
         <load_address>0x2000fb95</load_address>
         <run_address>0x2000fb95</run_address>
         <size>0x1</size>
         <input_file_ref idref="fl-e"/>
      </object_component>
      <object_component id="oc-2b8">
         <name>.data</name>
         <load_address>0x2000fb64</load_address>
         <run_address>0x2000fb64</run_address>
         <size>0x9</size>
         <input_file_ref idref="fl-f"/>
      </object_component>
      <object_component id="oc-27f">
         <name>.data:PowerCC32XX_module</name>
         <load_address>0x2000f900</load_address>
         <run_address>0x2000f900</run_address>
         <size>0x16c</size>
         <input_file_ref idref="fl-10"/>
      </object_component>
      <object_component id="oc-3ab">
         <name>.data</name>
         <load_address>0x2000fb6d</load_address>
         <run_address>0x2000fb6d</run_address>
         <size>0x3</size>
         <input_file_ref idref="fl-16"/>
      </object_component>
      <object_component id="oc-48c">
         <name>.data:SemaphoreP_defaultParams</name>
         <load_address>0x2000fb80</load_address>
         <run_address>0x2000fb80</run_address>
         <size>0x8</size>
         <input_file_ref idref="fl-16"/>
      </object_component>
      <object_component id="oc-486">
         <name>.data</name>
         <load_address>0x2000fb90</load_address>
         <run_address>0x2000fb90</run_address>
         <size>0x5</size>
         <input_file_ref idref="fl-17"/>
      </object_component>
      <object_component id="oc-51a">
         <name>.data:HwiP_dispatchTable</name>
         <load_address>0x2000f5f4</load_address>
         <run_address>0x2000f5f4</run_address>
         <size>0x30c</size>
         <input_file_ref idref="fl-18"/>
      </object_component>
      <object_component id="oc-523">
         <name>.data</name>
         <load_address>0x2000fb88</load_address>
         <run_address>0x2000fb88</run_address>
         <size>0x8</size>
         <input_file_ref idref="fl-18"/>
      </object_component>
      <object_component id="oc-592">
         <name>.data:$O1$$</name>
         <load_address>0x2000fb78</load_address>
         <run_address>0x2000fb78</run_address>
         <size>0x8</size>
         <input_file_ref idref="fl-df"/>
      </object_component>
      <object_component id="oc-201">
         <name>.data:$O1$$</name>
         <load_address>0x2000fb70</load_address>
         <run_address>0x2000fb70</run_address>
         <size>0x8</size>
         <input_file_ref idref="fl-e8"/>
      </object_component>
      <object_component id="oc-50e">
         <name>.bss:uartCC32XXRingBuffer0</name>
         <uninitialized>true</uninitialized>
         <run_address>0x20010200</run_address>
         <size>0x20</size>
         <input_file_ref idref="fl-4"/>
      </object_component>
      <object_component id="oc-2c7">
         <name>.bss:gpioCallbackInfo</name>
         <uninitialized>true</uninitialized>
         <run_address>0x200101e0</run_address>
         <size>0x20</size>
         <input_file_ref idref="fl-f"/>
      </object_component>
      <object_component id="oc-2be">
         <name>.bss:powerNotifyObj</name>
         <uninitialized>true</uninitialized>
         <run_address>0x20010220</run_address>
         <size>0x14</size>
         <input_file_ref idref="fl-f"/>
      </object_component>
      <object_component id="oc-2b7">
         <name>.bss</name>
         <uninitialized>true</uninitialized>
         <run_address>0x20010234</run_address>
         <size>0x4</size>
         <input_file_ref idref="fl-f"/>
      </object_component>
      <object_component id="oc-659">
         <name>.bss</name>
         <uninitialized>true</uninitialized>
         <run_address>0x20010258</run_address>
         <size>0x4</size>
         <input_file_ref idref="fl-17"/>
      </object_component>
      <object_component id="oc-52c">
         <name>.bss</name>
         <uninitialized>true</uninitialized>
         <run_address>0x20010248</run_address>
         <size>0xd</size>
         <input_file_ref idref="fl-1b"/>
      </object_component>
      <object_component id="oc-3e6">
         <name>.common:uartCC32XXObjects0</name>
         <uninitialized>true</uninitialized>
         <run_address>0x2001015c</run_address>
         <size>0x84</size>
      </object_component>
      <object_component id="oc-668">
         <name>.common:PowerCC32XX_contextSave</name>
         <uninitialized>true</uninitialized>
         <run_address>0x20010030</run_address>
         <size>0x12c</size>
      </object_component>
      <object_component id="oc-e1">
         <name>.common:ClockP_ctrl</name>
         <uninitialized>true</uninitialized>
         <run_address>0x20010238</run_address>
         <size>0x10</size>
      </object_component>
      <object_component id="oc-2a">
         <name>.sysmem</name>
         <uninitialized>true</uninitialized>
         <run_address>0x20004040</run_address>
         <size>0x10</size>
         <input_file_ref idref="fl-df"/>
      </object_component>
      <object_component id="oc-770">
         <name>.sysmem</name>
         <uninitialized>true</uninitialized>
         <run_address>0x20004040</run_address>
         <size>0x0</size>
      </object_component>
      <object_component id="oc-2d">
         <name>.stack</name>
         <uninitialized>true</uninitialized>
         <run_address>0x20003000</run_address>
         <size>0x4</size>
         <input_file_ref idref="fl-e1"/>
      </object_component>
      <object_component id="oc-76f">
         <name>.stack</name>
         <uninitialized>true</uninitialized>
         <run_address>0x20003000</run_address>
         <size>0x0</size>
      </object_component>
      <object_component id="oc-27">
         <name>.resetVecs:retain</name>
         <load_address>0x20004000</load_address>
         <run_address>0x20004000</run_address>
         <size>0x40</size>
         <input_file_ref idref="fl-1a"/>
      </object_component>
      <object_component id="oc-bb">
         <name>.ramVecs</name>
         <uninitialized>true</uninitialized>
         <run_address>0x20000000</run_address>
         <size>0x30c</size>
         <input_file_ref idref="fl-1a"/>
      </object_component>
      <object_component id="oc-14d">
         <name>.debug_info</name>
         <load_address>0x0</load_address>
         <run_address>0x0</run_address>
         <size>0x1b9</size>
         <input_file_ref idref="fl-2"/>
      </object_component>
      <object_component id="oc-11e">
         <name>.debug_info</name>
         <load_address>0x1b9</load_address>
         <run_address>0x1b9</run_address>
         <size>0x151</size>
         <input_file_ref idref="fl-2"/>
      </object_component>
      <object_component id="oc-e7">
         <name>.debug_info</name>
         <load_address>0x30a</load_address>
         <run_address>0x30a</run_address>
         <size>0x26b</size>
         <input_file_ref idref="fl-2"/>
      </object_component>
      <object_component id="oc-36">
         <name>.debug_info</name>
         <load_address>0x575</load_address>
         <run_address>0x575</run_address>
         <size>0x84</size>
         <input_file_ref idref="fl-2"/>
      </object_component>
      <object_component id="oc-148">
         <name>.debug_info</name>
         <load_address>0x5f9</load_address>
         <run_address>0x5f9</run_address>
         <size>0x2a4</size>
         <input_file_ref idref="fl-2"/>
      </object_component>
      <object_component id="oc-21f">
         <name>.debug_info</name>
         <load_address>0x89d</load_address>
         <run_address>0x89d</run_address>
         <size>0xef</size>
         <input_file_ref idref="fl-2"/>
      </object_component>
      <object_component id="oc-12f">
         <name>.debug_info</name>
         <load_address>0x98c</load_address>
         <run_address>0x98c</run_address>
         <size>0xbb</size>
         <input_file_ref idref="fl-2"/>
      </object_component>
      <object_component id="oc-242">
         <name>.debug_info</name>
         <load_address>0xa47</load_address>
         <run_address>0xa47</run_address>
         <size>0x53</size>
         <input_file_ref idref="fl-2"/>
      </object_component>
      <object_component id="oc-1f7">
         <name>.debug_info</name>
         <load_address>0xa9a</load_address>
         <run_address>0xa9a</run_address>
         <size>0x3bf</size>
         <input_file_ref idref="fl-3"/>
      </object_component>
      <object_component id="oc-1f4">
         <name>.debug_info</name>
         <load_address>0xe59</load_address>
         <run_address>0xe59</run_address>
         <size>0xe8</size>
         <input_file_ref idref="fl-3"/>
      </object_component>
      <object_component id="oc-15f">
         <name>.debug_info</name>
         <load_address>0xf41</load_address>
         <run_address>0xf41</run_address>
         <size>0x296</size>
         <input_file_ref idref="fl-3"/>
      </object_component>
      <object_component id="oc-1f8">
         <name>.debug_info</name>
         <load_address>0x11d7</load_address>
         <run_address>0x11d7</run_address>
         <size>0x4cf</size>
         <input_file_ref idref="fl-3"/>
      </object_component>
      <object_component id="oc-23d">
         <name>.debug_info</name>
         <load_address>0x16a6</load_address>
         <run_address>0x16a6</run_address>
         <size>0x3b</size>
         <input_file_ref idref="fl-3"/>
      </object_component>
      <object_component id="oc-1a3">
         <name>.debug_info</name>
         <load_address>0x16e1</load_address>
         <run_address>0x16e1</run_address>
         <size>0x507</size>
         <input_file_ref idref="fl-4"/>
      </object_component>
      <object_component id="oc-3c7">
         <name>.debug_info</name>
         <load_address>0x1be8</load_address>
         <run_address>0x1be8</run_address>
         <size>0x104</size>
         <input_file_ref idref="fl-4"/>
      </object_component>
      <object_component id="oc-3ca">
         <name>.debug_info</name>
         <load_address>0x1cec</load_address>
         <run_address>0x1cec</run_address>
         <size>0x112</size>
         <input_file_ref idref="fl-4"/>
      </object_component>
      <object_component id="oc-2cf">
         <name>.debug_info</name>
         <load_address>0x1dfe</load_address>
         <run_address>0x1dfe</run_address>
         <size>0x172</size>
         <input_file_ref idref="fl-4"/>
      </object_component>
      <object_component id="oc-2bc">
         <name>.debug_info</name>
         <load_address>0x1f70</load_address>
         <run_address>0x1f70</run_address>
         <size>0x10a</size>
         <input_file_ref idref="fl-4"/>
      </object_component>
      <object_component id="oc-283">
         <name>.debug_info</name>
         <load_address>0x207a</load_address>
         <run_address>0x207a</run_address>
         <size>0x10c</size>
         <input_file_ref idref="fl-4"/>
      </object_component>
      <object_component id="oc-50f">
         <name>.debug_info</name>
         <load_address>0x2186</load_address>
         <run_address>0x2186</run_address>
         <size>0x111</size>
         <input_file_ref idref="fl-4"/>
      </object_component>
      <object_component id="oc-3e8">
         <name>.debug_info</name>
         <load_address>0x2297</load_address>
         <run_address>0x2297</run_address>
         <size>0x10b</size>
         <input_file_ref idref="fl-4"/>
      </object_component>
      <object_component id="oc-2d2">
         <name>.debug_info</name>
         <load_address>0x23a2</load_address>
         <run_address>0x23a2</run_address>
         <size>0xfe</size>
         <input_file_ref idref="fl-4"/>
      </object_component>
      <object_component id="oc-36b">
         <name>.debug_info</name>
         <load_address>0x24a0</load_address>
         <run_address>0x24a0</run_address>
         <size>0xf8</size>
         <input_file_ref idref="fl-4"/>
      </object_component>
      <object_component id="oc-1b6">
         <name>.debug_info</name>
         <load_address>0x2598</load_address>
         <run_address>0x2598</run_address>
         <size>0x150</size>
         <input_file_ref idref="fl-4"/>
      </object_component>
      <object_component id="oc-153">
         <name>.debug_info</name>
         <load_address>0x26e8</load_address>
         <run_address>0x26e8</run_address>
         <size>0x186</size>
         <input_file_ref idref="fl-4"/>
      </object_component>
      <object_component id="oc-229">
         <name>.debug_info</name>
         <load_address>0x286e</load_address>
         <run_address>0x286e</run_address>
         <size>0x878</size>
         <input_file_ref idref="fl-4"/>
      </object_component>
      <object_component id="oc-134">
         <name>.debug_info</name>
         <load_address>0x30e6</load_address>
         <run_address>0x30e6</run_address>
         <size>0x100</size>
         <input_file_ref idref="fl-4"/>
      </object_component>
      <object_component id="oc-13e">
         <name>.debug_info</name>
         <load_address>0x31e6</load_address>
         <run_address>0x31e6</run_address>
         <size>0x137</size>
         <input_file_ref idref="fl-4"/>
      </object_component>
      <object_component id="oc-30c">
         <name>.debug_info</name>
         <load_address>0x331d</load_address>
         <run_address>0x331d</run_address>
         <size>0xf8</size>
         <input_file_ref idref="fl-4"/>
      </object_component>
      <object_component id="oc-224">
         <name>.debug_info</name>
         <load_address>0x3415</load_address>
         <run_address>0x3415</run_address>
         <size>0x9a</size>
         <input_file_ref idref="fl-4"/>
      </object_component>
      <object_component id="oc-233">
         <name>.debug_info</name>
         <load_address>0x34af</load_address>
         <run_address>0x34af</run_address>
         <size>0x518</size>
         <input_file_ref idref="fl-4"/>
      </object_component>
      <object_component id="oc-22e">
         <name>.debug_info</name>
         <load_address>0x39c7</load_address>
         <run_address>0x39c7</run_address>
         <size>0xbb</size>
         <input_file_ref idref="fl-4"/>
      </object_component>
      <object_component id="oc-345">
         <name>.debug_info</name>
         <load_address>0x3a82</load_address>
         <run_address>0x3a82</run_address>
         <size>0xb6</size>
         <input_file_ref idref="fl-4"/>
      </object_component>
      <object_component id="oc-238">
         <name>.debug_info</name>
         <load_address>0x3b38</load_address>
         <run_address>0x3b38</run_address>
         <size>0xa1</size>
         <input_file_ref idref="fl-4"/>
      </object_component>
[...]
         <object_component_ref idref="oc-559"/>
      </symbol>
      <symbol id="sm-3f9">
         <name>PowerCC32XX_resumeLPDS</name>
         <value>0x2000e6dd</value>
         <object_component_ref idref="oc-66a"/>
      </symbol>
      <symbol id="sm-583">
         <name>UARTCC32XX_close</name>
         <value>0x2000ccf5</value>
         <object_component_ref idref="oc-4cf"/>
      </symbol>
      <symbol id="sm-584">
         <name>UARTCC32XX_fxnTable</name>
         <value>0x2000fe90</value>
         <object_component_ref idref="oc-3e3"/>
      </symbol>
      <symbol id="sm-585">
         <name>UARTCC32XX_init</name>
         <value>0x2000d4ff</value>
         <object_component_ref idref="oc-4db"/>
      </symbol>
      <symbol id="sm-586">
         <name>UARTCC32XX_writePolling</name>
         <value>0x2000e405</value>
         <object_component_ref idref="oc-4ff"/>
      </symbol>
      <symbol id="sm-587">
         <name>UARTCC32XX_writeCancel</name>
         <value>0x2000e339</value>
         <object_component_ref idref="oc-505"/>
      </symbol>
      <symbol id="sm-588">
         <name>UARTCC32XX_control</name>
         <value>0x2000d01d</value>
         <object_component_ref idref="oc-4d5"/>
      </symbol>
      <symbol id="sm-589">
         <name>UARTCC32XX_open</name>
         <value>0x2000c46d</value>
         <object_component_ref idref="oc-4e1"/>
      </symbol>
      <symbol id="sm-58a">
         <name>UARTCC32XX_readCancel</name>
         <value>0x2000eecd</value>
         <object_component_ref idref="oc-4f3"/>
      </symbol>
      <symbol id="sm-58b">
         <name>UARTCC32XX_write</name>
         <value>0x2000d1f5</value>
         <object_component_ref idref="oc-4f9"/>
      </symbol>
      <symbol id="sm-58c">
         <name>UARTCC32XX_read</name>
         <value>0x2000ecb9</value>
         <object_component_ref idref="oc-4e7"/>
      </symbol>
      <symbol id="sm-58d">
         <name>UARTCC32XX_readPolling</name>
         <value>0x2000d445</value>
         <object_component_ref idref="oc-4ed"/>
      </symbol>
      <symbol id="sm-5a5">
         <name>List_remove</name>
         <value>0x2000f12b</value>
         <object_component_ref idref="oc-6a2"/>
      </symbol>
      <symbol id="sm-5a6">
         <name>List_put</name>
         <value>0x2000f105</value>
         <object_component_ref idref="oc-3b0"/>
      </symbol>
      <symbol id="sm-5d5">
         <name>RingBuf_put</name>
         <value>0x2000e9d5</value>
         <object_component_ref idref="oc-718"/>
      </symbol>
      <symbol id="sm-5d6">
         <name>RingBuf_isFull</name>
         <value>0x2000f55d</value>
         <object_component_ref idref="oc-71e"/>
      </symbol>
      <symbol id="sm-5d7">
         <name>RingBuf_construct</name>
         <value>0x2000f45b</value>
         <object_component_ref idref="oc-5d3"/>
      </symbol>
      <symbol id="sm-5d8">
         <name>RingBuf_peek</name>
         <value>0x2000f1fd</value>
         <object_component_ref idref="oc-5c5"/>
      </symbol>
      <symbol id="sm-5d9">
         <name>RingBuf_get</name>
         <value>0x2000ec79</value>
         <object_component_ref idref="oc-620"/>
      </symbol>
      <symbol id="sm-654">
         <name>SemaphoreP_defaultParams</name>
         <value>0x2000fb80</value>
         <object_component_ref idref="oc-48c"/>
      </symbol>
      <symbol id="sm-655">
         <name>SemaphoreP_construct</name>
         <value>0x2000e781</value>
         <object_component_ref idref="oc-490"/>
      </symbol>
      <symbol id="sm-656">
         <name>SemaphoreP_create</name>
         <value>0x2000f3b9</value>
         <object_component_ref idref="oc-375"/>
      </symbol>
      <symbol id="sm-657">
         <name>SemaphoreP_post</name>
         <value>0x2000eae9</value>
         <object_component_ref idref="oc-2b1"/>
      </symbol>
      <symbol id="sm-658">
         <name>SemaphoreP_pend</name>
         <value>0x2000da61</value>
         <object_component_ref idref="oc-29f"/>
      </symbol>
      <symbol id="sm-659">
         <name>SemaphoreP_delete</name>
         <value>0x2000f5e9</value>
         <object_component_ref idref="oc-299"/>
      </symbol>
      <symbol id="sm-65a">
         <name>SemaphoreP_createBinary</name>
         <value>0x2000f2c7</value>
         <object_component_ref idref="oc-287"/>
      </symbol>
      <symbol id="sm-65b">
         <name>SemaphoreP_Params_init</name>
         <value>0x2000f511</value>
         <object_component_ref idref="oc-36f"/>
      </symbol>
      <symbol id="sm-65c">
         <name>clkFxn</name>
         <value>0x2000e467</value>
         <object_component_ref idref="oc-3a5"/>
      </symbol>
      <symbol id="sm-746">
         <name>ClockP_ctrl</name>
         <value>0x20010238</value>
      </symbol>
      <symbol id="sm-747">
         <name>ClockP_delete</name>
         <value>0x2000f49f</value>
         <object_component_ref idref="oc-5a0"/>
      </symbol>
      <symbol id="sm-748">
         <name>ClockP_doTick</name>
         <value>0x2000e731</value>
         <object_component_ref idref="oc-79"/>
      </symbol>
      <symbol id="sm-749">
         <name>ClockP_setTimeout</name>
         <value>0x2000f5e1</value>
         <object_component_ref idref="oc-725"/>
      </symbol>
      <symbol id="sm-74a">
         <name>ClockP_startup</name>
         <value>0x2000ef39</value>
         <object_component_ref idref="oc-538"/>
      </symbol>
      <symbol id="sm-74b">
         <name>ClockP_stop</name>
         <value>0x2000ea1d</value>
         <object_component_ref idref="oc-4b8"/>
      </symbol>
      <symbol id="sm-74c">
         <name>ClockP_construct</name>
         <value>0x2000ebf9</value>
         <object_component_ref idref="oc-6b4"/>
      </symbol>
      <symbol id="sm-74d">
         <name>ClockP_getTicksUntilInterrupt</name>
         <value>0x2000ef05</value>
         <object_component_ref idref="oc-452"/>
      </symbol>
      <symbol id="sm-74e">
         <name>ClockP_setTicks</name>
         <value>0x2000f4d1</value>
         <object_component_ref idref="oc-47a"/>
      </symbol>
      <symbol id="sm-74f">
         <name>ClockP_tickPeriod</name>
         <value>0x2000fb90</value>
         <object_component_ref idref="oc-486"/>
      </symbol>
      <symbol id="sm-750">
         <name>ClockP_create</name>
         <value>0x2000f2ad</value>
         <object_component_ref idref="oc-5f1"/>
      </symbol>
      <symbol id="sm-751">
         <name>ClockP_Params_init</name>
         <value>0x2000f591</value>
         <object_component_ref idref="oc-5eb"/>
      </symbol>
      <symbol id="sm-752">
         <name>ClockP_getSystemTicks</name>
         <value>0x2000f4c1</value>
         <object_component_ref idref="oc-45e"/>
      </symbol>
      <symbol id="sm-753">
         <name>ClockP_destruct</name>
         <value>0x2000ed39</value>
         <object_component_ref idref="oc-39f"/>
      </symbol>
      <symbol id="sm-754">
         <name>ClockP_start</name>
         <value>0x2000efd5</value>
         <object_component_ref idref="oc-38d"/>
      </symbol>
      <symbol id="sm-755">
         <name>ClockP_sysTickHandler</name>
         <value>0x2000e731</value>
         <object_component_ref idref="oc-79"/>
      </symbol>
      <symbol id="sm-756">
         <name>ClockP_isActive</name>
         <value>0x2000f59b</value>
         <object_component_ref idref="oc-399"/>
      </symbol>
      <symbol id="sm-757">
         <name>ClockP_getCpuFreq</name>
         <value>0x2000f4b1</value>
         <object_component_ref idref="oc-440"/>
      </symbol>
      <symbol id="sm-758">
         <name>ClockP_add</name>
         <value>0x2000f48f</value>
         <object_component_ref idref="oc-387"/>
      </symbol>
      <symbol id="sm-7d9">
         <name>HwiP_delete</name>
         <value>0x2000f4e1</value>
         <object_component_ref idref="oc-59a"/>
      </symbol>
      <symbol id="sm-7da">
         <name>HwiP_construct</name>
         <value>0x2000dd5d</value>
         <object_component_ref idref="oc-3f5"/>
      </symbol>
      <symbol id="sm-7db">
         <name>HwiP_inISR</name>
         <value>0x2000f3e5</value>
         <object_component_ref idref="oc-3b7"/>
      </symbol>
      <symbol id="sm-7dc">
         <name>HwiP_dispatch</name>
         <value>0x2000f151</value>
         <object_component_ref idref="oc-51d"/>
      </symbol>
      <symbol id="sm-7dd">
         <name>HwiP_destruct</name>
         <value>0x2000f1bd</value>
         <object_component_ref idref="oc-699"/>
      </symbol>
      <symbol id="sm-7de">
         <name>HwiP_swiPIntNum</name>
         <value>0x2000fb8c</value>
         <object_component_ref idref="oc-523"/>
      </symbol>
      <symbol id="sm-7df">
         <name>HwiP_Params_init</name>
         <value>0x2000f449</value>
         <object_component_ref idref="oc-2e1"/>
      </symbol>
      <symbol id="sm-7e0">
         <name>HwiP_disable</name>
         <value>0x2000f541</value>
         <object_component_ref idref="oc-28d"/>
      </symbol>
      <symbol id="sm-7e1">
         <name>HwiP_key</name>
         <value>0x2000fb88</value>
         <object_component_ref idref="oc-523"/>
      </symbol>
      <symbol id="sm-7e2">
         <name>HwiP_create</name>
         <value>0x2000f061</value>
         <object_component_ref idref="oc-2e7"/>
      </symbol>
      <symbol id="sm-7e3">
         <name>HwiP_post</name>
         <value>0x2000f5e5</value>
         <object_component_ref idref="oc-57f"/>
      </symbol>
      <symbol id="sm-7e4">
         <name>HwiP_enable</name>
         <value>0x2000f54f</value>
         <object_component_ref idref="oc-158"/>
      </symbol>
      <symbol id="sm-7e5">
         <name>HwiP_restore</name>
         <value>0x2000f4f1</value>
         <object_component_ref idref="oc-293"/>
      </symbol>
      <symbol id="sm-815">
         <name>PowerCC32XX_initPolicy</name>
         <value>0x2000d2bf</value>
         <object_component_ref idref="oc-35e"/>
      </symbol>
      <symbol id="sm-816">
         <name>PowerCC32XX_sleepPolicy</name>
         <value>0x2000c8d9</value>
         <object_component_ref idref="oc-364"/>
      </symbol>
      <symbol id="sm-86b">
         <name>resetISR</name>
         <value>0x2000f2e1</value>
         <object_component_ref idref="oc-21"/>
      </symbol>
      <symbol id="sm-86c">
         <name>resetVectorAddr</name>
         <value>0x2000f2f4</value>
         <object_component_ref idref="oc-21"/>
      </symbol>
      <symbol id="sm-86d">
         <name>initVectors</name>
         <value>0x2000ee5d</value>
         <object_component_ref idref="oc-59"/>
      </symbol>
      <symbol id="sm-86e">
         <name>resetVectors</name>
         <value>0x20004000</value>
         <object_component_ref idref="oc-27"/>
      </symbol>
      <symbol id="sm-89e">
         <name>SwiP_disable</name>
         <value>0x2000f259</value>
         <object_component_ref idref="oc-446"/>
      </symbol>
      <symbol id="sm-89f">
         <name>SwiP_restore</name>
         <value>0x2000eb2d</value>
         <object_component_ref idref="oc-480"/>
      </symbol>
      <symbol id="sm-8aa">
         <name>CPUcpsid</name>
         <value>0x2000f3cf</value>
         <object_component_ref idref="oc-a3"/>
      </symbol>
      <symbol id="sm-8ef">
         <name>IntVTableBaseSet</name>
         <value>0x2000f3f9</value>
         <object_component_ref idref="oc-af"/>
      </symbol>
      <symbol id="sm-8f0">
         <name>IntEnable</name>
         <value>0x2000d7cd</value>
         <object_component_ref idref="oc-b5"/>
      </symbol>
      <symbol id="sm-8f1">
         <name>IntMasterDisable</name>
         <value>0x2000f5a5</value>
         <object_component_ref idref="oc-53"/>
      </symbol>
      <symbol id="sm-8f2">
         <name>IntPendSet</name>
         <value>0x2000dde9</value>
         <object_component_ref idref="oc-68d"/>
      </symbol>
      <symbol id="sm-92c">
         <name>PinModeGet</name>
         <value>0x2000ef6d</value>
         <object_component_ref idref="oc-26c"/>
      </symbol>
      <symbol id="sm-92d">
         <name>PinConfigSet</name>
         <value>0x2000de71</value>
         <object_component_ref idref="oc-2d5"/>
      </symbol>
      <symbol id="sm-92e">
         <name>PinModeSet</name>
         <value>0x2000ec39</value>
         <object_component_ref idref="oc-272"/>
      </symbol>
      <symbol id="sm-92f">
         <name>PinToPadGet</name>
         <value>0x2000f23d</value>
         <object_component_ref idref="oc-5be"/>
      </symbol>
      <symbol id="sm-9f8">
         <name>PRCMLPDSRestoreInfoSet</name>
         <value>0x2000ea61</value>
         <object_component_ref idref="oc-66f"/>
      </symbol>
      <symbol id="sm-9f9">
         <name>PRCMPeripheralReset</name>
         <value>0x2000e5d9</value>
         <object_component_ref idref="oc-260"/>
      </symbol>
      <symbol id="sm-9fa">
         <name>PRCMLPDSEnter</name>
         <value>0x2000e8fd</value>
         <object_component_ref idref="oc-570"/>
      </symbol>
      <symbol id="sm-9fb">
         <name>PRCMPeripheralClkEnable</name>
         <value>0x2000e945</value>
         <object_component_ref idref="oc-25a"/>
      </symbol>
      <symbol id="sm-9fc">
         <name>PRCMLPDSEnterKeepDebugIf</name>
         <value>0x2000eded</value>
         <object_component_ref idref="oc-576"/>
      </symbol>
      <symbol id="sm-9fd">
         <name>PRCMCC3200MCUInit</name>
         <value>0x2000c041</value>
         <object_component_ref idref="oc-1a9"/>
      </symbol>
      <symbol id="sm-9fe">
         <name>PRCMHIBRegWrite</name>
         <value>0x2000f3a3</value>
         <object_component_ref idref="oc-24e"/>
      </symbol>
      <symbol id="sm-9ff">
         <name>PRCMSysResetCauseGet</name>
         <value>0x2000e469</value>
         <object_component_ref idref="oc-247"/>
      </symbol>
      <symbol id="sm-a00">
         <name>PRCMPeripheralClkDisable</name>
         <value>0x2000f08d</value>
         <object_component_ref idref="oc-266"/>
      </symbol>
      <symbol id="sm-a01">
         <name>PRCMHIBRegRead</name>
         <value>0x2000f38d</value>
         <object_component_ref idref="oc-254"/>
      </symbol>
      <symbol id="sm-a15">
         <name>UARTBusy</name>
         <value>0x2000f32d</value>
         <object_component_ref idref="oc-628"/>
      </symbol>
      <symbol id="sm-a16">
         <name>UARTIntEnable</name>
         <value>0x2000f345</value>
         <object_component_ref idref="oc-6f8"/>
      </symbol>
      <symbol id="sm-a1a">
         <name>UtilsDelay</name>
         <value>0x2000f5db</value>
         <object_component_ref idref="oc-24d"/>
      </symbol>
      <symbol id="sm-a2a">
         <name>FlashDisable</name>
         <value>0x2000e8b5</value>
         <object_component_ref idref="oc-685"/>
      </symbol>
      <symbol id="sm-a33">
         <name>__aeabi_lmul</name>
         <value>0x2000f375</value>
         <object_component_ref idref="oc-475"/>
      </symbol>
      <symbol id="sm-a4e">
         <name>memcpy</name>
         <value>0x2000db01</value>
         <object_component_ref idref="oc-3b"/>
      </symbol>
      <symbol id="sm-a4f">
         <name>__aeabi_memcpy</name>
         <value>0x2000db01</value>
         <object_component_ref idref="oc-3b"/>
      </symbol>
      <symbol id="sm-a50">
         <name>__aeabi_memcpy8</name>
         <value>0x2000db01</value>
         <object_component_ref idref="oc-3b"/>
      </symbol>
      <symbol id="sm-a51">
         <name>__aeabi_memcpy4</name>
         <value>0x2000db01</value>
         <object_component_ref idref="oc-3b"/>
      </symbol>
      <symbol id="sm-a5e">
         <name>__aeabi_uldivmod</name>
         <value>0x2000dc35</value>
         <object_component_ref idref="oc-46a"/>
      </symbol>
      <symbol id="sm-a72">
         <name>__TI_zero_init_nomemset</name>
         <value>0x2000f275</value>
         <object_component_ref idref="oc-47"/>
      </symbol>
      <symbol id="sm-a89">
         <name>__TI_decompress_none</name>
         <value>0x2000f56b</value>
         <object_component_ref idref="oc-1a"/>
      </symbol>
      <symbol id="sm-aac">
         <name>__TI_decompress_lzss</name>
         <value>0x2000e2d1</value>
         <object_component_ref idref="oc-14"/>
      </symbol>
      <symbol id="sm-b35">
         <name>_sys_memory</name>
         <value>0x20004040</value>
         <object_component_ref idref="oc-2a"/>
      </symbol>
      <symbol id="sm-b36">
         <name>free</name>
         <value>0x2000d111</value>
         <object_component_ref idref="oc-380"/>
      </symbol>
      <symbol id="sm-b37">
         <name>memalign</name>
         <value>0x2000cf1d</value>
         <object_component_ref idref="oc-513"/>
      </symbol>
      <symbol id="sm-b38">
         <name>malloc</name>
         <value>0x2000f5c3</value>
         <object_component_ref idref="oc-3ef"/>
      </symbol>
      <symbol id="sm-b39">
         <name>aligned_alloc</name>
         <value>0x2000cf1d</value>
         <object_component_ref idref="oc-513"/>
      </symbol>
      <symbol id="sm-b48">
         <name>toupper</name>
         <value>0x2000f531</value>
         <object_component_ref idref="oc-1ed"/>
      </symbol>
      <symbol id="sm-b5a">
         <name>__stack</name>
         <value>0x20003000</value>
         <object_component_ref idref="oc-2d"/>
      </symbol>
      <symbol id="sm-b5b">
         <name>_c_int00_noargs</name>
         <value>0x2000f199</value>
         <object_component_ref idref="oc-c5"/>
      </symbol>
      <symbol id="sm-b65">
         <name>__aeabi_idiv0</name>
         <value>0x2000ef03</value>
         <object_component_ref idref="oc-541"/>
      </symbol>
      <symbol id="sm-b66">
         <name>__aeabi_ldiv0</name>
         <value>0x2000ef03</value>
         <object_component_ref idref="oc-541"/>
      </symbol>
      <symbol id="sm-b8f">
         <name>__TI_auto_init_nobinit_nopinit</name>
         <value>0x2000ebb5</value>
         <object_component_ref idref="oc-171"/>
      </symbol>
      <symbol id="sm-b99">
         <name>_system_pre_init</name>
         <value>0x2000f5ed</value>
         <object_component_ref idref="oc-114"/>
      </symbol>
      <symbol id="sm-ba5">
         <name>C$$EXIT</name>
         <value>0x2000f5f1</value>
         <object_component_ref idref="oc-165"/>
      </symbol>
      <symbol id="sm-ba6">
         <name>abort</name>
         <value>0x2000f5f1</value>
         <object_component_ref idref="oc-165"/>
      </symbol>
      <symbol id="sm-bbb">
         <name>_nop</name>
         <value>0x2000dccb</value>
         <object_component_ref idref="oc-326"/>
      </symbol>
      <symbol id="sm-bbc">
         <name>_lock</name>
         <value>0x2000fb70</value>
         <object_component_ref idref="oc-201"/>
      </symbol>
      <symbol id="sm-bbd">
         <name>_unlock</name>
         <value>0x2000fb74</value>
         <object_component_ref idref="oc-201"/>
      </symbol>
      <symbol id="sm-bc9">
         <name>_ctypes_</name>
         <value>0x2000fba0</value>
         <object_component_ref idref="oc-31b"/>
      </symbol>
      <symbol id="sm-bca">
         <name>__TI_static_base__</name>
         <value>0x20010260</value>
      </symbol>
      <symbol id="sm-bcd">
         <name>ITM_flush</name>
         <value>0x0</value>
      </symbol>
      <symbol id="sm-bce">
         <name>ITM_restore</name>
         <value>0x0</value>
      </symbol>
      <symbol id="sm-bcf">
         <name>__mpu_init</name>
         <value>0x0</value>
      </symbol>
      <symbol id="sm-bd0">
         <name>_system_post_cinit</name>
         <value>0x0</value>
      </symbol>
      <symbol id="sm-bd1">
         <name>NoRTOS_start</name>
         <value>0x2000f54f</value>
      </symbol>
   </symbol_table>
   <title>Link successful</title>
</link_info>
