******************************************************************************
                  TI ARM Linker PC v20.2.7                     
******************************************************************************
>> Linked Mon Aug  5 00:27:37 2024

OUTPUT FILE NAME:   <gpiointerrupt_CC3220S_LAUNCHXL_nortos_ccs.out>
ENTRY POINT SYMBOL: "resetISR"  address: 20010ea5


MEMORY CONFIGURATION

         name            origin    length      used     unused   attr    fill
----------------------  --------  ---------  --------  --------  ----  --------
  SRAM2                 20000000   00004000  0000130c  00002cf4  RW X
  SRAM                  20004000   0003c000  0000e29c  0002dd64  RW X
  LOG_DATA              90000000   00040000  00000000  00040000  R   


SEGMENT ALLOCATION MAP

run origin  load origin   length   init length attrs members
----------  ----------- ---------- ----------- ----- -------
20003000    20003000    00001000   00000000    rw-
  20003000    20003000    00001000   00000000    rw- .stack
20004000    20004000    00000040   00000040    r--
  20004000    20004000    00000040   00000040    r-- .resetVecs
20004040    20004040    00008000   00000000    rw-
  20004040    20004040    00008000   00000000    rw- .sysmem
2000c040    2000c040    000051c4   000051c4    r-x
  2000c040    2000c040    000051c4   000051c4    r-x .text
20011204    20011204    000007b8   00000000    rw-
  20011204    20011204    000007b8   00000000    rw- .data
200119bc    200119bc    00000400   00000400    r--
  200119bc    200119bc    00000400   00000400    r-- .const
20011dc0    20011dc0    00000388   00000000    rw-
  20011dc0    20011dc0    00000388   00000000    rw- .bss
20012148    20012148    00000158   00000158    r--
  20012148    20012148    00000158   00000158    r-- .cinit


SECTION ALLOCATION MAP

 output                                  attributes/
section   page    origin      length       input sections
--------  ----  ----------  ----------   ----------------
.text      0    2000c040    000051c4     
                  2000c040    00000a4e     rtsv7M4_T_le_eabi.lib : _printfi.c.obj (.text:__TI_printfi)
                  2000ca8e    00000002     ti_drivers_config.obj (.text:Board_initHook)
                  2000ca90    0000042c     driverlib.a : prcm.obj (.text:PRCMCC3200MCUInit)
                  2000cebc    00000268     rtsv7M4_T_le_eabi.lib : _printfi.c.obj (.text:_pconv_a)
                  2000d124    000001e4     drivers_cc32xx.a : GPIOCC32XX.oem4 (.text:GPIO_setConfig)
                  2000d308    000001cc     rtsv7M4_T_le_eabi.lib : _printfi.c.obj (.text:_pconv_g)
                  2000d4d4    000001b6                           : fd_add_t2.asm.obj (.text)
                  2000d68a    00000002     nortos_cc32xx.a : PowerCC32XX_nortos.oem4 (.text:PowerCC32XX_initPolicy)
                  2000d68c    0000019c                     : PowerCC32XX_nortos.oem4 (.text:PowerCC32XX_sleepPolicy)
                  2000d828    00000178     gpiointerrupt.obj (.text:timerCallback)
                  2000d9a0    00000148     drivers_cc32xx.a : PowerCC32XX.oem4 (.text:parkPins)
                  2000dae8    0000013c     rtsv7M4_T_le_eabi.lib : _printfi.c.obj (.text:_pconv_e)
                  2000dc24    00000138     drivers_cc32xx.a : PowerCC32XX.oem4 (.text:Power_sleep)
                  2000dd5c    00000136     rtsv7M4_T_le_eabi.lib : fd_div_t2.asm.obj (.text)
                  2000de92    00000002     drivers_cc32xx.a : TimerCC32XX.oem4 (.text:TimerCC32XX_init)
                  2000de94    00000128                      : TimerCC32XX.oem4 (.text:TimerCC32XX_open)
                  2000dfbc    00000120     rtsv7M4_T_le_eabi.lib : _printfi.c.obj (.text:fcvt)
                  2000e0dc    00000114                           : fputs.c.obj (.text:fputs)
                  2000e1f0    00000100                           : memory.c.obj (.text:aligned_alloc)
                  2000e2f0    000000fc                           : fd_mul_t2.asm.obj (.text)
                  2000e3ec    000000e4                           : memory.c.obj (.text:free)
                  2000e4d0    000000dc                           : setvbuf.c.obj (.text:setvbuf)
                  2000e5ac    000000d0                           : s_scalbn.c.obj (.text:scalbn)
                  2000e67c    000000c4     drivers_cc32xx.a : GPIOCC32XX.oem4 (.text:GPIO_init)
                  2000e740    000000c0                      : PowerCC32XX.oem4 (.text:restoreParkedPins)
                  2000e800    000000b1     rtsv7M4_T_le_eabi.lib : _printfi.c.obj (.text:_ltostr)
                  2000e8b1    00000001     --HOLE-- [fill = 0]
                  2000e8b2    00000002                           : _lock.c.obj (.text:_nop)
                  2000e8b4    000000a8     driverlib.a : interrupt.obj (.text:IntEnable)
                  2000e95c    000000a8     drivers_cc32xx.a : PowerCC32XX.oem4 (.text:PowerCC32XX_configureWakeup)
                  2000ea04    000000a0     nortos_cc32xx.a : SemaphoreP_nortos.oem4 (.text:SemaphoreP_pend)
                  2000eaa4    0000009c     rtsv7M4_T_le_eabi.lib : memcpy_t2.asm.obj (.text)
                  2000eb40    00000098     drivers_cc32xx.a : GPIOCC32XX.oem4 (.text:powerNotifyFxn)
                  2000ebd8    00000096     rtsv7M4_T_le_eabi.lib : ull_div_t2.asm.obj (.text)
                  2000ec6e    00000002     nortos_cc32xx.a : startup_cc32xx_ccs.oem4 (.text:busFaultHandler)
                  2000ec70    00000090     drivers_cc32xx.a : PowerCC32XX.oem4 (.text:restoreNVICRegs)
                  2000ed00    0000008c     nortos_cc32xx.a : HwiPCC32XX_nortos.oem4 (.text:HwiP_construct)
                  2000ed8c    0000008c     rtsv7M4_T_le_eabi.lib : fputc.c.obj (.text:fputc)
                  2000ee18    00000088     driverlib.a : interrupt.obj (.text:IntPendSet)
                  2000eea0    00000088                 : pin.obj (.text:PinConfigSet)
                  2000ef28    00000088     drivers_cc32xx.a : TimerCC32XX.oem4 (.text:TimerCC32XX_setPeriod)
                  2000efb0    00000086     rtsv7M4_T_le_eabi.lib : fd_cmp_t2.asm.obj (.text:__aeabi_cdcmple)
                  2000f036    00000086                           : fd_cmp_t2.asm.obj (.text:__aeabi_cdrcmple)
                  2000f0bc    00000084     drivers_cc32xx.a : PowerCC32XX.oem4 (.text:Power_init)
                  2000f140    00000084                      : PowerCC32XX.oem4 (.text:saveNVICRegs)
                  2000f1c4    00000080                      : PowerCC32XX.oem4 (.text:Power_setDependency)
                  2000f244    0000007a     rtsv7M4_T_le_eabi.lib : memset_t2.asm.obj (.text)
                  2000f2be    00000002     nortos_cc32xx.a : SemaphoreP_nortos.oem4 (.text:clkFxn)
                  2000f2c0    00000078     drivers_cc32xx.a : GPIOCC32XX.oem4 (.text:GPIO_hwiIntFxn)
                  2000f338    00000078                      : TimerCC32XX.oem4 (.text:TimerCC32XX_start)
                  2000f3b0    00000074     rtsv7M4_T_le_eabi.lib : fclose.c.obj (.text:__TI_closefile)
                  2000f424    00000070                           : memory.c.obj (.text:split)
                  2000f494    0000006e                           : _printfi.c.obj (.text:_mcpy)
                  2000f502    00000002     nortos_cc32xx.a : startup_cc32xx_ccs.oem4 (.text:defaultHandler)
                  2000f504    0000006c     rtsv7M4_T_le_eabi.lib : hostrename.c.obj (.text:HOSTrename)
                  2000f570    00000068                           : hostlseek.c.obj (.text:HOSTlseek)
                  2000f5d8    00000068                           : copy_decompress_lzss.c.obj (.text:decompress:lzss:__TI_decompress_lzss)
                  2000f640    00000068                           : printf.c.obj (.text:printf)
                  2000f6a8    00000064     drivers_cc32xx.a : GPIOCC32XX.oem4 (.text:GPIO_toggle)
                  2000f70c    00000064                      : PowerCC32XX.oem4 (.text:PowerCC32XX_setParkState)
                  2000f770    00000064     rtsv7M4_T_le_eabi.lib : fseek.c.obj (.text:fseek)
                  2000f7d4    00000062                           : _io_perm.c.obj (.text:__TI_wrt_ok)
                  2000f836    00000002     nortos_cc32xx.a : startup_cc32xx_ccs.oem4 (.text:faultISR)
                  2000f838    00000060     rtsv7M4_T_le_eabi.lib : hostopen.c.obj (.text:HOSTopen)
                  2000f898    00000060     driverlib.a : prcm.obj (.text:PRCMSysResetCauseGet)
                  2000f8f8    0000005c     drivers_cc32xx.a : GPIOCC32XX.oem4 (.text:GPIO_setCallback)
                  2000f954    0000005c     rtsv7M4_T_le_eabi.lib : close.c.obj (.text:close)
                  2000f9b0    0000005c                           : s_frexp.c.obj (.text:frexp)
                  2000fa0c    0000005c     nortos_cc32xx.a : ClockPSysTick_nortos.oem4 (.text:sysTickInit)
                  2000fa68    00000058     drivers_cc32xx.a : GPIOCC32XX.oem4 (.text:GPIO_write)
                  2000fac0    00000058     rtsv7M4_T_le_eabi.lib : hostread.c.obj (.text:HOSTread)
                  2000fb18    00000058                           : hostwrite.c.obj (.text:HOSTwrite)
                  2000fb70    00000058     driverlib.a : prcm.obj (.text:PRCMPeripheralReset)
                  2000fbc8    00000058     drivers_cc32xx.a : PowerCC32XX.oem4 (.text:Power_releaseDependency)
                  2000fc20    00000056                      : TimerCC32XX.oem4 (.text:TimerCC32XX_stop)
                  2000fc76    00000056     rtsv7M4_T_le_eabi.lib : _printfi.c.obj (.text:_pconv_f)
                  2000fccc    00000054                           : _ltoa.c.obj (.text:__TI_ltoa)
                  2000fd20    00000052     drivers_cc32xx.a : PowerCC32XX_asm.oem4 (.text:PowerCC32XX_resumeLPDS)
                  2000fd72    00000052     rtsv7M4_T_le_eabi.lib : _printfi.c.obj (.text:_ecpy)
                  2000fdc4    00000052     drivers_cc32xx.a : TimerCC32XX.oem4 (.text:initHw)
                  2000fe16    00000002     nortos_cc32xx.a : startup_cc32xx_ccs.oem4 (.text:nmiISR)
                  2000fe18    00000050                     : ClockPSysTick_nortos.oem4 (.text:ClockP_sysTickHandler)
                  2000fe68    00000050                     : SemaphoreP_nortos.oem4 (.text:SemaphoreP_construct)
                  2000feb8    00000050     drivers_cc32xx.a : TimerCC32XX.oem4 (.text:TimerCC32XX_allocateTimerResource)
                  2000ff08    00000050     gpiointerrupt.obj (.text:initTimer)
                  2000ff58    00000050     gpiointerrupt.obj (.text:mainThread)
                  2000ffa8    0000004c     drivers_cc32xx.a : GPIOCC32XX.oem4 (.text:GPIO_enableInt)
                  2000fff4    0000004c                      : PowerCC32XX.oem4 (.text:PowerCC32XX_parkPin)
                  20010040    0000004c     rtsv7M4_T_le_eabi.lib : fflush.c.obj (.text:__TI_doflush)
                  2001008c    0000004c                           : atoi.c.obj (.text:atoi)
                  200100d8    0000004c     drivers_cc32xx.a : PowerCC32XX.oem4 (.text:restorePeriphClocks)
                  20010124    00000048     driverlib.a : flash.obj (.text:FlashDisable)
                  2001016c    00000048                 : prcm.obj (.text:PRCMLPDSEnter)
                  200101b4    00000048                 : prcm.obj (.text:PRCMPeripheralClkEnable)
                  200101fc    00000048     drivers_cc32xx.a : PowerCC32XX.oem4 (.text:Power_releaseConstraint)
                  20010244    00000048     rtsv7M4_T_le_eabi.lib : exit.c.obj (.text:exit)
                  2001028c    00000048                           : fd_toi_t2.asm.obj (.text)
                  200102d4    00000046     drivers_cc32xx.a : TimerCC32XX.oem4 (.text:getPrescaler)
                  2001031a    00000002     rtsv7M4_T_le_eabi.lib : div0.asm.obj (.text)
                  2001031c    00000044     nortos_cc32xx.a : ClockPSysTick_nortos.oem4 (.text:ClockP_stop)
                  20010360    00000044     rtsv7M4_T_le_eabi.lib : hostclose.c.obj (.text:HOSTclose)
                  200103a4    00000044                           : hostunlink.c.obj (.text:HOSTunlink)
                  200103e8    00000044     driverlib.a : prcm.obj (.text:PRCMLPDSRestoreInfoSet)
                  2001042c    00000044     drivers_cc32xx.a : PowerCC32XX_asm.oem4 (.text:PowerCC32XX_enterLPDS)
                  20010470    00000044     nortos_cc32xx.a : SemaphoreP_nortos.oem4 (.text:SemaphoreP_post)
                  200104b4    00000044                     : SwiP_nortos.oem4 (.text:SwiP_restore)
                  200104f8    00000044     drivers_cc32xx.a : Timer.oem4 (.text:Timer_init)
                  2001053c    00000044     rtsv7M4_T_le_eabi.lib : autoinit.c.obj (.text:__TI_auto_init_nobinit_nopinit:__TI_auto_init_nobinit_nopinit)
                  20010580    00000044                           : getdevice.c.obj (.text:getdevice)
                  200105c4    00000040     driverlib.a : pin.obj (.text:PinModeSet)
                  20010604    00000040     drivers_cc32xx.a : Timer.oem4 (.text:Timer_open)
                  20010644    0000003e     rtsv7M4_T_le_eabi.lib : _printfi.c.obj (.text:_fcpy)
                  20010682    00000002     --HOLE-- [fill = 0]
                  20010684    0000003c     nortos_cc32xx.a : ClockPSysTick_nortos.oem4 (.text:ClockP_destruct)
                  200106c0    0000003c     drivers_cc32xx.a : PowerCC32XX.oem4 (.text:Power_setConstraint)
                  200106fc    0000003a                      : TimerCC32XX.oem4 (.text:TimerCC32XX_close)
                  20010736    0000003a     nortos_cc32xx.a : PowerCC32XX_nortos.oem4 (.text:getCountsRTC)
                  20010770    00000038     driverlib.a : prcm.obj (.text:PRCMLPDSEnterKeepDebugIf)
                  200107a8    00000038     drivers_cc32xx.a : TimerCC32XX.oem4 (.text:TimerCC32XX_hwiIntFunction)
                  200107e0    00000038     rtsv7M4_T_le_eabi.lib : trgmsg.c.obj (.text:__TI_writemsg)
                  20010818    00000038     nortos_cc32xx.a : ClockPSysTick_nortos.oem4 (.text:addToList)
                  20010850    00000038                     : startup_cc32xx_ccs.oem4 (.text:initVectors)
                  20010888    00000038     drivers_cc32xx.a : PowerCC32XX.oem4 (.text:notify)
                  200108c0    00000036     driverlib.a : timer.obj (.text:TimerControlStall)
                  200108f6    00000036     rtsv7M4_T_le_eabi.lib : strncpy.c.obj (.text:strncpy)
                  2001092c    00000034     nortos_cc32xx.a : ClockPSysTick_nortos.oem4 (.text:ClockP_getTicksUntilInterrupt)
                  20010960    00000034                     : ClockPSysTick_nortos.oem4 (.text:ClockP_startup)
                  20010994    00000034     driverlib.a : pin.obj (.text:PinModeGet)
                  200109c8    00000034     drivers_cc32xx.a : TimerCC32XX.oem4 (.text:TimerCC32XX_freeTimerResource)
                  200109fc    00000034     rtsv7M4_T_le_eabi.lib : fopen.c.obj (.text:__TI_cleanup)
                  20010a30    00000034                           : trgmsg.c.obj (.text:__TI_readmsg)
                  20010a64    00000034     drivers_cc32xx.a : TimerCC32XX.oem4 (.text:getPowerMgrId)
                  20010a98    00000030     nortos_cc32xx.a : ClockPSysTick_nortos.oem4 (.text:ClockP_start)
                  20010ac8    00000030     drivers_cc32xx.a : PowerCC32XX.oem4 (.text:PowerCC32XX_restoreParkedPin)
                  20010af8    00000030     rtsv7M4_T_le_eabi.lib : getdevice.c.obj (.text:finddevice)
                  20010b28    0000002e                           : i_tofd_t2.asm.obj (.text)
                  20010b56    00000002     --HOLE-- [fill = 0]
                  20010b58    0000002c                           : unlink.c.obj (.text:unlink)
                  20010b84    0000002a     nortos_cc32xx.a : HwiPCC32XX_nortos.oem4 (.text:HwiP_create)
                  20010bae    0000002a     driverlib.a : timer.obj (.text:TimerLoadSet)
                  20010bd8    0000002a                 : timer.obj (.text:TimerPrescaleSet)
                  20010c02    00000002     --HOLE-- [fill = 0]
                  20010c04    00000028                 : prcm.obj (.text:PRCMPeripheralClkDisable)
                  20010c2c    00000028     drivers_cc32xx.a : PowerCC32XX.oem4 (.text:Power_registerNotify)
                  20010c54    00000028     rtsv7M4_T_le_eabi.lib : memory.c.obj (.text:free_list_insert)
                  20010c7c    00000028                           : lseek.c.obj (.text:lseek)
                  20010ca4    00000028                           : write.c.obj (.text:write)
                  20010ccc    00000026     drivers_cc32xx.a : List.oem4 (.text:List_put)
                  20010cf2    00000026                      : List.oem4 (.text:List_remove)
                  20010d18    00000024     nortos_cc32xx.a : HwiPCC32XX_nortos.oem4 (.text:HwiP_dispatch)
                  20010d3c    00000024     rtsv7M4_T_le_eabi.lib : boot_cortex_m.c.obj (.text:_c_int00_noargs:_c_int00_noargs)
                  20010d60    00000020     nortos_cc32xx.a : HwiPCC32XX_nortos.oem4 (.text:HwiP_destruct)
                  20010d80    00000020     drivers_cc32xx.a : PowerCC32XX.oem4 (.text:Power_unregisterNotify)
                  20010da0    00000020     rtsv7M4_T_le_eabi.lib : memchr.c.obj (.text:memchr)
                  20010dc0    0000001e     driverlib.a : timer.obj (.text:TimerDisable)
                  20010dde    0000001e                 : timer.obj (.text:TimerEnable)
                  20010dfc    0000001c                 : pin.obj (.text:PinToPadGet)
                  20010e18    0000001c     nortos_cc32xx.a : SwiP_nortos.oem4 (.text:SwiP_disable)
                  20010e34    0000001c     rtsv7M4_T_le_eabi.lib : copy_zero_init.c.obj (.text:decompress:ZI:__TI_zero_init_nomemset:__TI_zero_init_nomemset)
                  20010e50    0000001c                           : memory.c.obj (.text:free_list_remove)
                  20010e6c    0000001c                           : memccpy.c.obj (.text:memccpy)
                  20010e88    0000001a     nortos_cc32xx.a : SemaphoreP_nortos.oem4 (.text:SemaphoreP_createBinary)
                  20010ea2    00000002     --HOLE-- [fill = 0]
                  20010ea4    0000001a                     : startup_cc32xx_ccs.oem4 (.text:resetISR)
                  20010ebe    00000002     --HOLE-- [fill = 0]
                  20010ec0    00000018     drivers_cc32xx.a : PowerCC32XX.oem4 (.text:Power_getTransitionLatency)
                  20010ed8    00000018                      : PowerCC32XX.oem4 (.text:Power_idleFunc)
                  20010ef0    00000018                      : TimerCC32XX.oem4 (.text:TimerCC32XX_getCount)
                  20010f08    00000018     driverlib.a : timer.obj (.text:TimerIntDisable)
                  20010f20    00000018                 : timer.obj (.text:TimerIntEnable)
                  20010f38    00000018     gpiointerrupt.obj (.text:gpioButtonFxn1)
                  20010f50    00000018     rtsv7M4_T_le_eabi.lib : ll_mul_t2.asm.obj (.text)
                  20010f68    00000018                           : strcmp.c.obj (.text:strcmp)
                  20010f80    00000016     driverlib.a : prcm.obj (.text:PRCMHIBRegRead)
                  20010f96    00000016                 : prcm.obj (.text:PRCMHIBRegWrite)
                  20010fac    00000016     nortos_cc32xx.a : SemaphoreP_nortos.oem4 (.text:SemaphoreP_create)
                  20010fc2    00000016     rtsv7M4_T_le_eabi.lib : strchr.c.obj (.text:strchr)
                  20010fd8    00000014     driverlib.a : cpu.obj (.text:CPUcpsid)
                  20010fec    00000014     nortos_cc32xx.a : HwiPCC32XX_nortos.oem4 (.text:HwiP_inISR)
                  20011000    00000014     driverlib.a : interrupt.obj (.text:IntVTableBaseSet)
                  20011014    00000014     drivers_cc32xx.a : PowerCC32XX.oem4 (.text:Power_disablePolicy)
                  20011028    00000014                      : PowerCC32XX.oem4 (.text:Power_getDependencyCount)
                  2001103c    00000014     rtsv7M4_T_le_eabi.lib : strcpy.c.obj (.text:strcpy)
                  20011050    00000014                           : strlen.c.obj (.text:strlen)
                  20011064    00000012     nortos_cc32xx.a : HwiPCC32XX_nortos.oem4 (.text:HwiP_Params_init)
                  20011076    00000012     driverlib.a : timer.obj (.text:TimerIntClear)
                  20011088    00000012     main_nortos.obj (.text:main)
                  2001109a    00000012     rtsv7M4_T_le_eabi.lib : wcslen.c.obj (.text:wcslen)
                  200110ac    00000010     ti_drivers_config.obj (.text:Board_init)
                  200110bc    00000010     nortos_cc32xx.a : ClockPSysTick_nortos.oem4 (.text:ClockP_add)
                  200110cc    00000010                     : ClockPSysTick_nortos.oem4 (.text:ClockP_getCpuFreq)
                  200110dc    00000010                     : ClockPSysTick_nortos.oem4 (.text:ClockP_getSystemTicks)
                  200110ec    00000010                     : ClockPSysTick_nortos.oem4 (.text:ClockP_setTicks)
                  200110fc    00000010                     : HwiPCC32XX_nortos.oem4 (.text:HwiP_delete)
                  2001110c    00000010                     : HwiPCC32XX_nortos.oem4 (.text:HwiP_restore)
                  2001111c    00000010     drivers_cc32xx.a : PowerCC32XX.oem4 (.text:Power_enablePolicy)
                  2001112c    00000010     nortos_cc32xx.a : SemaphoreP_nortos.oem4 (.text:SemaphoreP_Params_init)
                  2001113c    00000010     drivers_cc32xx.a : Timer.oem4 (.text:Timer_Params_init)
                  2001114c    0000000e     nortos_cc32xx.a : HwiPCC32XX_nortos.oem4 (.text:HwiP_clearInterrupt)
                  2001115a    0000000e                     : HwiPCC32XX_nortos.oem4 (.text:HwiP_disable)
                  20011168    0000000e                     : HwiPCC32XX_nortos.oem4 (.text:HwiP_enable)
                  20011176    0000000e     rtsv7M4_T_le_eabi.lib : copy_decompress_none.c.obj (.text:decompress:none:__TI_decompress_none)
                  20011184    0000000c     drivers_cc32xx.a : PowerCC32XX.oem4 (.text:Power_getConstraintMask)
                  20011190    0000000c     rtsv7M4_T_le_eabi.lib : s_copysign.c.obj (.text:copysign)
                  2001119c    0000000c     drivers_cc32xx.a : TimerCC32XX.oem4 (.text:postNotifyFxn)
                  200111a8    0000000a     nortos_cc32xx.a : ClockPSysTick_nortos.oem4 (.text:ClockP_isActive)
                  200111b2    0000000a     driverlib.a : interrupt.obj (.text:IntMasterDisable)
                  200111bc    0000000a     drivers_cc32xx.a : Timer.oem4 (.text:Timer_setPeriod)
                  200111c6    0000000a                      : Timer.oem4 (.text:Timer_start)
                  200111d0    00000008     rtsv7M4_T_le_eabi.lib : errno.c.obj (.text:__aeabi_errno_addr)
                  200111d8    00000008                           : memory.c.obj (.text:malloc)
                  200111e0    00000006     drivers_cc32xx.a : TimerCC32XX.oem4 (.text:TimerCC32XX_control)
                  200111e6    00000006     driverlib.a : utils.obj (.text:UtilsDelay)
                  200111ec    00000004     nortos_cc32xx.a : HwiPCC32XX_nortos.oem4 (.text:HwiP_post)
                  200111f0    00000004                     : SemaphoreP_nortos.oem4 (.text:SemaphoreP_delete)
                  200111f4    00000004     rtsv7M4_T_le_eabi.lib : printf.c.obj (.text:_outc)
                  200111f8    00000004                           : printf.c.obj (.text:_outs)
                  200111fc    00000004                           : pre_init.c.obj (.text:_system_pre_init)
                  20011200    00000004                           : exit.c.obj (.text:abort:abort)

.const     0    200119bc    00000400     
                  200119bc    00000101     rtsv7M4_T_le_eabi.lib : ctype.c.obj (.const:.string:_ctypes_)
                  20011abd    00000003     --HOLE-- [fill = 0]
                  20011ac0    00000100     driverlib.a : pin.obj (.const:g_ulPinToPadMap)
                  20011bc0    000000a8                 : prcm.obj (.const:PRCM_PeriphRegsList)
                  20011c68    00000044     ti_drivers_config.obj (.const:PowerCC32XX_config)
                  20011cac    00000021     drivers_cc32xx.a : GPIOCC32XX.oem4 (.const:.string:pinTable)
                  20011ccd    00000003     --HOLE-- [fill = 0]
                  20011cd0    00000020                      : TimerCC32XX.oem4 (.const:TimerCC32XX_fxnTable)
                  20011cf0    00000018     driverlib.a : interrupt.obj (.const:g_pulEnRegs)
                  20011d08    00000018                 : interrupt.obj (.const:g_pulPendRegs)
                  20011d20    00000014     ti_drivers_config.obj (.const:GPIOCC32XX_config)
                  20011d34    00000014     drivers_cc32xx.a : GPIOCC32XX.oem4 (.const:gpioBaseAddresses)
                  20011d48    00000014                      : GPIOCC32XX.oem4 (.const:powerResources)
                  20011d5c    00000012     gpiointerrupt.obj (.const:.string)
                  20011d6e    00000002     --HOLE-- [fill = 0]
                  20011d70    00000010     ti_drivers_config.obj (.const:timerCC32XXHWAttrs)
                  20011d80    0000000c     ti_drivers_config.obj (.const:Timer_config)
                  20011d8c    0000000c     drivers_cc32xx.a : Timer.oem4 (.const:defaultParams)
                  20011d98    00000008                      : GPIOCC32XX.oem4 (.const:outPinTypes)
                  20011da0    00000006                      : GPIOCC32XX.oem4 (.const:.string:interruptType)
                  20011da6    00000006                      : GPIOCC32XX.oem4 (.const:inPinTypes)
                  20011dac    00000006                      : GPIOCC32XX.oem4 (.const:outPinStrengths)
                  20011db2    00000006     ti_drivers_config.obj (.const)
                  20011db8    00000004     drivers_cc32xx.a : GPIOCC32XX.oem4 (.const:.string:portInterruptIds)

.cinit     0    20012148    00000158     
                  20012148    00000132     (.cinit..data.load) [load image, compression = lzss]
                  2001227a    00000002     --HOLE-- [fill = 0]
                  2001227c    0000000c     (__TI_handler_table)
                  20012288    00000008     (.cinit..bss.load) [load image, compression = zero_init]
                  20012290    00000010     (__TI_cinit_table)

.init_array 
*          0    20004000    00000000     UNINITIALIZED

.ramVecs   0    20000000    0000030c     NOLOAD SECTION
                  20000000    0000030c     nortos_cc32xx.a : startup_cc32xx_ccs.oem4 (.ramVecs)

.stack     0    20003000    00001000     UNINITIALIZED
                  20003000    00000004     rtsv7M4_T_le_eabi.lib : boot_cortex_m.c.obj (.stack)
                  20003004    00000ffc     --HOLE--

.resetVecs 
*          0    20004000    00000040     
                  20004000    00000040     nortos_cc32xx.a : startup_cc32xx_ccs.oem4 (.resetVecs:retain)

.sysmem    0    20004040    00008000     UNINITIALIZED
                  20004040    00000010     rtsv7M4_T_le_eabi.lib : memory.c.obj (.sysmem)
                  20004050    00007ff0     --HOLE--

.data      0    20011204    000007b8     UNINITIALIZED
                  20011204    0000030c     nortos_cc32xx.a : HwiPCC32XX_nortos.oem4 (.data:HwiP_dispatchTable)
                  20011510    0000016c     drivers_cc32xx.a : PowerCC32XX.oem4 (.data:PowerCC32XX_module)
                  2001167c    000000f8     ti_drivers_config.obj (.data:parkInfo)
                  20011774    000000f0     rtsv7M4_T_le_eabi.lib : defs.c.obj (.data:_ftable)
                  20011864    00000078                           : host_device.c.obj (.data:_device)
                  200118dc    00000050                           : host_device.c.obj (.data:_stream)
                  2001192c    0000001c     gpiointerrupt.obj (.data)
                  20011948    00000010     ti_drivers_config.obj (.data:gpioCallbackFunctions)
                  20011958    00000010     ti_drivers_config.obj (.data:gpioPinConfigs)
                  20011968    00000010     rtsv7M4_T_le_eabi.lib : defs.c.obj (.data)
                  20011978    0000000c                           : exit.c.obj (.data:$O1$$)
                  20011984    00000009     drivers_cc32xx.a : GPIOCC32XX.oem4 (.data)
                  2001198d    00000003     nortos_cc32xx.a : SemaphoreP_nortos.oem4 (.data)
                  20011990    00000008     rtsv7M4_T_le_eabi.lib : _lock.c.obj (.data:$O1$$)
                  20011998    00000008                           : memory.c.obj (.data:$O1$$)
                  200119a0    00000008     nortos_cc32xx.a : SemaphoreP_nortos.oem4 (.data:SemaphoreP_defaultParams)
                  200119a8    00000008                     : HwiPCC32XX_nortos.oem4 (.data)
                  200119b0    00000005                     : ClockPSysTick_nortos.oem4 (.data)
                  200119b5    00000001     drivers_cc32xx.a : Timer.oem4 (.data)
                  200119b6    00000002     --HOLE--
                  200119b8    00000004     rtsv7M4_T_le_eabi.lib : errno.c.obj (.data)

.bss       0    20011dc0    00000388     UNINITIALIZED
                  20011dc0    0000012c     (.common:PowerCC32XX_contextSave)
                  20011eec    00000120     rtsv7M4_T_le_eabi.lib : trgmsg.c.obj (.bss:_CIOBUF_)
                  2001200c    000000a0     (.common:__TI_tmpnams)
                  200120ac    00000034     (.common:timerCC32XXObjects)
                  200120e0    00000020     drivers_cc32xx.a : GPIOCC32XX.oem4 (.bss:gpioCallbackInfo)
                  20012100    00000014                      : GPIOCC32XX.oem4 (.bss:powerNotifyObj)
                  20012114    00000004                      : GPIOCC32XX.oem4 (.bss)
                  20012118    00000010     (.common:ClockP_ctrl)
                  20012128    0000000d     nortos_cc32xx.a : SwiP_nortos.oem4 (.bss)
                  20012135    00000008     (.common:parmbuf)
                  2001213d    00000003     --HOLE--
                  20012140    00000004                     : ClockPSysTick_nortos.oem4 (.bss)
                  20012144    00000004     drivers_cc32xx.a : TimerCC32XX.oem4 (.bss:timerState)

.log_data 
*          0    90000000    00000000     COPY SECTION

__llvm_prf_cnts 
*          0    20004000    00000000     UNINITIALIZED

MODULE SUMMARY

       Module                       code    ro data   rw data
       ------                       ----    -------   -------
    .\
       gpiointerrupt.obj            560     18        28     
       main_nortos.obj              18      0         0      
    +--+----------------------------+-------+---------+---------+
       Total:                       578     18        28     
                                                             
    .\syscfg\
       ti_drivers_config.obj        18      122       332    
    +--+----------------------------+-------+---------+---------+
       Total:                       18      122       332    
                                                             
    C:/ti/simplelink_cc32xx_sdk_4_30_00_06/kernel/nortos/lib/ccs/m4/nortos_cc32xx.a
       HwiPCC32XX_nortos.oem4       366     0         788    
       startup_cc32xx_ccs.oem4      90      64        780    
       ClockPSysTick_nortos.oem4    582     0         25     
       PowerCC32XX_nortos.oem4      472     0         0      
       SemaphoreP_nortos.oem4       378     0         11     
       SwiP_nortos.oem4             96      0         13     
    +--+----------------------------+-------+---------+---------+
       Total:                       1984    64        1617   
                                                             
    C:/ti/simplelink_cc32xx_sdk_4_30_00_06/source/ti/devices/cc32xx/driverlib/ccs/Release/driverlib.a
       prcm.obj                     1604    168       0      
       pin.obj                      280     256       0      
       interrupt.obj                334     48        0      
       timer.obj                    264     0         0      
       flash.obj                    72      0         0      
       cpu.obj                      20      0         0      
       utils.obj                    6       0         0      
    +--+----------------------------+-------+---------+---------+
       Total:                       2580    472       0      
                                                             
    C:/ti/simplelink_cc32xx_sdk_4_30_00_06/source/ti/drivers/lib/ccs/m4/drivers_cc32xx.a
       PowerCC32XX.oem4             2300    0         664    
       GPIOCC32XX.oem4              1308    103       65     
       TimerCC32XX.oem4             1132    32        4      
       Timer.oem4                   168     12        1      
       PowerCC32XX_asm.oem4         150     0         0      
       List.oem4                    76      0         0      
    +--+----------------------------+-------+---------+---------+
       Total:                       5134    147       734    
                                                             
    C:\ti\ccs1271\ccs\tools\compiler\ti-cgt-arm_20.2.7.LTS\lib\rtsv7M4_T_le_eabi.lib
       _printfi.c.obj               4835    0         0      
       memory.c.obj                 672     0         8      
       fd_add_t2.asm.obj            438     0         0      
       defs.c.obj                   0       0         416    
       trgmsg.c.obj                 108     0         288    
       fd_div_t2.asm.obj            310     0         0      
       fputs.c.obj                  276     0         0      
       fd_cmp_t2.asm.obj            268     0         0      
       ctype.c.obj                  0       257       0      
       fd_mul_t2.asm.obj            252     0         0      
       setvbuf.c.obj                220     0         0      
       s_scalbn.c.obj               208     0         0      
       host_device.c.obj            0       0         200    
       memcpy_t2.asm.obj            156     0         0      
       ull_div_t2.asm.obj           150     0         0      
       fputc.c.obj                  140     0         0      
       memset_t2.asm.obj            122     0         0      
       fclose.c.obj                 116     0         0      
       getdevice.c.obj              116     0         0      
       printf.c.obj                 112     0         0      
       hostrename.c.obj             108     0         0      
       copy_decompress_lzss.c.obj   104     0         0      
       hostlseek.c.obj              104     0         0      
       hostopen.c.obj               96      0         8      
       fseek.c.obj                  100     0         0      
       _io_perm.c.obj               98      0         0      
       close.c.obj                  92      0         0      
       s_frexp.c.obj                92      0         0      
       exit.c.obj                   76      0         12     
       hostread.c.obj               88      0         0      
       hostwrite.c.obj              88      0         0      
       _ltoa.c.obj                  84      0         0      
       atoi.c.obj                   76      0         0      
       fflush.c.obj                 76      0         0      
       fd_toi_t2.asm.obj            72      0         0      
       autoinit.c.obj               68      0         0      
       hostclose.c.obj              68      0         0      
       hostunlink.c.obj             68      0         0      
       strncpy.c.obj                54      0         0      
       fopen.c.obj                  52      0         0      
       i_tofd_t2.asm.obj            46      0         0      
       unlink.c.obj                 44      0         0      
       lseek.c.obj                  40      0         0      
       write.c.obj                  40      0         0      
       boot_cortex_m.c.obj          36      0         0      
       memchr.c.obj                 32      0         0      
       copy_zero_init.c.obj         28      0         0      
       memccpy.c.obj                28      0         0      
       ll_mul_t2.asm.obj            24      0         0      
       strcmp.c.obj                 24      0         0      
       strchr.c.obj                 22      0         0      
       strcpy.c.obj                 20      0         0      
       strlen.c.obj                 20      0         0      
       wcslen.c.obj                 18      0         0      
       copy_decompress_none.c.obj   14      0         0      
       errno.c.obj                  8       0         4      
       s_copysign.c.obj             12      0         0      
       _lock.c.obj                  2       0         8      
       pre_init.c.obj               4       0         0      
       div0.asm.obj                 2       0         0      
    +--+----------------------------+-------+---------+---------+
       Total:                       10627   257       944    
                                                             
       Heap:                        0       0         32768  
       Stack:                       0       0         4096   
       Linker Generated:            0       342       0      
    +--+----------------------------+-------+---------+---------+
       Grand Total:                 20921   1422      40519  


LINKER GENERATED COPY TABLES

__TI_cinit_table @ 20012290 records: 2, size/record: 8, table size: 16
	.data: load addr=20012148, load size=00000132 bytes, run addr=20011204, run size=000007b8 bytes, compression=lzss
	.bss: load addr=20012288, load size=00000008 bytes, run addr=20011dc0, run size=00000388 bytes, compression=zero_init


LINKER GENERATED HANDLER TABLE

__TI_handler_table @ 2001227c records: 3, size/record: 4, table size: 12
	index: 0, handler: __TI_decompress_lzss
	index: 1, handler: __TI_decompress_none
	index: 2, handler: __TI_zero_init


GLOBAL SYMBOLS: SORTED ALPHABETICALLY BY Name 

address   name                             
-------   ----                             
200110ad  Board_init                       
2000ca8f  Board_initHook                   
20011201  C$$EXIT                          
2001080f  C$$IO$$                          
20011db2  CONFIG_GPIO_BUTTON_0_CONST       
20011db3  CONFIG_GPIO_BUTTON_1_CONST       
20011db4  CONFIG_GPIO_LED_0_CONST          
20011db5  CONFIG_GPIO_LED_1_CONST          
20011db6  CONFIG_TIMER_0_CONST             
20010fd9  CPUcpsid                         
200110bd  ClockP_add                       
20012118  ClockP_ctrl                      
20010685  ClockP_destruct                  
2000fe19  ClockP_doTick                    
200110cd  ClockP_getCpuFreq                
200110dd  ClockP_getSystemTicks            
2001092d  ClockP_getTicksUntilInterrupt    
200111a9  ClockP_isActive                  
200110ed  ClockP_setTicks                  
20010a99  ClockP_start                     
20010961  ClockP_startup                   
2001031d  ClockP_stop                      
2000fe19  ClockP_sysTickHandler            
200119b0  ClockP_tickPeriod                
20010125  FlashDisable                     
20011d20  GPIOCC32XX_config                
2000ffa9  GPIO_enableInt                   
2000f2c1  GPIO_hwiIntFxn                   
2000e67d  GPIO_init                        
2000f8f9  GPIO_setCallback                 
2000d125  GPIO_setConfig                   
2000f6a9  GPIO_toggle                      
2000fa69  GPIO_write                       
20010361  HOSTclose                        
2000f571  HOSTlseek                        
2000f839  HOSTopen                         
2000fac1  HOSTread                         
2000f505  HOSTrename                       
200103a5  HOSTunlink                       
2000fb19  HOSTwrite                        
20011065  HwiP_Params_init                 
2001114d  HwiP_clearInterrupt              
2000ed01  HwiP_construct                   
20010b85  HwiP_create                      
200110fd  HwiP_delete                      
20010d61  HwiP_destruct                    
2001115b  HwiP_disable                     
20010d19  HwiP_dispatch                    
20011169  HwiP_enable                      
20010fed  HwiP_inISR                       
200119a8  HwiP_key                         
200111ed  HwiP_post                        
2001110d  HwiP_restore                     
200119ac  HwiP_swiPIntNum                  
UNDEFED   ITM_flush                        
UNDEFED   ITM_restore                      
2000e8b5  IntEnable                        
200111b3  IntMasterDisable                 
2000ee19  IntPendSet                       
20011001  IntVTableBaseSet                 
20010ccd  List_put                         
20010cf3  List_remove                      
20011169  NoRTOS_start                     
2000ca91  PRCMCC3200MCUInit                
20010f81  PRCMHIBRegRead                   
20010f97  PRCMHIBRegWrite                  
2001016d  PRCMLPDSEnter                    
20010771  PRCMLPDSEnterKeepDebugIf         
200103e9  PRCMLPDSRestoreInfoSet           
20010c05  PRCMPeripheralClkDisable         
200101b5  PRCMPeripheralClkEnable          
2000fb71  PRCMPeripheralReset              
2000f899  PRCMSysResetCauseGet             
2000eea1  PinConfigSet                     
20010995  PinModeGet                       
200105c5  PinModeSet                       
20010dfd  PinToPadGet                      
20011c68  PowerCC32XX_config               
2000e95d  PowerCC32XX_configureWakeup      
20011dc0  PowerCC32XX_contextSave          
2001042d  PowerCC32XX_enterLPDS            
2000d68b  PowerCC32XX_initPolicy           
20011510  PowerCC32XX_module               
2000fff5  PowerCC32XX_parkPin              
20010ac9  PowerCC32XX_restoreParkedPin     
2000fd21  PowerCC32XX_resumeLPDS           
2000f70d  PowerCC32XX_setParkState         
2000d68d  PowerCC32XX_sleepPolicy          
20011015  Power_disablePolicy              
2001111d  Power_enablePolicy               
20011185  Power_getConstraintMask          
20011029  Power_getDependencyCount         
20010ec1  Power_getTransitionLatency       
20010ed9  Power_idleFunc                   
2000f0bd  Power_init                       
20010c2d  Power_registerNotify             
200101fd  Power_releaseConstraint          
2000fbc9  Power_releaseDependency          
200106c1  Power_setConstraint              
2000f1c5  Power_setDependency              
2000dc25  Power_sleep                      
20010d81  Power_unregisterNotify           
2001112d  SemaphoreP_Params_init           
2000fe69  SemaphoreP_construct             
20010fad  SemaphoreP_create                
20010e89  SemaphoreP_createBinary          
200119a0  SemaphoreP_defaultParams         
200111f1  SemaphoreP_delete                
2000ea05  SemaphoreP_pend                  
20010471  SemaphoreP_post                  
20010e19  SwiP_disable                     
200104b5  SwiP_restore                     
2000feb9  TimerCC32XX_allocateTimerResource
200106fd  TimerCC32XX_close                
200111e1  TimerCC32XX_control              
200109c9  TimerCC32XX_freeTimerResource    
20011cd0  TimerCC32XX_fxnTable             
20010ef1  TimerCC32XX_getCount             
2000de93  TimerCC32XX_init                 
2000de95  TimerCC32XX_open                 
2000ef29  TimerCC32XX_setPeriod            
2000f339  TimerCC32XX_start                
2000fc21  TimerCC32XX_stop                 
200108c1  TimerControlStall                
20010dc1  TimerDisable                     
20010ddf  TimerEnable                      
20011077  TimerIntClear                    
20010f09  TimerIntDisable                  
20010f21  TimerIntEnable                   
20010baf  TimerLoadSet                     
20010bd9  TimerPrescaleSet                 
2001113d  Timer_Params_init                
20011d80  Timer_config                     
20011db7  Timer_count                      
200104f9  Timer_init                       
20010605  Timer_open                       
200111bd  Timer_setPeriod                  
200111c7  Timer_start                      
200111e7  UtilsDelay                       
20011eec  __CIOBUF_                        
20004000  __STACK_END                      
00001000  __STACK_SIZE                     
00008000  __SYSMEM_SIZE                    
20012290  __TI_CINIT_Base                  
200122a0  __TI_CINIT_Limit                 
2001227c  __TI_Handler_Table_Base          
20012288  __TI_Handler_Table_Limit         
2001053d  __TI_auto_init_nobinit_nopinit   
200109fd  __TI_cleanup                     
20011978  __TI_cleanup_ptr                 
2000f3b1  __TI_closefile                   
2000f5d9  __TI_decompress_lzss             
20011177  __TI_decompress_none             
20010041  __TI_doflush                     
2001197c  __TI_dtors_ptr                   
20011980  __TI_enable_exit_profile_output  
20011968  __TI_ft_end                      
2000fccd  __TI_ltoa                        
ffffffff  __TI_pprof_out_hndl              
2000c041  __TI_printfi                     
ffffffff  __TI_prof_data_size              
ffffffff  __TI_prof_data_start             
20010a31  __TI_readmsg                     
20012148  __TI_static_base__               
2001200c  __TI_tmpnams                     
200107e1  __TI_writemsg                    
2000f7d5  __TI_wrt_ok                      
20010e35  __TI_zero_init_nomemset          
2000efb1  __aeabi_cdcmpeq                  
2000efb1  __aeabi_cdcmple                  
2000f037  __aeabi_cdrcmple                 
2001028d  __aeabi_d2iz                     
2000d4df  __aeabi_dadd                     
2000dd5d  __aeabi_ddiv                     
2000e2f1  __aeabi_dmul                     
2000d4d5  __aeabi_dsub                     
200111d1  __aeabi_errno_addr               
20010b29  __aeabi_i2d                      
2001031b  __aeabi_idiv0                    
2001031b  __aeabi_ldiv0                    
20010f51  __aeabi_lmul                     
2000f245  __aeabi_memclr                   
2000f245  __aeabi_memclr4                  
2000f245  __aeabi_memclr8                  
2000eaa5  __aeabi_memcpy                   
2000eaa5  __aeabi_memcpy4                  
2000eaa5  __aeabi_memcpy8                  
2000f247  __aeabi_memset                   
2000f247  __aeabi_memset4                  
2000f247  __aeabi_memset8                  
20011974  __aeabi_stderr                   
2001196c  __aeabi_stdin                    
20011970  __aeabi_stdout                   
2000ebd9  __aeabi_uldivmod                 
ffffffff  __binit__                        
ffffffff  __c_args__                       
UNDEFED   __mpu_init                       
20003000  __stack                          
20004000  __start___llvm_prf_cnts          
20004000  __stop___llvm_prf_cnts           
20010d3d  _c_int00_noargs                  
200119bc  _ctypes_                         
20011864  _device                          
20011774  _ftable                          
20011990  _lock                            
2000e8b3  _nop                             
200118dc  _stream                          
20004040  _sys_memory                      
UNDEFED   _system_post_cinit               
200111fd  _system_pre_init                 
20011994  _unlock                          
20011201  abort                            
2000e1f1  aligned_alloc                    
2001008d  atoi                             
ffffffff  binit                            
2000f2bf  clkFxn                           
2000f955  close                            
20011191  copysign                         
20011191  copysignl                        
2001193c  currentIndex                     
20011938  currentMessage                   
2001192c  currentState                     
200119b8  errno                            
20010245  exit                             
20010af9  finddevice                       
2000ed8d  fputc                            
2000e0dd  fputs                            
2000e3ed  free                             
2000f9b1  frexp                            
2000f9b1  frexpl                           
2000f771  fseek                            
20010581  getdevice                        
20010f39  gpioButtonFxn1                   
20011948  gpioCallbackFunctions            
20011958  gpioPinConfigs                   
20011da6  inPinTypes                       
2000ff09  initTimer                        
20010851  initVectors                      
2000e5ad  ldexp                            
2000e5ad  ldexpl                           
20010c7d  lseek                            
20011089  main                             
2000ff59  mainThread                       
200111d9  malloc                           
2000e1f1  memalign                         
20010e6d  memccpy                          
20010da1  memchr                           
2000eaa5  memcpy                           
2000f24d  memset                           
20011944  messageChangePending             
20011934  morseMessageOK                   
20011930  morseMessageSOS                  
20011dac  outPinStrengths                  
20011d98  outPinTypes                      
2001167c  parkInfo                         
20012135  parmbuf                          
2000f641  printf                           
2000ed8d  putc                             
20010b59  remove                           
20010ea5  resetISR                         
20010eb8  resetVectorAddr                  
20004000  resetVectors                     
2000e5ad  scalbn                           
2000e5ad  scalbnl                          
2000e4d1  setvbuf                          
20010fc3  strchr                           
20010f69  strcmp                           
2001103d  strcpy                           
20011051  strlen                           
200108f7  strncpy                          
20011d70  timerCC32XXHWAttrs               
200120ac  timerCC32XXObjects               
2000d829  timerCallback                    
20011940  timerPeriod                      
20010b59  unlink                           
2001109b  wcslen                           
20010ca5  write                            


GLOBAL SYMBOLS: SORTED BY Symbol Address 

address   name                             
-------   ----                             
00001000  __STACK_SIZE                     
00008000  __SYSMEM_SIZE                    
20003000  __stack                          
20004000  __STACK_END                      
20004000  __start___llvm_prf_cnts          
20004000  __stop___llvm_prf_cnts           
20004000  resetVectors                     
20004040  _sys_memory                      
2000c041  __TI_printfi                     
2000ca8f  Board_initHook                   
2000ca91  PRCMCC3200MCUInit                
2000d125  GPIO_setConfig                   
2000d4d5  __aeabi_dsub                     
2000d4df  __aeabi_dadd                     
2000d68b  PowerCC32XX_initPolicy           
2000d68d  PowerCC32XX_sleepPolicy          
2000d829  timerCallback                    
2000dc25  Power_sleep                      
2000dd5d  __aeabi_ddiv                     
2000de93  TimerCC32XX_init                 
2000de95  TimerCC32XX_open                 
2000e0dd  fputs                            
2000e1f1  aligned_alloc                    
2000e1f1  memalign                         
2000e2f1  __aeabi_dmul                     
2000e3ed  free                             
2000e4d1  setvbuf                          
2000e5ad  ldexp                            
2000e5ad  ldexpl                           
2000e5ad  scalbn                           
2000e5ad  scalbnl                          
2000e67d  GPIO_init                        
2000e8b3  _nop                             
2000e8b5  IntEnable                        
2000e95d  PowerCC32XX_configureWakeup      
2000ea05  SemaphoreP_pend                  
2000eaa5  __aeabi_memcpy                   
2000eaa5  __aeabi_memcpy4                  
2000eaa5  __aeabi_memcpy8                  
2000eaa5  memcpy                           
2000ebd9  __aeabi_uldivmod                 
2000ed01  HwiP_construct                   
2000ed8d  fputc                            
2000ed8d  putc                             
2000ee19  IntPendSet                       
2000eea1  PinConfigSet                     
2000ef29  TimerCC32XX_setPeriod            
2000efb1  __aeabi_cdcmpeq                  
2000efb1  __aeabi_cdcmple                  
2000f037  __aeabi_cdrcmple                 
2000f0bd  Power_init                       
2000f1c5  Power_setDependency              
2000f245  __aeabi_memclr                   
2000f245  __aeabi_memclr4                  
2000f245  __aeabi_memclr8                  
2000f247  __aeabi_memset                   
2000f247  __aeabi_memset4                  
2000f247  __aeabi_memset8                  
2000f24d  memset                           
2000f2bf  clkFxn                           
2000f2c1  GPIO_hwiIntFxn                   
2000f339  TimerCC32XX_start                
2000f3b1  __TI_closefile                   
2000f505  HOSTrename                       
2000f571  HOSTlseek                        
2000f5d9  __TI_decompress_lzss             
2000f641  printf                           
2000f6a9  GPIO_toggle                      
2000f70d  PowerCC32XX_setParkState         
2000f771  fseek                            
2000f7d5  __TI_wrt_ok                      
2000f839  HOSTopen                         
2000f899  PRCMSysResetCauseGet             
2000f8f9  GPIO_setCallback                 
2000f955  close                            
2000f9b1  frexp                            
2000f9b1  frexpl                           
2000fa69  GPIO_write                       
2000fac1  HOSTread                         
2000fb19  HOSTwrite                        
2000fb71  PRCMPeripheralReset              
2000fbc9  Power_releaseDependency          
2000fc21  TimerCC32XX_stop                 
2000fccd  __TI_ltoa                        
2000fd21  PowerCC32XX_resumeLPDS           
2000fe19  ClockP_doTick                    
2000fe19  ClockP_sysTickHandler            
2000fe69  SemaphoreP_construct             
2000feb9  TimerCC32XX_allocateTimerResource
2000ff09  initTimer                        
2000ff59  mainThread                       
2000ffa9  GPIO_enableInt                   
2000fff5  PowerCC32XX_parkPin              
20010041  __TI_doflush                     
2001008d  atoi                             
20010125  FlashDisable                     
2001016d  PRCMLPDSEnter                    
200101b5  PRCMPeripheralClkEnable          
200101fd  Power_releaseConstraint          
20010245  exit                             
2001028d  __aeabi_d2iz                     
2001031b  __aeabi_idiv0                    
2001031b  __aeabi_ldiv0                    
2001031d  ClockP_stop                      
20010361  HOSTclose                        
200103a5  HOSTunlink                       
200103e9  PRCMLPDSRestoreInfoSet           
2001042d  PowerCC32XX_enterLPDS            
20010471  SemaphoreP_post                  
200104b5  SwiP_restore                     
200104f9  Timer_init                       
2001053d  __TI_auto_init_nobinit_nopinit   
20010581  getdevice                        
200105c5  PinModeSet                       
20010605  Timer_open                       
20010685  ClockP_destruct                  
200106c1  Power_setConstraint              
200106fd  TimerCC32XX_close                
20010771  PRCMLPDSEnterKeepDebugIf         
200107e1  __TI_writemsg                    
2001080f  C$$IO$$                          
20010851  initVectors                      
200108c1  TimerControlStall                
200108f7  strncpy                          
2001092d  ClockP_getTicksUntilInterrupt    
20010961  ClockP_startup                   
20010995  PinModeGet                       
200109c9  TimerCC32XX_freeTimerResource    
200109fd  __TI_cleanup                     
20010a31  __TI_readmsg                     
20010a99  ClockP_start                     
20010ac9  PowerCC32XX_restoreParkedPin     
20010af9  finddevice                       
20010b29  __aeabi_i2d                      
20010b59  remove                           
20010b59  unlink                           
20010b85  HwiP_create                      
20010baf  TimerLoadSet                     
20010bd9  TimerPrescaleSet                 
20010c05  PRCMPeripheralClkDisable         
20010c2d  Power_registerNotify             
20010c7d  lseek                            
20010ca5  write                            
20010ccd  List_put                         
20010cf3  List_remove                      
20010d19  HwiP_dispatch                    
20010d3d  _c_int00_noargs                  
20010d61  HwiP_destruct                    
20010d81  Power_unregisterNotify           
20010da1  memchr                           
20010dc1  TimerDisable                     
20010ddf  TimerEnable                      
20010dfd  PinToPadGet                      
20010e19  SwiP_disable                     
20010e35  __TI_zero_init_nomemset          
20010e6d  memccpy                          
20010e89  SemaphoreP_createBinary          
20010ea5  resetISR                         
20010eb8  resetVectorAddr                  
20010ec1  Power_getTransitionLatency       
20010ed9  Power_idleFunc                   
20010ef1  TimerCC32XX_getCount             
20010f09  TimerIntDisable                  
20010f21  TimerIntEnable                   
20010f39  gpioButtonFxn1                   
20010f51  __aeabi_lmul                     
20010f69  strcmp                           
20010f81  PRCMHIBRegRead                   
20010f97  PRCMHIBRegWrite                  
20010fad  SemaphoreP_create                
20010fc3  strchr                           
20010fd9  CPUcpsid                         
20010fed  HwiP_inISR                       
20011001  IntVTableBaseSet                 
20011015  Power_disablePolicy              
20011029  Power_getDependencyCount         
2001103d  strcpy                           
20011051  strlen                           
20011065  HwiP_Params_init                 
20011077  TimerIntClear                    
20011089  main                             
2001109b  wcslen                           
200110ad  Board_init                       
200110bd  ClockP_add                       
200110cd  ClockP_getCpuFreq                
200110dd  ClockP_getSystemTicks            
200110ed  ClockP_setTicks                  
200110fd  HwiP_delete                      
2001110d  HwiP_restore                     
2001111d  Power_enablePolicy               
2001112d  SemaphoreP_Params_init           
2001113d  Timer_Params_init                
2001114d  HwiP_clearInterrupt              
2001115b  HwiP_disable                     
20011169  HwiP_enable                      
20011169  NoRTOS_start                     
20011177  __TI_decompress_none             
20011185  Power_getConstraintMask          
20011191  copysign                         
20011191  copysignl                        
200111a9  ClockP_isActive                  
200111b3  IntMasterDisable                 
200111bd  Timer_setPeriod                  
200111c7  Timer_start                      
200111d1  __aeabi_errno_addr               
200111d9  malloc                           
200111e1  TimerCC32XX_control              
200111e7  UtilsDelay                       
200111ed  HwiP_post                        
200111f1  SemaphoreP_delete                
200111fd  _system_pre_init                 
20011201  C$$EXIT                          
20011201  abort                            
20011510  PowerCC32XX_module               
2001167c  parkInfo                         
20011774  _ftable                          
20011864  _device                          
200118dc  _stream                          
2001192c  currentState                     
20011930  morseMessageSOS                  
20011934  morseMessageOK                   
20011938  currentMessage                   
2001193c  currentIndex                     
20011940  timerPeriod                      
20011944  messageChangePending             
20011948  gpioCallbackFunctions            
20011958  gpioPinConfigs                   
20011968  __TI_ft_end                      
2001196c  __aeabi_stdin                    
20011970  __aeabi_stdout                   
20011974  __aeabi_stderr                   
20011978  __TI_cleanup_ptr                 
2001197c  __TI_dtors_ptr                   
20011980  __TI_enable_exit_profile_output  
20011990  _lock                            
20011994  _unlock                          
200119a0  SemaphoreP_defaultParams         
200119a8  HwiP_key                         
200119ac  HwiP_swiPIntNum                  
200119b0  ClockP_tickPeriod                
200119b8  errno                            
200119bc  _ctypes_                         
20011c68  PowerCC32XX_config               
20011cd0  TimerCC32XX_fxnTable             
20011d20  GPIOCC32XX_config                
20011d70  timerCC32XXHWAttrs               
20011d80  Timer_config                     
20011d98  outPinTypes                      
20011da6  inPinTypes                       
20011dac  outPinStrengths                  
20011db2  CONFIG_GPIO_BUTTON_0_CONST       
20011db3  CONFIG_GPIO_BUTTON_1_CONST       
20011db4  CONFIG_GPIO_LED_0_CONST          
20011db5  CONFIG_GPIO_LED_1_CONST          
20011db6  CONFIG_TIMER_0_CONST             
20011db7  Timer_count                      
20011dc0  PowerCC32XX_contextSave          
20011eec  __CIOBUF_                        
2001200c  __TI_tmpnams                     
200120ac  timerCC32XXObjects               
20012118  ClockP_ctrl                      
20012135  parmbuf                          
20012148  __TI_static_base__               
2001227c  __TI_Handler_Table_Base          
20012288  __TI_Handler_Table_Limit         
20012290  __TI_CINIT_Base                  
200122a0  __TI_CINIT_Limit                 
ffffffff  __TI_pprof_out_hndl              
ffffffff  __TI_prof_data_size              
ffffffff  __TI_prof_data_start             
ffffffff  __binit__                        
ffffffff  __c_args__                       
ffffffff  binit                            
UNDEFED   ITM_flush                        
UNDEFED   ITM_restore                      
UNDEFED   __mpu_init                       
UNDEFED   _system_post_cinit               

[277 symbols]
