<?xml version="1.0" encoding="ISO-8859-1" ?>
<link_info>
   <banner>TI ARM Linker PC v20.2.7.LTS</banner>
   <copyright>Copyright (c) 1996-2018 Texas Instruments Incorporated</copyright>
   <link_time>0x66c29dbb</link_time>
   <link_errors>0x0</link_errors>
   <output_file>gpiointerrupt_CC3220S_LAUNCHXL_nortos_ccs.out</output_file>
   <entry_point>
      <name>resetISR</name>
      <address>0x20011f95</address>
   </entry_point>
   <input_file_list>
      <input_file id="fl-2">
         <path>.\</path>
         <kind>object</kind>
         <file>gpiointerrupt.obj</file>
         <name>gpiointerrupt.obj</name>
      </input_file>
      <input_file id="fl-3">
         <path>.\syscfg\</path>
         <kind>object</kind>
         <file>ti_drivers_config.obj</file>
         <name>ti_drivers_config.obj</name>
      </input_file>
      <input_file id="fl-4">
         <path>.\</path>
         <kind>object</kind>
         <file>main_nortos.obj</file>
         <name>main_nortos.obj</name>
      </input_file>
      <input_file id="fl-d">
         <kind>object</kind>
         <file>&lt;internal&gt;</file>
         <name>&lt;internal&gt;</name>
      </input_file>
      <input_file id="fl-e">
         <path>C:\ti\simplelink_cc32xx_sdk_4_30_00_06\source\ti\drivers\lib\ccs\m4\</path>
         <kind>archive</kind>
         <file>drivers_cc32xx.a</file>
         <name>I2C.oem4</name>
      </input_file>
      <input_file id="fl-f">
         <path>C:\ti\simplelink_cc32xx_sdk_4_30_00_06\source\ti\drivers\lib\ccs\m4\</path>
         <kind>archive</kind>
         <file>drivers_cc32xx.a</file>
         <name>Timer.oem4</name>
      </input_file>
      <input_file id="fl-10">
         <path>C:\ti\simplelink_cc32xx_sdk_4_30_00_06\source\ti\drivers\lib\ccs\m4\</path>
         <kind>archive</kind>
         <file>drivers_cc32xx.a</file>
         <name>UART.oem4</name>
      </input_file>
      <input_file id="fl-11">
         <path>C:\ti\simplelink_cc32xx_sdk_4_30_00_06\source\ti\drivers\lib\ccs\m4\</path>
         <kind>archive</kind>
         <file>drivers_cc32xx.a</file>
         <name>GPIOCC32XX.oem4</name>
      </input_file>
      <input_file id="fl-12">
         <path>C:\ti\simplelink_cc32xx_sdk_4_30_00_06\source\ti\drivers\lib\ccs\m4\</path>
         <kind>archive</kind>
         <file>drivers_cc32xx.a</file>
         <name>I2CCC32XX.oem4</name>
      </input_file>
      <input_file id="fl-13">
         <path>C:\ti\simplelink_cc32xx_sdk_4_30_00_06\source\ti\drivers\lib\ccs\m4\</path>
         <kind>archive</kind>
         <file>drivers_cc32xx.a</file>
         <name>PowerCC32XX.oem4</name>
      </input_file>
      <input_file id="fl-14">
         <path>C:\ti\simplelink_cc32xx_sdk_4_30_00_06\source\ti\drivers\lib\ccs\m4\</path>
         <kind>archive</kind>
         <file>drivers_cc32xx.a</file>
         <name>PowerCC32XX_asm.oem4</name>
      </input_file>
      <input_file id="fl-15">
         <path>C:\ti\simplelink_cc32xx_sdk_4_30_00_06\source\ti\drivers\lib\ccs\m4\</path>
         <kind>archive</kind>
         <file>drivers_cc32xx.a</file>
         <name>TimerCC32XX.oem4</name>
      </input_file>
      <input_file id="fl-16">
         <path>C:\ti\simplelink_cc32xx_sdk_4_30_00_06\source\ti\drivers\lib\ccs\m4\</path>
         <kind>archive</kind>
         <file>drivers_cc32xx.a</file>
         <name>UARTCC32XX.oem4</name>
      </input_file>
      <input_file id="fl-17">
         <path>C:\ti\simplelink_cc32xx_sdk_4_30_00_06\source\ti\drivers\lib\ccs\m4\</path>
         <kind>archive</kind>
         <file>drivers_cc32xx.a</file>
         <name>List.oem4</name>
      </input_file>
      <input_file id="fl-18">
         <path>C:\ti\simplelink_cc32xx_sdk_4_30_00_06\source\ti\drivers\lib\ccs\m4\</path>
         <kind>archive</kind>
         <file>drivers_cc32xx.a</file>
         <name>RingBuf.oem4</name>
      </input_file>
      <input_file id="fl-19">
         <path>C:\ti\simplelink_cc32xx_sdk_4_30_00_06\kernel\nortos\lib\ccs\m4\</path>
         <kind>archive</kind>
         <file>nortos_cc32xx.a</file>
         <name>NoRTOS.oem4</name>
      </input_file>
      <input_file id="fl-1a">
         <path>C:\ti\simplelink_cc32xx_sdk_4_30_00_06\kernel\nortos\lib\ccs\m4\</path>
         <kind>archive</kind>
         <file>nortos_cc32xx.a</file>
         <name>SemaphoreP_nortos.oem4</name>
      </input_file>
      <input_file id="fl-1b">
         <path>C:\ti\simplelink_cc32xx_sdk_4_30_00_06\kernel\nortos\lib\ccs\m4\</path>
         <kind>archive</kind>
         <file>nortos_cc32xx.a</file>
         <name>ClockPSysTick_nortos.oem4</name>
      </input_file>
      <input_file id="fl-1c">
         <path>C:\ti\simplelink_cc32xx_sdk_4_30_00_06\kernel\nortos\lib\ccs\m4\</path>
         <kind>archive</kind>
         <file>nortos_cc32xx.a</file>
         <name>HwiPCC32XX_nortos.oem4</name>
      </input_file>
      <input_file id="fl-1d">
         <path>C:\ti\simplelink_cc32xx_sdk_4_30_00_06\kernel\nortos\lib\ccs\m4\</path>
         <kind>archive</kind>
         <file>nortos_cc32xx.a</file>
         <name>PowerCC32XX_nortos.oem4</name>
      </input_file>
      <input_file id="fl-1e">
         <path>C:\ti\simplelink_cc32xx_sdk_4_30_00_06\kernel\nortos\lib\ccs\m4\</path>
         <kind>archive</kind>
         <file>nortos_cc32xx.a</file>
         <name>startup_cc32xx_ccs.oem4</name>
      </input_file>
      <input_file id="fl-1f">
         <path>C:\ti\simplelink_cc32xx_sdk_4_30_00_06\kernel\nortos\lib\ccs\m4\</path>
         <kind>archive</kind>
         <file>nortos_cc32xx.a</file>
         <name>SwiP_nortos.oem4</name>
      </input_file>
      <input_file id="fl-20">
         <path>C:\ti\simplelink_cc32xx_sdk_4_30_00_06\kernel\nortos\lib\ccs\m4\</path>
         <kind>archive</kind>
         <file>nortos_cc32xx.a</file>
         <name>QueueP_nortos.oem4</name>
      </input_file>
      <input_file id="fl-21">
         <path>C:\ti\simplelink_cc32xx_sdk_4_30_00_06\source\ti\devices\cc32xx\driverlib\ccs\Release\</path>
         <kind>archive</kind>
         <file>driverlib.a</file>
         <name>cpu.obj</name>
      </input_file>
      <input_file id="fl-22">
         <path>C:\ti\simplelink_cc32xx_sdk_4_30_00_06\source\ti\devices\cc32xx\driverlib\ccs\Release\</path>
         <kind>archive</kind>
         <file>driverlib.a</file>
         <name>i2c.obj</name>
      </input_file>
      <input_file id="fl-23">
         <path>C:\ti\simplelink_cc32xx_sdk_4_30_00_06\source\ti\devices\cc32xx\driverlib\ccs\Release\</path>
         <kind>archive</kind>
         <file>driverlib.a</file>
         <name>interrupt.obj</name>
      </input_file>
      <input_file id="fl-24">
         <path>C:\ti\simplelink_cc32xx_sdk_4_30_00_06\source\ti\devices\cc32xx\driverlib\ccs\Release\</path>
         <kind>archive</kind>
         <file>driverlib.a</file>
         <name>pin.obj</name>
      </input_file>
      <input_file id="fl-25">
         <path>C:\ti\simplelink_cc32xx_sdk_4_30_00_06\source\ti\devices\cc32xx\driverlib\ccs\Release\</path>
         <kind>archive</kind>
         <file>driverlib.a</file>
         <name>prcm.obj</name>
      </input_file>
      <input_file id="fl-26">
         <path>C:\ti\simplelink_cc32xx_sdk_4_30_00_06\source\ti\devices\cc32xx\driverlib\ccs\Release\</path>
         <kind>archive</kind>
         <file>driverlib.a</file>
         <name>timer.obj</name>
      </input_file>
      <input_file id="fl-27">
         <path>C:\ti\simplelink_cc32xx_sdk_4_30_00_06\source\ti\devices\cc32xx\driverlib\ccs\Release\</path>
         <kind>archive</kind>
         <file>driverlib.a</file>
         <name>uart.obj</name>
      </input_file>
      <input_file id="fl-28">
         <path>C:\ti\simplelink_cc32xx_sdk_4_30_00_06\source\ti\devices\cc32xx\driverlib\ccs\Release\</path>
         <kind>archive</kind>
         <file>driverlib.a</file>
         <name>utils.obj</name>
      </input_file>
      <input_file id="fl-29">
         <path>C:\ti\simplelink_cc32xx_sdk_4_30_00_06\source\ti\devices\cc32xx\driverlib\ccs\Release\</path>
         <kind>archive</kind>
         <file>driverlib.a</file>
         <name>flash.obj</name>
      </input_file>
      <input_file id="fl-df">
         <path>C:\ti\ccs1271\ccs\tools\compiler\ti-cgt-arm_20.2.7.LTS\lib\</path>
         <kind>archive</kind>
         <file>rtsv7M4_T_le_eabi.lib</file>
         <name>snprintf.c.obj</name>
      </input_file>
      <input_file id="fl-e0">
         <path>C:\ti\ccs1271\ccs\tools\compiler\ti-cgt-arm_20.2.7.LTS\lib\</path>
         <kind>archive</kind>
         <file>rtsv7M4_T_le_eabi.lib</file>
         <name>fs_mul_t2.asm.obj</name>
      </input_file>
      <input_file id="fl-e1">
         <path>C:\ti\ccs1271\ccs\tools\compiler\ti-cgt-arm_20.2.7.LTS\lib\</path>
         <kind>archive</kind>
         <file>rtsv7M4_T_le_eabi.lib</file>
         <name>fs_toi_t2.asm.obj</name>
      </input_file>
      <input_file id="fl-e2">
         <path>C:\ti\ccs1271\ccs\tools\compiler\ti-cgt-arm_20.2.7.LTS\lib\</path>
         <kind>archive</kind>
         <file>rtsv7M4_T_le_eabi.lib</file>
         <name>i_tofs_t2.asm.obj</name>
      </input_file>
      <input_file id="fl-e3">
         <path>C:\ti\ccs1271\ccs\tools\compiler\ti-cgt-arm_20.2.7.LTS\lib\</path>
         <kind>archive</kind>
         <file>rtsv7M4_T_le_eabi.lib</file>
         <name>ll_mul_t2.asm.obj</name>
      </input_file>
      <input_file id="fl-e4">
         <path>C:\ti\ccs1271\ccs\tools\compiler\ti-cgt-arm_20.2.7.LTS\lib\</path>
         <kind>archive</kind>
         <file>rtsv7M4_T_le_eabi.lib</file>
         <name>memcpy_t2.asm.obj</name>
      </input_file>
      <input_file id="fl-e5">
         <path>C:\ti\ccs1271\ccs\tools\compiler\ti-cgt-arm_20.2.7.LTS\lib\</path>
         <kind>archive</kind>
         <file>rtsv7M4_T_le_eabi.lib</file>
         <name>ull_div_t2.asm.obj</name>
      </input_file>
      <input_file id="fl-e6">
         <path>C:\ti\ccs1271\ccs\tools\compiler\ti-cgt-arm_20.2.7.LTS\lib\</path>
         <kind>archive</kind>
         <file>rtsv7M4_T_le_eabi.lib</file>
         <name>copy_zero_init.c.obj</name>
      </input_file>
      <input_file id="fl-e7">
         <path>C:\ti\ccs1271\ccs\tools\compiler\ti-cgt-arm_20.2.7.LTS\lib\</path>
         <kind>archive</kind>
         <file>rtsv7M4_T_le_eabi.lib</file>
         <name>copy_decompress_none.c.obj</name>
      </input_file>
      <input_file id="fl-e8">
         <path>C:\ti\ccs1271\ccs\tools\compiler\ti-cgt-arm_20.2.7.LTS\lib\</path>
         <kind>archive</kind>
         <file>rtsv7M4_T_le_eabi.lib</file>
         <name>copy_decompress_lzss.c.obj</name>
      </input_file>
      <input_file id="fl-e9">
         <path>C:\ti\ccs1271\ccs\tools\compiler\ti-cgt-arm_20.2.7.LTS\lib\</path>
         <kind>archive</kind>
         <file>rtsv7M4_T_le_eabi.lib</file>
         <name>memory.c.obj</name>
      </input_file>
      <input_file id="fl-ea">
         <path>C:\ti\ccs1271\ccs\tools\compiler\ti-cgt-arm_20.2.7.LTS\lib\</path>
         <kind>archive</kind>
         <file>rtsv7M4_T_le_eabi.lib</file>
         <name>strlen.c.obj</name>
      </input_file>
      <input_file id="fl-eb">
         <path>C:\ti\ccs1271\ccs\tools\compiler\ti-cgt-arm_20.2.7.LTS\lib\</path>
         <kind>archive</kind>
         <file>rtsv7M4_T_le_eabi.lib</file>
         <name>boot_cortex_m.c.obj</name>
      </input_file>
      <input_file id="fl-ec">
         <path>C:\ti\ccs1271\ccs\tools\compiler\ti-cgt-arm_20.2.7.LTS\lib\</path>
         <kind>archive</kind>
         <file>rtsv7M4_T_le_eabi.lib</file>
         <name>_printfi.c.obj</name>
      </input_file>
      <input_file id="fl-ed">
         <path>C:\ti\ccs1271\ccs\tools\compiler\ti-cgt-arm_20.2.7.LTS\lib\</path>
         <kind>archive</kind>
         <file>rtsv7M4_T_le_eabi.lib</file>
         <name>div0.asm.obj</name>
      </input_file>
      <input_file id="fl-ee">
         <path>C:\ti\ccs1271\ccs\tools\compiler\ti-cgt-arm_20.2.7.LTS\lib\</path>
         <kind>archive</kind>
         <file>rtsv7M4_T_le_eabi.lib</file>
         <name>fd_add_t2.asm.obj</name>
      </input_file>
      <input_file id="fl-ef">
         <path>C:\ti\ccs1271\ccs\tools\compiler\ti-cgt-arm_20.2.7.LTS\lib\</path>
         <kind>archive</kind>
         <file>rtsv7M4_T_le_eabi.lib</file>
         <name>fd_cmp_t2.asm.obj</name>
      </input_file>
      <input_file id="fl-f0">
         <path>C:\ti\ccs1271\ccs\tools\compiler\ti-cgt-arm_20.2.7.LTS\lib\</path>
         <kind>archive</kind>
         <file>rtsv7M4_T_le_eabi.lib</file>
         <name>fd_div_t2.asm.obj</name>
      </input_file>
      <input_file id="fl-f1">
         <path>C:\ti\ccs1271\ccs\tools\compiler\ti-cgt-arm_20.2.7.LTS\lib\</path>
         <kind>archive</kind>
         <file>rtsv7M4_T_le_eabi.lib</file>
         <name>fd_mul_t2.asm.obj</name>
      </input_file>
      <input_file id="fl-f2">
         <path>C:\ti\ccs1271\ccs\tools\compiler\ti-cgt-arm_20.2.7.LTS\lib\</path>
         <kind>archive</kind>
         <file>rtsv7M4_T_le_eabi.lib</file>
         <name>fd_toi_t2.asm.obj</name>
      </input_file>
      <input_file id="fl-f3">
         <path>C:\ti\ccs1271\ccs\tools\compiler\ti-cgt-arm_20.2.7.LTS\lib\</path>
         <kind>archive</kind>
         <file>rtsv7M4_T_le_eabi.lib</file>
         <name>i_tofd_t2.asm.obj</name>
      </input_file>
      <input_file id="fl-f4">
         <path>C:\ti\ccs1271\ccs\tools\compiler\ti-cgt-arm_20.2.7.LTS\lib\</path>
         <kind>archive</kind>
         <file>rtsv7M4_T_le_eabi.lib</file>
         <name>memset_t2.asm.obj</name>
      </input_file>
      <input_file id="fl-f5">
         <path>C:\ti\ccs1271\ccs\tools\compiler\ti-cgt-arm_20.2.7.LTS\lib\</path>
         <kind>archive</kind>
         <file>rtsv7M4_T_le_eabi.lib</file>
         <name>autoinit.c.obj</name>
      </input_file>
      <input_file id="fl-f6">
         <path>C:\ti\ccs1271\ccs\tools\compiler\ti-cgt-arm_20.2.7.LTS\lib\</path>
         <kind>archive</kind>
         <file>rtsv7M4_T_le_eabi.lib</file>
         <name>pre_init.c.obj</name>
      </input_file>
      <input_file id="fl-f7">
         <path>C:\ti\ccs1271\ccs\tools\compiler\ti-cgt-arm_20.2.7.LTS\lib\</path>
         <kind>archive</kind>
         <file>rtsv7M4_T_le_eabi.lib</file>
         <name>cpy_tbl.c.obj</name>
      </input_file>
      <input_file id="fl-f8">
         <path>C:\ti\ccs1271\ccs\tools\compiler\ti-cgt-arm_20.2.7.LTS\lib\</path>
         <kind>archive</kind>
         <file>rtsv7M4_T_le_eabi.lib</file>
         <name>exit.c.obj</name>
      </input_file>
      <input_file id="fl-f9">
         <path>C:\ti\ccs1271\ccs\tools\compiler\ti-cgt-arm_20.2.7.LTS\lib\</path>
         <kind>archive</kind>
         <file>rtsv7M4_T_le_eabi.lib</file>
         <name>_lock.c.obj</name>
      </input_file>
      <input_file id="fl-fa">
         <path>C:\ti\ccs1271\ccs\tools\compiler\ti-cgt-arm_20.2.7.LTS\lib\</path>
         <kind>archive</kind>
         <file>rtsv7M4_T_le_eabi.lib</file>
         <name>_ltoa.c.obj</name>
      </input_file>
      <input_file id="fl-fb">
         <path>C:\ti\ccs1271\ccs\tools\compiler\ti-cgt-arm_20.2.7.LTS\lib\</path>
         <kind>archive</kind>
         <file>rtsv7M4_T_le_eabi.lib</file>
         <name>args_main.c.obj</name>
      </input_file>
      <input_file id="fl-fc">
         <path>C:\ti\ccs1271\ccs\tools\compiler\ti-cgt-arm_20.2.7.LTS\lib\</path>
         <kind>archive</kind>
         <file>rtsv7M4_T_le_eabi.lib</file>
         <name>atoi.c.obj</name>
      </input_file>
      <input_file id="fl-fd">
         <path>C:\ti\ccs1271\ccs\tools\compiler\ti-cgt-arm_20.2.7.LTS\lib\</path>
         <kind>archive</kind>
         <file>rtsv7M4_T_le_eabi.lib</file>
         <name>ctype.c.obj</name>
      </input_file>
      <input_file id="fl-fe">
         <path>C:\ti\ccs1271\ccs\tools\compiler\ti-cgt-arm_20.2.7.LTS\lib\</path>
         <kind>archive</kind>
         <file>rtsv7M4_T_le_eabi.lib</file>
         <name>memccpy.c.obj</name>
      </input_file>
      <input_file id="fl-ff">
         <path>C:\ti\ccs1271\ccs\tools\compiler\ti-cgt-arm_20.2.7.LTS\lib\</path>
         <kind>archive</kind>
         <file>rtsv7M4_T_le_eabi.lib</file>
         <name>strchr.c.obj</name>
      </input_file>
      <input_file id="fl-100">
         <path>C:\ti\ccs1271\ccs\tools\compiler\ti-cgt-arm_20.2.7.LTS\lib\</path>
         <kind>archive</kind>
         <file>rtsv7M4_T_le_eabi.lib</file>
         <name>errno.c.obj</name>
      </input_file>
      <input_file id="fl-101">
         <path>C:\ti\ccs1271\ccs\tools\compiler\ti-cgt-arm_20.2.7.LTS\lib\</path>
         <kind>archive</kind>
         <file>rtsv7M4_T_le_eabi.lib</file>
         <name>wcslen.c.obj</name>
      </input_file>
      <input_file id="fl-102">
         <path>C:\ti\ccs1271\ccs\tools\compiler\ti-cgt-arm_20.2.7.LTS\lib\</path>
         <kind>archive</kind>
         <file>rtsv7M4_T_le_eabi.lib</file>
         <name>s_frexp.c.obj</name>
      </input_file>
      <input_file id="fl-103">
         <path>C:\ti\ccs1271\ccs\tools\compiler\ti-cgt-arm_20.2.7.LTS\lib\</path>
         <kind>archive</kind>
         <file>rtsv7M4_T_le_eabi.lib</file>
         <name>s_scalbn.c.obj</name>
      </input_file>
      <input_file id="fl-104">
         <path>C:\ti\ccs1271\ccs\tools\compiler\ti-cgt-arm_20.2.7.LTS\lib\</path>
         <kind>archive</kind>
         <file>rtsv7M4_T_le_eabi.lib</file>
         <name>s_copysign.c.obj</name>
      </input_file>
   </input_file_list>
   <object_component_list>
      <object_component id="oc-3b9">
         <name>.text:__TI_printfi</name>
         <load_address>0x2000c040</load_address>
         <run_address>0x2000c040</run_address>
         <size>0xa4e</size>
         <input_file_ref idref="fl-ec"/>
      </object_component>
      <object_component id="oc-1de">
         <name>.text:Board_initHook</name>
         <load_address>0x2000ca8e</load_address>
         <run_address>0x2000ca8e</run_address>
         <size>0x2</size>
         <input_file_ref idref="fl-3"/>
      </object_component>
      <object_component id="oc-1d2">
         <name>.text:PRCMCC3200MCUInit</name>
         <load_address>0x2000ca90</load_address>
         <run_address>0x2000ca90</run_address>
         <size>0x42c</size>
         <input_file_ref idref="fl-25"/>
      </object_component>
      <object_component id="oc-84b">
         <name>.text:UARTCC32XX_open</name>
         <load_address>0x2000cebc</load_address>
         <run_address>0x2000cebc</run_address>
         <size>0x288</size>
         <input_file_ref idref="fl-16"/>
      </object_component>
      <object_component id="oc-542">
         <name>.text:_pconv_a</name>
         <load_address>0x2000d144</load_address>
         <run_address>0x2000d144</run_address>
         <size>0x268</size>
         <input_file_ref idref="fl-ec"/>
      </object_component>
      <object_component id="oc-1f8">
         <name>.text:initI2C</name>
         <load_address>0x2000d3ac</load_address>
         <run_address>0x2000d3ac</run_address>
         <size>0x228</size>
         <input_file_ref idref="fl-2"/>
      </object_component>
      <object_component id="oc-204">
         <name>.text:GPIO_setConfig</name>
         <load_address>0x2000d5d4</load_address>
         <run_address>0x2000d5d4</run_address>
         <size>0x1e4</size>
         <input_file_ref idref="fl-11"/>
      </object_component>
      <object_component id="oc-530">
         <name>.text:_pconv_g</name>
         <load_address>0x2000d7b8</load_address>
         <run_address>0x2000d7b8</run_address>
         <size>0x1cc</size>
         <input_file_ref idref="fl-ec"/>
      </object_component>
      <object_component id="oc-711">
         <name>.text</name>
         <load_address>0x2000d984</load_address>
         <run_address>0x2000d984</run_address>
         <size>0x1b6</size>
         <input_file_ref idref="fl-ee"/>
      </object_component>
      <object_component id="oc-337">
         <name>.text:I2C_init</name>
         <load_address>0x2000db3a</load_address>
         <run_address>0x2000db3a</run_address>
         <size>0x2</size>
         <input_file_ref idref="fl-e"/>
      </object_component>
      <object_component id="oc-424">
         <name>.text:PowerCC32XX_sleepPolicy</name>
         <load_address>0x2000db3c</load_address>
         <run_address>0x2000db3c</run_address>
         <size>0x19c</size>
         <input_file_ref idref="fl-1d"/>
      </object_component>
      <object_component id="oc-4da">
         <name>.text:I2CCC32XX_hwiFxn</name>
         <load_address>0x2000dcd8</load_address>
         <run_address>0x2000dcd8</run_address>
         <size>0x148</size>
         <input_file_ref idref="fl-12"/>
      </object_component>
      <object_component id="oc-782">
         <name>.text:parkPins</name>
         <load_address>0x2000de20</load_address>
         <run_address>0x2000de20</run_address>
         <size>0x148</size>
         <input_file_ref idref="fl-13"/>
      </object_component>
      <object_component id="oc-53c">
         <name>.text:_pconv_e</name>
         <load_address>0x2000df68</load_address>
         <run_address>0x2000df68</run_address>
         <size>0x13c</size>
         <input_file_ref idref="fl-ec"/>
      </object_component>
      <object_component id="oc-5c0">
         <name>.text:Power_sleep</name>
         <load_address>0x2000e0a4</load_address>
         <run_address>0x2000e0a4</run_address>
         <size>0x138</size>
         <input_file_ref idref="fl-13"/>
      </object_component>
      <object_component id="oc-6f7">
         <name>.text</name>
         <load_address>0x2000e1dc</load_address>
         <run_address>0x2000e1dc</run_address>
         <size>0x136</size>
         <input_file_ref idref="fl-f0"/>
      </object_component>
      <object_component id="oc-41e">
         <name>.text:PowerCC32XX_initPolicy</name>
         <load_address>0x2000e312</load_address>
         <run_address>0x2000e312</run_address>
         <size>0x2</size>
         <input_file_ref idref="fl-1d"/>
      </object_component>
      <object_component id="oc-637">
         <name>.text:TimerCC32XX_open</name>
         <load_address>0x2000e314</load_address>
         <run_address>0x2000e314</run_address>
         <size>0x128</size>
         <input_file_ref idref="fl-15"/>
      </object_component>
      <object_component id="oc-4e8">
         <name>.text:I2C_transferTimeout</name>
         <load_address>0x2000e43c</load_address>
         <run_address>0x2000e43c</run_address>
         <size>0x122</size>
         <input_file_ref idref="fl-e"/>
      </object_component>
      <object_component id="oc-631">
         <name>.text:TimerCC32XX_init</name>
         <load_address>0x2000e55e</load_address>
         <run_address>0x2000e55e</run_address>
         <size>0x2</size>
         <input_file_ref idref="fl-15"/>
      </object_component>
      <object_component id="oc-839">
         <name>.text:UARTCC32XX_close</name>
         <load_address>0x2000e560</load_address>
         <run_address>0x2000e560</run_address>
         <size>0x120</size>
         <input_file_ref idref="fl-16"/>
      </object_component>
      <object_component id="oc-723">
         <name>.text:fcvt</name>
         <load_address>0x2000e680</load_address>
         <run_address>0x2000e680</run_address>
         <size>0x120</size>
         <input_file_ref idref="fl-ec"/>
      </object_component>
      <object_component id="oc-6e4">
         <name>.text:aligned_alloc</name>
         <load_address>0x2000e7a0</load_address>
         <run_address>0x2000e7a0</run_address>
         <size>0x100</size>
         <input_file_ref idref="fl-e9"/>
      </object_component>
      <object_component id="oc-343">
         <name>.text:I2C_open</name>
         <load_address>0x2000e8a0</load_address>
         <run_address>0x2000e8a0</run_address>
         <size>0xfc</size>
         <input_file_ref idref="fl-12"/>
      </object_component>
      <object_component id="oc-6f2">
         <name>.text</name>
         <load_address>0x2000e99c</load_address>
         <run_address>0x2000e99c</run_address>
         <size>0xfc</size>
         <input_file_ref idref="fl-f1"/>
      </object_component>
      <object_component id="oc-15f">
         <name>.text:mainThread</name>
         <load_address>0x2000ea98</load_address>
         <run_address>0x2000ea98</run_address>
         <size>0xf4</size>
         <input_file_ref idref="fl-2"/>
      </object_component>
      <object_component id="oc-83f">
         <name>.text:UARTCC32XX_control</name>
         <load_address>0x2000eb8c</load_address>
         <run_address>0x2000eb8c</run_address>
         <size>0xf2</size>
         <input_file_ref idref="fl-16"/>
      </object_component>
      <object_component id="oc-845">
         <name>.text:UARTCC32XX_init</name>
         <load_address>0x2000ec7e</load_address>
         <run_address>0x2000ec7e</run_address>
         <size>0x2</size>
         <input_file_ref idref="fl-16"/>
      </object_component>
      <object_component id="oc-440">
         <name>.text:free</name>
         <load_address>0x2000ec80</load_address>
         <run_address>0x2000ec80</run_address>
         <size>0xe4</size>
         <input_file_ref idref="fl-e9"/>
      </object_component>
      <object_component id="oc-737">
         <name>.text:scalbn</name>
         <load_address>0x2000ed64</load_address>
         <run_address>0x2000ed64</run_address>
         <size>0xd0</size>
         <input_file_ref idref="fl-103"/>
      </object_component>
      <object_component id="oc-863">
         <name>.text:UARTCC32XX_write</name>
         <load_address>0x2000ee34</load_address>
         <run_address>0x2000ee34</run_address>
         <size>0xca</size>
         <input_file_ref idref="fl-16"/>
      </object_component>
      <object_component id="oc-3e6">
         <name>.text:_nop</name>
         <load_address>0x2000eefe</load_address>
         <run_address>0x2000eefe</run_address>
         <size>0x2</size>
         <input_file_ref idref="fl-f9"/>
      </object_component>
      <object_component id="oc-1e6">
         <name>.text:GPIO_init</name>
         <load_address>0x2000ef00</load_address>
         <run_address>0x2000ef00</run_address>
         <size>0xc4</size>
         <input_file_ref idref="fl-11"/>
      </object_component>
      <object_component id="oc-79f">
         <name>.text:restoreParkedPins</name>
         <load_address>0x2000efc4</load_address>
         <run_address>0x2000efc4</run_address>
         <size>0xc0</size>
         <input_file_ref idref="fl-13"/>
      </object_component>
      <object_component id="oc-857">
         <name>.text:UARTCC32XX_readPolling</name>
         <load_address>0x2000f084</load_address>
         <run_address>0x2000f084</run_address>
         <size>0xba</size>
         <input_file_ref idref="fl-16"/>
      </object_component>
      <object_component id="oc-73">
         <name>.text:busFaultHandler</name>
         <load_address>0x2000f13e</load_address>
         <run_address>0x2000f13e</run_address>
         <size>0x2</size>
         <input_file_ref idref="fl-1e"/>
      </object_component>
      <object_component id="oc-9cc">
         <name>.text:initHw</name>
         <load_address>0x2000f140</load_address>
         <run_address>0x2000f140</run_address>
         <size>0xb8</size>
         <input_file_ref idref="fl-16"/>
      </object_component>
      <object_component id="oc-216">
         <name>.text:readTemp</name>
         <load_address>0x2000f1f8</load_address>
         <run_address>0x2000f1f8</run_address>
         <size>0xb8</size>
         <input_file_ref idref="fl-2"/>
      </object_component>
      <object_component id="oc-a77">
         <name>.text:readTaskCallback</name>
         <load_address>0x2000f2b0</load_address>
         <run_address>0x2000f2b0</run_address>
         <size>0xb6</size>
         <input_file_ref idref="fl-16"/>
      </object_component>
      <object_component id="oc-6ac">
         <name>.text:I2CCC32XX_completeTransfer</name>
         <load_address>0x2000f366</load_address>
         <run_address>0x2000f366</run_address>
         <size>0xb2</size>
         <input_file_ref idref="fl-12"/>
      </object_component>
      <object_component id="oc-525">
         <name>.text:_ltostr</name>
         <load_address>0x2000f418</load_address>
         <run_address>0x2000f418</run_address>
         <size>0xb1</size>
         <input_file_ref idref="fl-ec"/>
      </object_component>
      <object_component id="oc-a65">
         <name>.text:readTaskBlocking</name>
         <load_address>0x2000f4ca</load_address>
         <run_address>0x2000f4ca</run_address>
         <size>0xb0</size>
         <input_file_ref idref="fl-16"/>
      </object_component>
      <object_component id="oc-a6b">
         <name>.text:readIsrTextBlocking</name>
         <load_address>0x2000f57a</load_address>
         <run_address>0x2000f57a</run_address>
         <size>0xae</size>
         <input_file_ref idref="fl-16"/>
      </object_component>
      <object_component id="oc-69a">
         <name>.text:I2CCC32XX_primeWriteBurst</name>
         <load_address>0x2000f628</load_address>
         <run_address>0x2000f628</run_address>
         <size>0xa8</size>
         <input_file_ref idref="fl-12"/>
      </object_component>
      <object_component id="oc-b5">
         <name>.text:IntEnable</name>
         <load_address>0x2000f6d0</load_address>
         <run_address>0x2000f6d0</run_address>
         <size>0xa8</size>
         <input_file_ref idref="fl-23"/>
      </object_component>
      <object_component id="oc-2ce">
         <name>.text:PowerCC32XX_configureWakeup</name>
         <load_address>0x2000f778</load_address>
         <run_address>0x2000f778</run_address>
         <size>0xa8</size>
         <input_file_ref idref="fl-13"/>
      </object_component>
      <object_component id="oc-a7d">
         <name>.text:readIsrTextCallback</name>
         <load_address>0x2000f820</load_address>
         <run_address>0x2000f820</run_address>
         <size>0xa2</size>
         <input_file_ref idref="fl-16"/>
      </object_component>
      <object_component id="oc-a03">
         <name>.text:writeData</name>
         <load_address>0x2000f8c2</load_address>
         <run_address>0x2000f8c2</run_address>
         <size>0xa2</size>
         <input_file_ref idref="fl-16"/>
      </object_component>
      <object_component id="oc-2f4">
         <name>.text:SemaphoreP_pend</name>
         <load_address>0x2000f964</load_address>
         <run_address>0x2000f964</run_address>
         <size>0xa0</size>
         <input_file_ref idref="fl-1a"/>
      </object_component>
      <object_component id="oc-4c8">
         <name>.text:I2CCC32XX_initHw</name>
         <load_address>0x2000fa04</load_address>
         <run_address>0x2000fa04</run_address>
         <size>0x9c</size>
         <input_file_ref idref="fl-12"/>
      </object_component>
      <object_component id="oc-3b">
         <name>.text</name>
         <load_address>0x2000faa0</load_address>
         <run_address>0x2000faa0</run_address>
         <size>0x9c</size>
         <input_file_ref idref="fl-e4"/>
      </object_component>
      <object_component id="oc-310">
         <name>.text:powerNotifyFxn</name>
         <load_address>0x2000fb3c</load_address>
         <run_address>0x2000fb3c</run_address>
         <size>0x98</size>
         <input_file_ref idref="fl-11"/>
      </object_component>
      <object_component id="oc-5bb">
         <name>.text</name>
         <load_address>0x2000fbd4</load_address>
         <run_address>0x2000fbd4</run_address>
         <size>0x96</size>
         <input_file_ref idref="fl-e5"/>
      </object_component>
      <object_component id="oc-465">
         <name>.text:clkFxn</name>
         <load_address>0x2000fc6a</load_address>
         <run_address>0x2000fc6a</run_address>
         <size>0x2</size>
         <input_file_ref idref="fl-1a"/>
      </object_component>
      <object_component id="oc-793">
         <name>.text:restoreNVICRegs</name>
         <load_address>0x2000fc6c</load_address>
         <run_address>0x2000fc6c</run_address>
         <size>0x90</size>
         <input_file_ref idref="fl-13"/>
      </object_component>
      <object_component id="oc-4bc">
         <name>.text:HwiP_construct</name>
         <load_address>0x2000fcfc</load_address>
         <run_address>0x2000fcfc</run_address>
         <size>0x8c</size>
         <input_file_ref idref="fl-1c"/>
      </object_component>
      <object_component id="oc-950">
         <name>.text:IntPendSet</name>
         <load_address>0x2000fd88</load_address>
         <run_address>0x2000fd88</run_address>
         <size>0x88</size>
         <input_file_ref idref="fl-23"/>
      </object_component>
      <object_component id="oc-36d">
         <name>.text:PinConfigSet</name>
         <load_address>0x2000fe10</load_address>
         <run_address>0x2000fe10</run_address>
         <size>0x88</size>
         <input_file_ref idref="fl-24"/>
      </object_component>
      <object_component id="oc-63d">
         <name>.text:TimerCC32XX_setPeriod</name>
         <load_address>0x2000fe98</load_address>
         <run_address>0x2000fe98</run_address>
         <size>0x88</size>
         <input_file_ref idref="fl-15"/>
      </object_component>
      <object_component id="oc-52b">
         <name>.text:__aeabi_cdcmple</name>
         <load_address>0x2000ff20</load_address>
         <run_address>0x2000ff20</run_address>
         <size>0x86</size>
         <input_file_ref idref="fl-ef"/>
      </object_component>
      <object_component id="oc-6fc">
         <name>.text:__aeabi_cdrcmple</name>
         <load_address>0x2000ffa6</load_address>
         <run_address>0x2000ffa6</run_address>
         <size>0x86</size>
         <input_file_ref idref="fl-ef"/>
      </object_component>
      <object_component id="oc-1d8">
         <name>.text:Power_init</name>
         <load_address>0x2001002c</load_address>
         <run_address>0x2001002c</run_address>
         <size>0x84</size>
         <input_file_ref idref="fl-13"/>
      </object_component>
      <object_component id="oc-788">
         <name>.text:saveNVICRegs</name>
         <load_address>0x200100b0</load_address>
         <run_address>0x200100b0</run_address>
         <size>0x84</size>
         <input_file_ref idref="fl-13"/>
      </object_component>
      <object_component id="oc-373">
         <name>.text:Power_setDependency</name>
         <load_address>0x20010134</load_address>
         <run_address>0x20010134</run_address>
         <size>0x80</size>
         <input_file_ref idref="fl-13"/>
      </object_component>
      <object_component id="oc-a5f">
         <name>.text:readIsrBinaryBlocking</name>
         <load_address>0x200101b4</load_address>
         <run_address>0x200101b4</run_address>
         <size>0x7c</size>
         <input_file_ref idref="fl-16"/>
      </object_component>
      <object_component id="oc-694">
         <name>.text:I2CCC32XX_primeReadBurst</name>
         <load_address>0x20010230</load_address>
         <run_address>0x20010230</run_address>
         <size>0x7a</size>
         <input_file_ref idref="fl-12"/>
      </object_component>
      <object_component id="oc-3ac">
         <name>.text</name>
         <load_address>0x200102aa</load_address>
         <run_address>0x200102aa</run_address>
         <size>0x7a</size>
         <input_file_ref idref="fl-e0"/>
      </object_component>
      <object_component id="oc-9d">
         <name>.text</name>
         <load_address>0x20010324</load_address>
         <run_address>0x20010324</run_address>
         <size>0x7a</size>
         <input_file_ref idref="fl-f4"/>
      </object_component>
      <object_component id="oc-6d">
         <name>.text:defaultHandler</name>
         <load_address>0x2001039e</load_address>
         <run_address>0x2001039e</run_address>
         <size>0x2</size>
         <input_file_ref idref="fl-1e"/>
      </object_component>
      <object_component id="oc-397">
         <name>.text:GPIO_hwiIntFxn</name>
         <load_address>0x200103a0</load_address>
         <run_address>0x200103a0</run_address>
         <size>0x78</size>
         <input_file_ref idref="fl-11"/>
      </object_component>
      <object_component id="oc-643">
         <name>.text:TimerCC32XX_start</name>
         <load_address>0x20010418</load_address>
         <run_address>0x20010418</run_address>
         <size>0x78</size>
         <input_file_ref idref="fl-15"/>
      </object_component>
      <object_component id="oc-a71">
         <name>.text:readIsrBinaryCallback</name>
         <load_address>0x20010490</load_address>
         <run_address>0x20010490</run_address>
         <size>0x78</size>
         <input_file_ref idref="fl-16"/>
      </object_component>
      <object_component id="oc-9db">
         <name>.text:UARTCC32XX_hwiIntFxn</name>
         <load_address>0x20010508</load_address>
         <run_address>0x20010508</run_address>
         <size>0x74</size>
         <input_file_ref idref="fl-16"/>
      </object_component>
      <object_component id="oc-8c9">
         <name>.text:split</name>
         <load_address>0x2001057c</load_address>
         <run_address>0x2001057c</run_address>
         <size>0x70</size>
         <input_file_ref idref="fl-e9"/>
      </object_component>
      <object_component id="oc-71c">
         <name>.text:_mcpy</name>
         <load_address>0x200105ec</load_address>
         <run_address>0x200105ec</run_address>
         <size>0x6e</size>
         <input_file_ref idref="fl-ec"/>
      </object_component>
      <object_component id="oc-6c7">
         <name>.text:I2CSupport_primeTransfer</name>
         <load_address>0x2001065a</load_address>
         <run_address>0x2001065a</run_address>
         <size>0x6a</size>
         <input_file_ref idref="fl-12"/>
      </object_component>
      <object_component id="oc-14">
         <name>.text:decompress:lzss:__TI_decompress_lzss</name>
         <load_address>0x200106c4</load_address>
         <run_address>0x200106c4</run_address>
         <size>0x68</size>
         <input_file_ref idref="fl-e8"/>
      </object_component>
      <object_component id="oc-86f">
         <name>.text:UARTCC32XX_writeCancel</name>
         <load_address>0x2001072c</load_address>
         <run_address>0x2001072c</run_address>
         <size>0x66</size>
         <input_file_ref idref="fl-16"/>
      </object_component>
      <object_component id="oc-67">
         <name>.text:faultISR</name>
         <load_address>0x20010792</load_address>
         <run_address>0x20010792</run_address>
         <size>0x2</size>
         <input_file_ref idref="fl-1e"/>
      </object_component>
      <object_component id="oc-48f">
         <name>.text:PowerCC32XX_setParkState</name>
         <load_address>0x20010794</load_address>
         <run_address>0x20010794</run_address>
         <size>0x64</size>
         <input_file_ref idref="fl-13"/>
      </object_component>
      <object_component id="oc-869">
         <name>.text:UARTCC32XX_writePolling</name>
         <load_address>0x200107f8</load_address>
         <run_address>0x200107f8</run_address>
         <size>0x62</size>
         <input_file_ref idref="fl-16"/>
      </object_component>
      <object_component id="oc-61">
         <name>.text:nmiISR</name>
         <load_address>0x2001085a</load_address>
         <run_address>0x2001085a</run_address>
         <size>0x2</size>
         <input_file_ref idref="fl-1e"/>
      </object_component>
      <object_component id="oc-29c">
         <name>.text:PRCMSysResetCauseGet</name>
         <load_address>0x2001085c</load_address>
         <run_address>0x2001085c</run_address>
         <size>0x60</size>
         <input_file_ref idref="fl-25"/>
      </object_component>
      <object_component id="oc-20a">
         <name>.text:GPIO_setCallback</name>
         <load_address>0x200108bc</load_address>
         <run_address>0x200108bc</run_address>
         <size>0x5c</size>
         <input_file_ref idref="fl-11"/>
      </object_component>
      <object_component id="oc-731">
         <name>.text:frexp</name>
         <load_address>0x20010918</load_address>
         <run_address>0x20010918</run_address>
         <size>0x5c</size>
         <input_file_ref idref="fl-102"/>
      </object_component>
      <object_component id="oc-910">
         <name>.text:sysTickInit</name>
         <load_address>0x20010974</load_address>
         <run_address>0x20010974</run_address>
         <size>0x5c</size>
         <input_file_ref idref="fl-1b"/>
      </object_component>
      <object_component id="oc-21c">
         <name>.text:GPIO_write</name>
         <load_address>0x200109d0</load_address>
         <run_address>0x200109d0</run_address>
         <size>0x58</size>
         <input_file_ref idref="fl-11"/>
      </object_component>
      <object_component id="oc-2b5">
         <name>.text:PRCMPeripheralReset</name>
         <load_address>0x20010a28</load_address>
         <run_address>0x20010a28</run_address>
         <size>0x58</size>
         <input_file_ref idref="fl-25"/>
      </object_component>
      <object_component id="oc-970">
         <name>.text:Power_releaseDependency</name>
         <load_address>0x20010a80</load_address>
         <run_address>0x20010a80</run_address>
         <size>0x58</size>
         <input_file_ref idref="fl-13"/>
      </object_component>
      <object_component id="oc-649">
         <name>.text:TimerCC32XX_stop</name>
         <load_address>0x20010ad8</load_address>
         <run_address>0x20010ad8</run_address>
         <size>0x56</size>
         <input_file_ref idref="fl-15"/>
      </object_component>
      <object_component id="oc-536">
         <name>.text:_pconv_f</name>
         <load_address>0x20010b2e</load_address>
         <run_address>0x20010b2e</run_address>
         <size>0x56</size>
         <input_file_ref idref="fl-ec"/>
      </object_component>
      <object_component id="oc-706">
         <name>.text:__TI_ltoa</name>
         <load_address>0x20010b84</load_address>
         <run_address>0x20010b84</run_address>
         <size>0x54</size>
         <input_file_ref idref="fl-fa"/>
      </object_component>
      <object_component id="oc-ab9">
         <name>.text:ringBufGet</name>
         <load_address>0x20010bd8</load_address>
         <run_address>0x20010bd8</run_address>
         <size>0x54</size>
         <input_file_ref idref="fl-16"/>
      </object_component>
      <object_component id="oc-92d">
         <name>.text:PowerCC32XX_resumeLPDS</name>
         <load_address>0x20010c2c</load_address>
         <run_address>0x20010c2c</run_address>
         <size>0x52</size>
         <input_file_ref idref="fl-14"/>
      </object_component>
      <object_component id="oc-716">
         <name>.text:_ecpy</name>
         <load_address>0x20010c7e</load_address>
         <run_address>0x20010c7e</run_address>
         <size>0x52</size>
         <input_file_ref idref="fl-ec"/>
      </object_component>
      <object_component id="oc-7f1">
         <name>.text:initHw</name>
         <load_address>0x20010cd0</load_address>
         <run_address>0x20010cd0</run_address>
         <size>0x52</size>
         <input_file_ref idref="fl-15"/>
      </object_component>
      <object_component id="oc-776">
         <name>.text</name>
         <load_address>0x20010d22</load_address>
         <run_address>0x20010d22</run_address>
         <size>0x2</size>
         <input_file_ref idref="fl-ed"/>
      </object_component>
      <object_component id="oc-79">
         <name>.text:ClockP_sysTickHandler</name>
         <load_address>0x20010d24</load_address>
         <run_address>0x20010d24</run_address>
         <size>0x50</size>
         <input_file_ref idref="fl-1b"/>
      </object_component>
      <object_component id="oc-5e1">
         <name>.text:SemaphoreP_construct</name>
         <load_address>0x20010d74</load_address>
         <run_address>0x20010d74</run_address>
         <size>0x50</size>
         <input_file_ref idref="fl-1a"/>
      </object_component>
      <object_component id="oc-7e5">
         <name>.text:TimerCC32XX_allocateTimerResource</name>
         <load_address>0x20010dc4</load_address>
         <run_address>0x20010dc4</run_address>
         <size>0x50</size>
         <input_file_ref idref="fl-15"/>
      </object_component>
      <object_component id="oc-1fe">
         <name>.text:initTimer</name>
         <load_address>0x20010e14</load_address>
         <run_address>0x20010e14</run_address>
         <size>0x50</size>
         <input_file_ref idref="fl-2"/>
      </object_component>
      <object_component id="oc-210">
         <name>.text:GPIO_enableInt</name>
         <load_address>0x20010e64</load_address>
         <run_address>0x20010e64</run_address>
         <size>0x4c</size>
         <input_file_ref idref="fl-11"/>
      </object_component>
      <object_component id="oc-688">
         <name>.text:I2CCC32XX_readRecieveFifo</name>
         <load_address>0x20010eb0</load_address>
         <run_address>0x20010eb0</run_address>
         <size>0x4c</size>
         <input_file_ref idref="fl-12"/>
      </object_component>
      <object_component id="oc-924">
         <name>.text:PowerCC32XX_parkPin</name>
         <load_address>0x20010efc</load_address>
         <run_address>0x20010efc</run_address>
         <size>0x4c</size>
         <input_file_ref idref="fl-13"/>
      </object_component>
      <object_component id="oc-51f">
         <name>.text:atoi</name>
         <load_address>0x20010f48</load_address>
         <run_address>0x20010f48</run_address>
         <size>0x4c</size>
         <input_file_ref idref="fl-fc"/>
      </object_component>
      <object_component id="oc-799">
         <name>.text:restorePeriphClocks</name>
         <load_address>0x20010f94</load_address>
         <run_address>0x20010f94</run_address>
         <size>0x4c</size>
         <input_file_ref idref="fl-13"/>
      </object_component>
      <object_component id="oc-228">
         <name>.text:snprintf</name>
         <load_address>0x20010fe0</load_address>
         <run_address>0x20010fe0</run_address>
         <size>0x4c</size>
         <input_file_ref idref="fl-df"/>
      </object_component>
      <object_component id="oc-948">
         <name>.text:FlashDisable</name>
         <load_address>0x2001102c</load_address>
         <run_address>0x2001102c</run_address>
         <size>0x48</size>
         <input_file_ref idref="fl-29"/>
      </object_component>
      <object_component id="oc-7a5">
         <name>.text:PRCMLPDSEnter</name>
         <load_address>0x20011074</load_address>
         <run_address>0x20011074</run_address>
         <size>0x48</size>
         <input_file_ref idref="fl-25"/>
      </object_component>
      <object_component id="oc-2af">
         <name>.text:PRCMPeripheralClkEnable</name>
         <load_address>0x200110bc</load_address>
         <run_address>0x200110bc</run_address>
         <size>0x48</size>
         <input_file_ref idref="fl-25"/>
      </object_component>
      <object_component id="oc-830">
         <name>.text:Power_releaseConstraint</name>
         <load_address>0x20011104</load_address>
         <run_address>0x20011104</run_address>
         <size>0x48</size>
         <input_file_ref idref="fl-13"/>
      </object_component>
      <object_component id="oc-701">
         <name>.text</name>
         <load_address>0x2001114c</load_address>
         <run_address>0x2001114c</run_address>
         <size>0x48</size>
         <input_file_ref idref="fl-f2"/>
      </object_component>
      <object_component id="oc-aa6">
         <name>.text:RingBuf_put</name>
         <load_address>0x20011194</load_address>
         <run_address>0x20011194</run_address>
         <size>0x46</size>
         <input_file_ref idref="fl-18"/>
      </object_component>
      <object_component id="oc-7eb">
         <name>.text:getPrescaler</name>
         <load_address>0x200111da</load_address>
         <run_address>0x200111da</run_address>
         <size>0x46</size>
         <input_file_ref idref="fl-15"/>
      </object_component>
      <object_component id="oc-609">
         <name>.text:ClockP_stop</name>
         <load_address>0x20011220</load_address>
         <run_address>0x20011220</run_address>
         <size>0x44</size>
         <input_file_ref idref="fl-1b"/>
      </object_component>
      <object_component id="oc-932">
         <name>.text:PRCMLPDSRestoreInfoSet</name>
         <load_address>0x20011264</load_address>
         <run_address>0x20011264</run_address>
         <size>0x44</size>
         <input_file_ref idref="fl-25"/>
      </object_component>
      <object_component id="oc-78e">
         <name>.text:PowerCC32XX_enterLPDS</name>
         <load_address>0x200112a8</load_address>
         <run_address>0x200112a8</run_address>
         <size>0x44</size>
         <input_file_ref idref="fl-14"/>
      </object_component>
      <object_component id="oc-300">
         <name>.text:SemaphoreP_post</name>
         <load_address>0x200112ec</load_address>
         <run_address>0x200112ec</run_address>
         <size>0x44</size>
         <input_file_ref idref="fl-1a"/>
      </object_component>
      <object_component id="oc-5d1">
         <name>.text:SwiP_restore</name>
         <load_address>0x20011330</load_address>
         <run_address>0x20011330</run_address>
         <size>0x44</size>
         <input_file_ref idref="fl-1f"/>
      </object_component>
      <object_component id="oc-1ec">
         <name>.text:Timer_init</name>
         <load_address>0x20011374</load_address>
         <run_address>0x20011374</run_address>
         <size>0x44</size>
         <input_file_ref idref="fl-f"/>
      </object_component>
      <object_component id="oc-324">
         <name>.text:UART_init</name>
         <load_address>0x200113b8</load_address>
         <run_address>0x200113b8</run_address>
         <size>0x44</size>
         <input_file_ref idref="fl-10"/>
      </object_component>
      <object_component id="oc-172">
         <name>.text:__TI_auto_init_nobinit_nopinit:__TI_auto_init_nobinit_nopinit</name>
         <load_address>0x200113fc</load_address>
         <run_address>0x200113fc</run_address>
         <size>0x44</size>
         <input_file_ref idref="fl-f5"/>
      </object_component>
      <object_component id="oc-a4e">
         <name>.text:ClockP_construct</name>
         <load_address>0x20011440</load_address>
         <run_address>0x20011440</run_address>
         <size>0x40</size>
         <input_file_ref idref="fl-1b"/>
      </object_component>
      <object_component id="oc-2c7">
         <name>.text:PinModeSet</name>
         <load_address>0x20011480</load_address>
         <run_address>0x20011480</run_address>
         <size>0x40</size>
         <input_file_ref idref="fl-24"/>
      </object_component>
      <object_component id="oc-9f5">
         <name>.text:RingBuf_get</name>
         <load_address>0x200114c0</load_address>
         <run_address>0x200114c0</run_address>
         <size>0x40</size>
         <input_file_ref idref="fl-18"/>
      </object_component>
      <object_component id="oc-35a">
         <name>.text:Timer_open</name>
         <load_address>0x20011500</load_address>
         <run_address>0x20011500</run_address>
         <size>0x40</size>
         <input_file_ref idref="fl-f"/>
      </object_component>
      <object_component id="oc-851">
         <name>.text:UARTCC32XX_read</name>
         <load_address>0x20011540</load_address>
         <run_address>0x20011540</run_address>
         <size>0x40</size>
         <input_file_ref idref="fl-16"/>
      </object_component>
      <object_component id="oc-330">
         <name>.text:UART_open</name>
         <load_address>0x20011580</load_address>
         <run_address>0x20011580</run_address>
         <size>0x40</size>
         <input_file_ref idref="fl-10"/>
      </object_component>
      <object_component id="oc-729">
         <name>.text:_fcpy</name>
         <load_address>0x200115c0</load_address>
         <run_address>0x200115c0</run_address>
         <size>0x3e</size>
         <input_file_ref idref="fl-ec"/>
      </object_component>
      <object_component id="oc-45f">
         <name>.text:ClockP_destruct</name>
         <load_address>0x20011600</load_address>
         <run_address>0x20011600</run_address>
         <size>0x3c</size>
         <input_file_ref idref="fl-1b"/>
      </object_component>
      <object_component id="oc-817">
         <name>.text:Power_setConstraint</name>
         <load_address>0x2001163c</load_address>
         <run_address>0x2001163c</run_address>
         <size>0x3c</size>
         <input_file_ref idref="fl-13"/>
      </object_component>
      <object_component id="oc-61f">
         <name>.text:TimerCC32XX_close</name>
         <load_address>0x20011678</load_address>
         <run_address>0x20011678</run_address>
         <size>0x3a</size>
         <input_file_ref idref="fl-15"/>
      </object_component>
      <object_component id="oc-5b5">
         <name>.text:getCountsRTC</name>
         <load_address>0x200116b2</load_address>
         <run_address>0x200116b2</run_address>
         <size>0x3a</size>
         <input_file_ref idref="fl-1d"/>
      </object_component>
      <object_component id="oc-222">
         <name>.text:GPIO_read</name>
         <load_address>0x200116ec</load_address>
         <run_address>0x200116ec</run_address>
         <size>0x38</size>
         <input_file_ref idref="fl-11"/>
      </object_component>
      <object_component id="oc-7ab">
         <name>.text:PRCMLPDSEnterKeepDebugIf</name>
         <load_address>0x20011724</load_address>
         <run_address>0x20011724</run_address>
         <size>0x38</size>
         <input_file_ref idref="fl-25"/>
      </object_component>
      <object_component id="oc-7fd">
         <name>.text:TimerCC32XX_hwiIntFunction</name>
         <load_address>0x2001175c</load_address>
         <run_address>0x2001175c</run_address>
         <size>0x38</size>
         <input_file_ref idref="fl-15"/>
      </object_component>
      <object_component id="oc-db">
         <name>.text:addToList</name>
         <load_address>0x20011794</load_address>
         <run_address>0x20011794</run_address>
         <size>0x38</size>
         <input_file_ref idref="fl-1b"/>
      </object_component>
      <object_component id="oc-59">
         <name>.text:initVectors</name>
         <load_address>0x200117cc</load_address>
         <run_address>0x200117cc</run_address>
         <size>0x38</size>
         <input_file_ref idref="fl-1e"/>
      </object_component>
      <object_component id="oc-77c">
         <name>.text:notify</name>
         <load_address>0x20011804</load_address>
         <run_address>0x20011804</run_address>
         <size>0x38</size>
         <input_file_ref idref="fl-13"/>
      </object_component>
      <object_component id="oc-3b1">
         <name>.text</name>
         <load_address>0x2001183c</load_address>
         <run_address>0x2001183c</run_address>
         <size>0x38</size>
         <input_file_ref idref="fl-e1"/>
      </object_component>
      <object_component id="oc-3a7">
         <name>.text</name>
         <load_address>0x20011874</load_address>
         <run_address>0x20011874</run_address>
         <size>0x38</size>
         <input_file_ref idref="fl-e2"/>
      </object_component>
      <object_component id="oc-97c">
         <name>.text:TimerControlStall</name>
         <load_address>0x200118ac</load_address>
         <run_address>0x200118ac</run_address>
         <size>0x36</size>
         <input_file_ref idref="fl-26"/>
      </object_component>
      <object_component id="oc-85d">
         <name>.text:UARTCC32XX_readCancel</name>
         <load_address>0x200118e2</load_address>
         <run_address>0x200118e2</run_address>
         <size>0x36</size>
         <input_file_ref idref="fl-16"/>
      </object_component>
      <object_component id="oc-5a3">
         <name>.text:ClockP_getTicksUntilInterrupt</name>
         <load_address>0x20011918</load_address>
         <run_address>0x20011918</run_address>
         <size>0x34</size>
         <input_file_ref idref="fl-1b"/>
      </object_component>
      <object_component id="oc-76d">
         <name>.text:ClockP_startup</name>
         <load_address>0x2001194c</load_address>
         <run_address>0x2001194c</run_address>
         <size>0x34</size>
         <input_file_ref idref="fl-1b"/>
      </object_component>
      <object_component id="oc-2c1">
         <name>.text:PinModeGet</name>
         <load_address>0x20011980</load_address>
         <run_address>0x20011980</run_address>
         <size>0x34</size>
         <input_file_ref idref="fl-24"/>
      </object_component>
      <object_component id="oc-999">
         <name>.text:PowerCC32XX_restoreParkState</name>
         <load_address>0x200119b4</load_address>
         <run_address>0x200119b4</run_address>
         <size>0x34</size>
         <input_file_ref idref="fl-13"/>
      </object_component>
      <object_component id="oc-7db">
         <name>.text:TimerCC32XX_freeTimerResource</name>
         <load_address>0x200119e8</load_address>
         <run_address>0x200119e8</run_address>
         <size>0x34</size>
         <input_file_ref idref="fl-15"/>
      </object_component>
      <object_component id="oc-96a">
         <name>.text:getPowerMgrId</name>
         <load_address>0x20011a1c</load_address>
         <run_address>0x20011a1c</run_address>
         <size>0x34</size>
         <input_file_ref idref="fl-15"/>
      </object_component>
      <object_component id="oc-1f2">
         <name>.text:initUART</name>
         <load_address>0x20011a50</load_address>
         <run_address>0x20011a50</run_address>
         <size>0x34</size>
         <input_file_ref idref="fl-2"/>
      </object_component>
      <object_component id="oc-44d">
         <name>.text:ClockP_start</name>
         <load_address>0x20011a84</load_address>
         <run_address>0x20011a84</run_address>
         <size>0x30</size>
         <input_file_ref idref="fl-1b"/>
      </object_component>
      <object_component id="oc-941">
         <name>.text:PowerCC32XX_restoreParkedPin</name>
         <load_address>0x20011ab4</load_address>
         <run_address>0x20011ab4</run_address>
         <size>0x30</size>
         <input_file_ref idref="fl-13"/>
      </object_component>
      <object_component id="oc-3bf">
         <name>.text:_outs</name>
         <load_address>0x20011ae4</load_address>
         <run_address>0x20011ae4</run_address>
         <size>0x30</size>
         <input_file_ref idref="fl-df"/>
      </object_component>
      <object_component id="oc-70c">
         <name>.text</name>
         <load_address>0x20011b14</load_address>
         <run_address>0x20011b14</run_address>
         <size>0x2e</size>
         <input_file_ref idref="fl-f3"/>
      </object_component>
      <object_component id="oc-9ba">
         <name>.text:PowerCC32XX_getParkState</name>
         <load_address>0x20011b44</load_address>
         <run_address>0x20011b44</run_address>
         <size>0x2c</size>
         <input_file_ref idref="fl-13"/>
      </object_component>
      <object_component id="oc-37f">
         <name>.text:HwiP_create</name>
         <load_address>0x20011b70</load_address>
         <run_address>0x20011b70</run_address>
         <size>0x2a</size>
         <input_file_ref idref="fl-1c"/>
      </object_component>
      <object_component id="oc-80a">
         <name>.text:TimerLoadSet</name>
         <load_address>0x20011b9a</load_address>
         <run_address>0x20011b9a</run_address>
         <size>0x2a</size>
         <input_file_ref idref="fl-26"/>
      </object_component>
      <object_component id="oc-804">
         <name>.text:TimerPrescaleSet</name>
         <load_address>0x20011bc4</load_address>
         <run_address>0x20011bc4</run_address>
         <size>0x2a</size>
         <input_file_ref idref="fl-26"/>
      </object_component>
      <object_component id="oc-6a0">
         <name>.text:I2CFIFODataPutNonBlocking</name>
         <load_address>0x20011bee</load_address>
         <run_address>0x20011bee</run_address>
         <size>0x28</size>
         <input_file_ref idref="fl-22"/>
      </object_component>
      <object_component id="oc-2bb">
         <name>.text:PRCMPeripheralClkDisable</name>
         <load_address>0x20011c18</load_address>
         <run_address>0x20011c18</run_address>
         <size>0x28</size>
         <input_file_ref idref="fl-25"/>
      </object_component>
      <object_component id="oc-2fa">
         <name>.text:Power_registerNotify</name>
         <load_address>0x20011c40</load_address>
         <run_address>0x20011c40</run_address>
         <size>0x28</size>
         <input_file_ref idref="fl-13"/>
      </object_component>
      <object_component id="oc-601">
         <name>.text:free_list_insert</name>
         <load_address>0x20011c68</load_address>
         <run_address>0x20011c68</run_address>
         <size>0x28</size>
         <input_file_ref idref="fl-e9"/>
      </object_component>
      <object_component id="oc-886">
         <name>.text:I2CFIFODataGetNonBlocking</name>
         <load_address>0x20011c90</load_address>
         <run_address>0x20011c90</run_address>
         <size>0x26</size>
         <input_file_ref idref="fl-22"/>
      </object_component>
      <object_component id="oc-6d3">
         <name>.text:I2C_cancel</name>
         <load_address>0x20011cb6</load_address>
         <run_address>0x20011cb6</run_address>
         <size>0x26</size>
         <input_file_ref idref="fl-e"/>
      </object_component>
      <object_component id="oc-46f">
         <name>.text:List_put</name>
         <load_address>0x20011cdc</load_address>
         <run_address>0x20011cdc</run_address>
         <size>0x26</size>
         <input_file_ref idref="fl-17"/>
      </object_component>
      <object_component id="oc-95c">
         <name>.text:List_remove</name>
         <load_address>0x20011d02</load_address>
         <run_address>0x20011d02</run_address>
         <size>0x26</size>
         <input_file_ref idref="fl-17"/>
      </object_component>
      <object_component id="oc-667">
         <name>.text:HwiP_dispatch</name>
         <load_address>0x20011d28</load_address>
         <run_address>0x20011d28</run_address>
         <size>0x24</size>
         <input_file_ref idref="fl-1c"/>
      </object_component>
      <object_component id="oc-9b4">
         <name>.text:PowerCC32XX_reset</name>
         <load_address>0x20011d4c</load_address>
         <run_address>0x20011d4c</run_address>
         <size>0x24</size>
         <input_file_ref idref="fl-13"/>
      </object_component>
      <object_component id="oc-c5">
         <name>.text:_c_int00_noargs:_c_int00_noargs</name>
         <load_address>0x20011d70</load_address>
         <run_address>0x20011d70</run_address>
         <size>0x24</size>
         <input_file_ref idref="fl-eb"/>
      </object_component>
      <object_component id="oc-366">
         <name>.text:timerCallback</name>
         <load_address>0x20011d94</load_address>
         <run_address>0x20011d94</run_address>
         <size>0x24</size>
         <input_file_ref idref="fl-2"/>
      </object_component>
      <object_component id="oc-88e">
         <name>.text:I2CMasterSlaveAddrSet</name>
         <load_address>0x20011db8</load_address>
         <run_address>0x20011db8</run_address>
         <size>0x22</size>
         <input_file_ref idref="fl-22"/>
      </object_component>
      <object_component id="oc-963">
         <name>.text:HwiP_destruct</name>
         <load_address>0x20011dda</load_address>
         <run_address>0x20011dda</run_address>
         <size>0x20</size>
         <input_file_ref idref="fl-1c"/>
      </object_component>
      <object_component id="oc-7cf">
         <name>.text:Power_unregisterNotify</name>
         <load_address>0x20011dfc</load_address>
         <run_address>0x20011dfc</run_address>
         <size>0x20</size>
         <input_file_ref idref="fl-13"/>
      </object_component>
      <object_component id="oc-9a0">
         <name>.text:RingBuf_peek</name>
         <load_address>0x20011e1c</load_address>
         <run_address>0x20011e1c</run_address>
         <size>0x20</size>
         <input_file_ref idref="fl-18"/>
      </object_component>
      <object_component id="oc-9ae">
         <name>.text:getPowerMgrId</name>
         <load_address>0x20011e3c</load_address>
         <run_address>0x20011e3c</run_address>
         <size>0x20</size>
         <input_file_ref idref="fl-16"/>
      </object_component>
      <object_component id="oc-67c">
         <name>.text:I2CMasterIntStatusEx</name>
         <load_address>0x20011e5c</load_address>
         <run_address>0x20011e5c</run_address>
         <size>0x1e</size>
         <input_file_ref idref="fl-22"/>
      </object_component>
      <object_component id="oc-4c2">
         <name>.text:SemaphoreP_constructBinary</name>
         <load_address>0x20011e7a</load_address>
         <run_address>0x20011e7a</run_address>
         <size>0x1e</size>
         <input_file_ref idref="fl-1a"/>
      </object_component>
      <object_component id="oc-824">
         <name>.text:TimerDisable</name>
         <load_address>0x20011e98</load_address>
         <run_address>0x20011e98</run_address>
         <size>0x1e</size>
         <input_file_ref idref="fl-26"/>
      </object_component>
      <object_component id="oc-81d">
         <name>.text:TimerEnable</name>
         <load_address>0x20011eb6</load_address>
         <run_address>0x20011eb6</run_address>
         <size>0x1e</size>
         <input_file_ref idref="fl-26"/>
      </object_component>
      <object_component id="oc-91e">
         <name>.text:PinToPadGet</name>
         <load_address>0x20011ed4</load_address>
         <run_address>0x20011ed4</run_address>
         <size>0x1c</size>
         <input_file_ref idref="fl-24"/>
      </object_component>
      <object_component id="oc-597">
         <name>.text:SwiP_disable</name>
         <load_address>0x20011ef0</load_address>
         <run_address>0x20011ef0</run_address>
         <size>0x1c</size>
         <input_file_ref idref="fl-1f"/>
      </object_component>
      <object_component id="oc-47">
         <name>.text:decompress:ZI:__TI_zero_init_nomemset:__TI_zero_init_nomemset</name>
         <load_address>0x20011f0c</load_address>
         <run_address>0x20011f0c</run_address>
         <size>0x1c</size>
         <input_file_ref idref="fl-e6"/>
      </object_component>
      <object_component id="oc-5fb">
         <name>.text:free_list_remove</name>
         <load_address>0x20011f28</load_address>
         <run_address>0x20011f28</run_address>
         <size>0x1c</size>
         <input_file_ref idref="fl-e9"/>
      </object_component>
      <object_component id="oc-548">
         <name>.text:memccpy</name>
         <load_address>0x20011f44</load_address>
         <run_address>0x20011f44</run_address>
         <size>0x1c</size>
         <input_file_ref idref="fl-fe"/>
      </object_component>
      <object_component id="oc-9c6">
         <name>.text:ClockP_create</name>
         <load_address>0x20011f60</load_address>
         <run_address>0x20011f60</run_address>
         <size>0x1a</size>
         <input_file_ref idref="fl-1b"/>
      </object_component>
      <object_component id="oc-2dc">
         <name>.text:SemaphoreP_createBinary</name>
         <load_address>0x20011f7a</load_address>
         <run_address>0x20011f7a</run_address>
         <size>0x1a</size>
         <input_file_ref idref="fl-1a"/>
      </object_component>
      <object_component id="oc-21">
         <name>.text:resetISR</name>
         <load_address>0x20011f94</load_address>
         <run_address>0x20011f94</run_address>
         <size>0x1a</size>
         <input_file_ref idref="fl-1e"/>
      </object_component>
      <object_component id="oc-8b9">
         <name>.text:I2CMasterBusBusy</name>
         <load_address>0x20011fae</load_address>
         <run_address>0x20011fae</run_address>
         <size>0x18</size>
         <input_file_ref idref="fl-22"/>
      </object_component>
      <object_component id="oc-68e">
         <name>.text:I2CMasterIntDisableEx</name>
         <load_address>0x20011fc6</load_address>
         <run_address>0x20011fc6</run_address>
         <size>0x18</size>
         <input_file_ref idref="fl-22"/>
      </object_component>
      <object_component id="oc-8a0">
         <name>.text:I2CMasterIntEnableEx</name>
         <load_address>0x20011fde</load_address>
         <run_address>0x20011fde</run_address>
         <size>0x18</size>
         <input_file_ref idref="fl-22"/>
      </object_component>
      <object_component id="oc-8b3">
         <name>.text:I2CRxFIFOFlush</name>
         <load_address>0x20011ff6</load_address>
         <run_address>0x20011ff6</run_address>
         <size>0x18</size>
         <input_file_ref idref="fl-22"/>
      </object_component>
      <object_component id="oc-8ad">
         <name>.text:I2CTxFIFOFlush</name>
         <load_address>0x2001200e</load_address>
         <run_address>0x2001200e</run_address>
         <size>0x18</size>
         <input_file_ref idref="fl-22"/>
      </object_component>
      <object_component id="oc-5a9">
         <name>.text:Power_getTransitionLatency</name>
         <load_address>0x20012028</load_address>
         <run_address>0x20012028</run_address>
         <size>0x18</size>
         <input_file_ref idref="fl-13"/>
      </object_component>
      <object_component id="oc-7be">
         <name>.text:Power_idleFunc</name>
         <load_address>0x20012040</load_address>
         <run_address>0x20012040</run_address>
         <size>0x18</size>
         <input_file_ref idref="fl-13"/>
      </object_component>
      <object_component id="oc-62b">
         <name>.text:TimerCC32XX_getCount</name>
         <load_address>0x20012058</load_address>
         <run_address>0x20012058</run_address>
         <size>0x18</size>
         <input_file_ref idref="fl-15"/>
      </object_component>
      <object_component id="oc-82a">
         <name>.text:TimerIntDisable</name>
         <load_address>0x20012070</load_address>
         <run_address>0x20012070</run_address>
         <size>0x18</size>
         <input_file_ref idref="fl-26"/>
      </object_component>
      <object_component id="oc-811">
         <name>.text:TimerIntEnable</name>
         <load_address>0x20012088</load_address>
         <run_address>0x20012088</run_address>
         <size>0x18</size>
         <input_file_ref idref="fl-26"/>
      </object_component>
      <object_component id="oc-9fd">
         <name>.text:UARTBusy</name>
         <load_address>0x200120a0</load_address>
         <run_address>0x200120a0</run_address>
         <size>0x18</size>
         <input_file_ref idref="fl-27"/>
      </object_component>
      <object_component id="oc-a92">
         <name>.text:UARTIntEnable</name>
         <load_address>0x200120b8</load_address>
         <run_address>0x200120b8</run_address>
         <size>0x18</size>
         <input_file_ref idref="fl-27"/>
      </object_component>
      <object_component id="oc-32a">
         <name>.text:UART_Params_init</name>
         <load_address>0x200120d0</load_address>
         <run_address>0x200120d0</run_address>
         <size>0x18</size>
         <input_file_ref idref="fl-10"/>
      </object_component>
      <object_component id="oc-3c5">
         <name>.text:_outc</name>
         <load_address>0x200120e8</load_address>
         <run_address>0x200120e8</run_address>
         <size>0x18</size>
         <input_file_ref idref="fl-df"/>
      </object_component>
      <object_component id="oc-23a">
         <name>.text:gpioButtonFxn0</name>
         <load_address>0x20012100</load_address>
         <run_address>0x20012100</run_address>
         <size>0x18</size>
         <input_file_ref idref="fl-2"/>
      </object_component>
      <object_component id="oc-240">
         <name>.text:gpioButtonFxn1</name>
         <load_address>0x20012118</load_address>
         <run_address>0x20012118</run_address>
         <size>0x18</size>
         <input_file_ref idref="fl-2"/>
      </object_component>
      <object_component id="oc-5c6">
         <name>.text</name>
         <load_address>0x20012130</load_address>
         <run_address>0x20012130</run_address>
         <size>0x18</size>
         <input_file_ref idref="fl-e3"/>
      </object_component>
      <object_component id="oc-89a">
         <name>.text:I2CMasterBurstLengthSet</name>
         <load_address>0x20012148</load_address>
         <run_address>0x20012148</run_address>
         <size>0x16</size>
         <input_file_ref idref="fl-22"/>
      </object_component>
      <object_component id="oc-2a9">
         <name>.text:PRCMHIBRegRead</name>
         <load_address>0x2001215e</load_address>
         <run_address>0x2001215e</run_address>
         <size>0x16</size>
         <input_file_ref idref="fl-25"/>
      </object_component>
      <object_component id="oc-2a3">
         <name>.text:PRCMHIBRegWrite</name>
         <load_address>0x20012174</load_address>
         <run_address>0x20012174</run_address>
         <size>0x16</size>
         <input_file_ref idref="fl-25"/>
      </object_component>
      <object_component id="oc-435">
         <name>.text:SemaphoreP_create</name>
         <load_address>0x2001218a</load_address>
         <run_address>0x2001218a</run_address>
         <size>0x16</size>
         <input_file_ref idref="fl-1a"/>
      </object_component>
      <object_component id="oc-73d">
         <name>.text:strchr</name>
         <load_address>0x200121a0</load_address>
         <run_address>0x200121a0</run_address>
         <size>0x16</size>
         <input_file_ref idref="fl-ff"/>
      </object_component>
      <object_component id="oc-a3">
         <name>.text:CPUcpsid</name>
         <load_address>0x200121b6</load_address>
         <run_address>0x200121b6</run_address>
         <size>0x14</size>
         <input_file_ref idref="fl-21"/>
      </object_component>
      <object_component id="oc-476">
         <name>.text:HwiP_inISR</name>
         <load_address>0x200121cc</load_address>
         <run_address>0x200121cc</run_address>
         <size>0x14</size>
         <input_file_ref idref="fl-1c"/>
      </object_component>
      <object_component id="oc-8c1">
         <name>.text:I2CSupport_masterFinish</name>
         <load_address>0x200121e0</load_address>
         <run_address>0x200121e0</run_address>
         <size>0x14</size>
         <input_file_ref idref="fl-12"/>
      </object_component>
      <object_component id="oc-349">
         <name>.text:I2C_transfer</name>
         <load_address>0x200121f4</load_address>
         <run_address>0x200121f4</run_address>
         <size>0x14</size>
         <input_file_ref idref="fl-e"/>
      </object_component>
      <object_component id="oc-af">
         <name>.text:IntVTableBaseSet</name>
         <load_address>0x20012208</load_address>
         <run_address>0x20012208</run_address>
         <size>0x14</size>
         <input_file_ref idref="fl-23"/>
      </object_component>
      <object_component id="oc-47c">
         <name>.text:Power_disablePolicy</name>
         <load_address>0x2001221c</load_address>
         <run_address>0x2001221c</run_address>
         <size>0x14</size>
         <input_file_ref idref="fl-13"/>
      </object_component>
      <object_component id="oc-93a">
         <name>.text:Power_getDependencyCount</name>
         <load_address>0x20012230</load_address>
         <run_address>0x20012230</run_address>
         <size>0x14</size>
         <input_file_ref idref="fl-13"/>
      </object_component>
      <object_component id="oc-a8c">
         <name>.text:releasePowerConstraint</name>
         <load_address>0x20012244</load_address>
         <run_address>0x20012244</run_address>
         <size>0x14</size>
         <input_file_ref idref="fl-16"/>
      </object_component>
      <object_component id="oc-22e">
         <name>.text:strlen</name>
         <load_address>0x20012258</load_address>
         <run_address>0x20012258</run_address>
         <size>0x14</size>
         <input_file_ref idref="fl-ea"/>
      </object_component>
      <object_component id="oc-379">
         <name>.text:HwiP_Params_init</name>
         <load_address>0x2001226c</load_address>
         <run_address>0x2001226c</run_address>
         <size>0x12</size>
         <input_file_ref idref="fl-1c"/>
      </object_component>
      <object_component id="oc-682">
         <name>.text:I2CMasterIntClearEx</name>
         <load_address>0x2001227e</load_address>
         <run_address>0x2001227e</run_address>
         <size>0x12</size>
         <input_file_ref idref="fl-22"/>
      </object_component>
      <object_component id="oc-9a8">
         <name>.text:RingBuf_construct</name>
         <load_address>0x20012290</load_address>
         <run_address>0x20012290</run_address>
         <size>0x12</size>
         <input_file_ref idref="fl-18"/>
      </object_component>
      <object_component id="oc-984">
         <name>.text:TimerIntClear</name>
         <load_address>0x200122a2</load_address>
         <run_address>0x200122a2</run_address>
         <size>0x12</size>
         <input_file_ref idref="fl-26"/>
      </object_component>
      <object_component id="oc-11a">
         <name>.text:main</name>
         <load_address>0x200122b4</load_address>
         <run_address>0x200122b4</run_address>
         <size>0x12</size>
         <input_file_ref idref="fl-4"/>
      </object_component>
      <object_component id="oc-54e">
         <name>.text:wcslen</name>
         <load_address>0x200122c6</load_address>
         <run_address>0x200122c6</run_address>
         <size>0x12</size>
         <input_file_ref idref="fl-101"/>
      </object_component>
      <object_component id="oc-153">
         <name>.text:Board_init</name>
         <load_address>0x200122d8</load_address>
         <run_address>0x200122d8</run_address>
         <size>0x10</size>
         <input_file_ref idref="fl-3"/>
      </object_component>
      <object_component id="oc-447">
         <name>.text:ClockP_add</name>
         <load_address>0x200122e8</load_address>
         <run_address>0x200122e8</run_address>
         <size>0x10</size>
         <input_file_ref idref="fl-1b"/>
      </object_component>
      <object_component id="oc-993">
         <name>.text:ClockP_delete</name>
         <load_address>0x200122f8</load_address>
         <run_address>0x200122f8</run_address>
         <size>0x10</size>
         <input_file_ref idref="fl-1b"/>
      </object_component>
      <object_component id="oc-591">
         <name>.text:ClockP_getCpuFreq</name>
         <load_address>0x20012308</load_address>
         <run_address>0x20012308</run_address>
         <size>0x10</size>
         <input_file_ref idref="fl-1b"/>
      </object_component>
      <object_component id="oc-5af">
         <name>.text:ClockP_getSystemTicks</name>
         <load_address>0x20012318</load_address>
         <run_address>0x20012318</run_address>
         <size>0x10</size>
         <input_file_ref idref="fl-1b"/>
      </object_component>
      <object_component id="oc-5cb">
         <name>.text:ClockP_setTicks</name>
         <load_address>0x20012328</load_address>
         <run_address>0x20012328</run_address>
         <size>0x10</size>
         <input_file_ref idref="fl-1b"/>
      </object_component>
      <object_component id="oc-7d5">
         <name>.text:HwiP_delete</name>
         <load_address>0x20012338</load_address>
         <run_address>0x20012338</run_address>
         <size>0x10</size>
         <input_file_ref idref="fl-1c"/>
      </object_component>
      <object_component id="oc-2e8">
         <name>.text:HwiP_restore</name>
[...]
         <name>HwiP_create</name>
         <value>0x20011b71</value>
         <object_component_ref idref="oc-37f"/>
      </symbol>
      <symbol id="sm-afd">
         <name>HwiP_post</name>
         <value>0x200124dd</value>
         <object_component_ref idref="oc-7b4"/>
      </symbol>
      <symbol id="sm-afe">
         <name>HwiP_enable</name>
         <value>0x200123e3</value>
         <object_component_ref idref="oc-159"/>
      </symbol>
      <symbol id="sm-aff">
         <name>HwiP_restore</name>
         <value>0x20012349</value>
         <object_component_ref idref="oc-2e8"/>
      </symbol>
      <symbol id="sm-b00">
         <name>HwiP_disableInterrupt</name>
         <value>0x200123d5</value>
         <object_component_ref idref="oc-6c1"/>
      </symbol>
      <symbol id="sm-b30">
         <name>PowerCC32XX_initPolicy</name>
         <value>0x2000e313</value>
         <object_component_ref idref="oc-41e"/>
      </symbol>
      <symbol id="sm-b31">
         <name>PowerCC32XX_sleepPolicy</name>
         <value>0x2000db3d</value>
         <object_component_ref idref="oc-424"/>
      </symbol>
      <symbol id="sm-b86">
         <name>resetISR</name>
         <value>0x20011f95</value>
         <object_component_ref idref="oc-21"/>
      </symbol>
      <symbol id="sm-b87">
         <name>resetVectorAddr</name>
         <value>0x20011fa8</value>
         <object_component_ref idref="oc-21"/>
      </symbol>
      <symbol id="sm-b88">
         <name>initVectors</name>
         <value>0x200117cd</value>
         <object_component_ref idref="oc-59"/>
      </symbol>
      <symbol id="sm-b89">
         <name>resetVectors</name>
         <value>0x20004000</value>
         <object_component_ref idref="oc-27"/>
      </symbol>
      <symbol id="sm-bb9">
         <name>SwiP_disable</name>
         <value>0x20011ef1</value>
         <object_component_ref idref="oc-597"/>
      </symbol>
      <symbol id="sm-bba">
         <name>SwiP_restore</name>
         <value>0x20011331</value>
         <object_component_ref idref="oc-5d1"/>
      </symbol>
      <symbol id="sm-bc5">
         <name>CPUcpsid</name>
         <value>0x200121b7</value>
         <object_component_ref idref="oc-a3"/>
      </symbol>
      <symbol id="sm-c32">
         <name>I2CRxFIFOFlush</name>
         <value>0x20011ff7</value>
         <object_component_ref idref="oc-8b3"/>
      </symbol>
      <symbol id="sm-c33">
         <name>I2CTxFIFOFlush</name>
         <value>0x2001200f</value>
         <object_component_ref idref="oc-8ad"/>
      </symbol>
      <symbol id="sm-c34">
         <name>I2CFIFODataPutNonBlocking</name>
         <value>0x20011bef</value>
         <object_component_ref idref="oc-6a0"/>
      </symbol>
      <symbol id="sm-c35">
         <name>I2CMasterBusBusy</name>
         <value>0x20011faf</value>
         <object_component_ref idref="oc-8b9"/>
      </symbol>
      <symbol id="sm-c36">
         <name>I2CMasterIntDisableEx</name>
         <value>0x20011fc7</value>
         <object_component_ref idref="oc-68e"/>
      </symbol>
      <symbol id="sm-c37">
         <name>I2CMasterBurstLengthSet</name>
         <value>0x20012149</value>
         <object_component_ref idref="oc-89a"/>
      </symbol>
      <symbol id="sm-c38">
         <name>I2CMasterIntClearEx</name>
         <value>0x2001227f</value>
         <object_component_ref idref="oc-682"/>
      </symbol>
      <symbol id="sm-c39">
         <name>I2CMasterSlaveAddrSet</name>
         <value>0x20011db9</value>
         <object_component_ref idref="oc-88e"/>
      </symbol>
      <symbol id="sm-c3a">
         <name>I2CMasterIntEnableEx</name>
         <value>0x20011fdf</value>
         <object_component_ref idref="oc-8a0"/>
      </symbol>
      <symbol id="sm-c3b">
         <name>I2CFIFOStatus</name>
         <value>0x20012359</value>
         <object_component_ref idref="oc-6a6"/>
      </symbol>
      <symbol id="sm-c3c">
         <name>I2CMasterIntStatusEx</name>
         <value>0x20011e5d</value>
         <object_component_ref idref="oc-67c"/>
      </symbol>
      <symbol id="sm-c3d">
         <name>I2CFIFODataGetNonBlocking</name>
         <value>0x20011c91</value>
         <object_component_ref idref="oc-886"/>
      </symbol>
      <symbol id="sm-c82">
         <name>IntVTableBaseSet</name>
         <value>0x20012209</value>
         <object_component_ref idref="oc-af"/>
      </symbol>
      <symbol id="sm-c83">
         <name>IntEnable</name>
         <value>0x2000f6d1</value>
         <object_component_ref idref="oc-b5"/>
      </symbol>
      <symbol id="sm-c84">
         <name>IntMasterDisable</name>
         <value>0x20012479</value>
         <object_component_ref idref="oc-53"/>
      </symbol>
      <symbol id="sm-c85">
         <name>IntPendSet</name>
         <value>0x2000fd89</value>
         <object_component_ref idref="oc-950"/>
      </symbol>
      <symbol id="sm-cbf">
         <name>PinModeGet</name>
         <value>0x20011981</value>
         <object_component_ref idref="oc-2c1"/>
      </symbol>
      <symbol id="sm-cc0">
         <name>PinConfigSet</name>
         <value>0x2000fe11</value>
         <object_component_ref idref="oc-36d"/>
      </symbol>
      <symbol id="sm-cc1">
         <name>PinModeSet</name>
         <value>0x20011481</value>
         <object_component_ref idref="oc-2c7"/>
      </symbol>
      <symbol id="sm-cc2">
         <name>PinToPadGet</name>
         <value>0x20011ed5</value>
         <object_component_ref idref="oc-91e"/>
      </symbol>
      <symbol id="sm-d8b">
         <name>PRCMLPDSRestoreInfoSet</name>
         <value>0x20011265</value>
         <object_component_ref idref="oc-932"/>
      </symbol>
      <symbol id="sm-d8c">
         <name>PRCMPeripheralReset</name>
         <value>0x20010a29</value>
         <object_component_ref idref="oc-2b5"/>
      </symbol>
      <symbol id="sm-d8d">
         <name>PRCMLPDSEnter</name>
         <value>0x20011075</value>
         <object_component_ref idref="oc-7a5"/>
      </symbol>
      <symbol id="sm-d8e">
         <name>PRCMPeripheralClkEnable</name>
         <value>0x200110bd</value>
         <object_component_ref idref="oc-2af"/>
      </symbol>
      <symbol id="sm-d8f">
         <name>PRCMLPDSEnterKeepDebugIf</name>
         <value>0x20011725</value>
         <object_component_ref idref="oc-7ab"/>
      </symbol>
      <symbol id="sm-d90">
         <name>PRCMCC3200MCUInit</name>
         <value>0x2000ca91</value>
         <object_component_ref idref="oc-1d2"/>
      </symbol>
      <symbol id="sm-d91">
         <name>PRCMHIBRegWrite</name>
         <value>0x20012175</value>
         <object_component_ref idref="oc-2a3"/>
      </symbol>
      <symbol id="sm-d92">
         <name>PRCMSysResetCauseGet</name>
         <value>0x2001085d</value>
         <object_component_ref idref="oc-29c"/>
      </symbol>
      <symbol id="sm-d93">
         <name>PRCMPeripheralClkDisable</name>
         <value>0x20011c19</value>
         <object_component_ref idref="oc-2bb"/>
      </symbol>
      <symbol id="sm-d94">
         <name>PRCMHIBRegRead</name>
         <value>0x2001215f</value>
         <object_component_ref idref="oc-2a9"/>
      </symbol>
      <symbol id="sm-ddc">
         <name>TimerLoadSet</name>
         <value>0x20011b9b</value>
         <object_component_ref idref="oc-80a"/>
      </symbol>
      <symbol id="sm-ddd">
         <name>TimerDisable</name>
         <value>0x20011e99</value>
         <object_component_ref idref="oc-824"/>
      </symbol>
      <symbol id="sm-dde">
         <name>TimerEnable</name>
         <value>0x20011eb7</value>
         <object_component_ref idref="oc-81d"/>
      </symbol>
      <symbol id="sm-ddf">
         <name>TimerIntDisable</name>
         <value>0x20012071</value>
         <object_component_ref idref="oc-82a"/>
      </symbol>
      <symbol id="sm-de0">
         <name>TimerPrescaleSet</name>
         <value>0x20011bc5</value>
         <object_component_ref idref="oc-804"/>
      </symbol>
      <symbol id="sm-de1">
         <name>TimerControlStall</name>
         <value>0x200118ad</value>
         <object_component_ref idref="oc-97c"/>
      </symbol>
      <symbol id="sm-de2">
         <name>TimerIntEnable</name>
         <value>0x20012089</value>
         <object_component_ref idref="oc-811"/>
      </symbol>
      <symbol id="sm-de3">
         <name>TimerIntClear</name>
         <value>0x200122a3</value>
         <object_component_ref idref="oc-984"/>
      </symbol>
      <symbol id="sm-df7">
         <name>UARTBusy</name>
         <value>0x200120a1</value>
         <object_component_ref idref="oc-9fd"/>
      </symbol>
      <symbol id="sm-df8">
         <name>UARTIntEnable</name>
         <value>0x200120b9</value>
         <object_component_ref idref="oc-a92"/>
      </symbol>
      <symbol id="sm-dfc">
         <name>UtilsDelay</name>
         <value>0x200124d3</value>
         <object_component_ref idref="oc-2a2"/>
      </symbol>
      <symbol id="sm-e0c">
         <name>FlashDisable</name>
         <value>0x2001102d</value>
         <object_component_ref idref="oc-948"/>
      </symbol>
      <symbol id="sm-e3b">
         <name>snprintf</name>
         <value>0x20010fe1</value>
         <object_component_ref idref="oc-228"/>
      </symbol>
      <symbol id="sm-e45">
         <name>__aeabi_fmul</name>
         <value>0x200102ab</value>
         <object_component_ref idref="oc-3ac"/>
      </symbol>
      <symbol id="sm-e4f">
         <name>__aeabi_f2iz</name>
         <value>0x2001183d</value>
         <object_component_ref idref="oc-3b1"/>
      </symbol>
      <symbol id="sm-e5a">
         <name>__aeabi_i2f</name>
         <value>0x20011875</value>
         <object_component_ref idref="oc-3a7"/>
      </symbol>
      <symbol id="sm-e63">
         <name>__aeabi_lmul</name>
         <value>0x20012131</value>
         <object_component_ref idref="oc-5c6"/>
      </symbol>
      <symbol id="sm-e7e">
         <name>memcpy</name>
         <value>0x2000faa1</value>
         <object_component_ref idref="oc-3b"/>
      </symbol>
      <symbol id="sm-e7f">
         <name>__aeabi_memcpy</name>
         <value>0x2000faa1</value>
         <object_component_ref idref="oc-3b"/>
      </symbol>
      <symbol id="sm-e80">
         <name>__aeabi_memcpy8</name>
         <value>0x2000faa1</value>
         <object_component_ref idref="oc-3b"/>
      </symbol>
      <symbol id="sm-e81">
         <name>__aeabi_memcpy4</name>
         <value>0x2000faa1</value>
         <object_component_ref idref="oc-3b"/>
      </symbol>
      <symbol id="sm-e8e">
         <name>__aeabi_uldivmod</name>
         <value>0x2000fbd5</value>
         <object_component_ref idref="oc-5bb"/>
      </symbol>
      <symbol id="sm-ea2">
         <name>__TI_zero_init_nomemset</name>
         <value>0x20011f0d</value>
         <object_component_ref idref="oc-47"/>
      </symbol>
      <symbol id="sm-eb9">
         <name>__TI_decompress_none</name>
         <value>0x2001241b</value>
         <object_component_ref idref="oc-1a"/>
      </symbol>
      <symbol id="sm-edc">
         <name>__TI_decompress_lzss</name>
         <value>0x200106c5</value>
         <object_component_ref idref="oc-14"/>
      </symbol>
      <symbol id="sm-f65">
         <name>_sys_memory</name>
         <value>0x20004040</value>
         <object_component_ref idref="oc-2a"/>
      </symbol>
      <symbol id="sm-f66">
         <name>free</name>
         <value>0x2000ec81</value>
         <object_component_ref idref="oc-440"/>
      </symbol>
      <symbol id="sm-f67">
         <name>memalign</name>
         <value>0x2000e7a1</value>
         <object_component_ref idref="oc-6e4"/>
      </symbol>
      <symbol id="sm-f68">
         <name>malloc</name>
         <value>0x200124a9</value>
         <object_component_ref idref="oc-4fd"/>
      </symbol>
      <symbol id="sm-f69">
         <name>aligned_alloc</name>
         <value>0x2000e7a1</value>
         <object_component_ref idref="oc-6e4"/>
      </symbol>
      <symbol id="sm-f77">
         <name>strlen</name>
         <value>0x20012259</value>
         <object_component_ref idref="oc-22e"/>
      </symbol>
      <symbol id="sm-f89">
         <name>__stack</name>
         <value>0x20003000</value>
         <object_component_ref idref="oc-2d"/>
      </symbol>
      <symbol id="sm-f8a">
         <name>_c_int00_noargs</name>
         <value>0x20011d71</value>
         <object_component_ref idref="oc-c5"/>
      </symbol>
      <symbol id="sm-10ef">
         <name>__TI_printfi</name>
         <value>0x2000c041</value>
         <object_component_ref idref="oc-3b9"/>
      </symbol>
      <symbol id="sm-10f9">
         <name>__aeabi_idiv0</name>
         <value>0x20010d23</value>
         <object_component_ref idref="oc-776"/>
      </symbol>
      <symbol id="sm-10fa">
         <name>__aeabi_ldiv0</name>
         <value>0x20010d23</value>
         <object_component_ref idref="oc-776"/>
      </symbol>
      <symbol id="sm-1111">
         <name>__aeabi_dsub</name>
         <value>0x2000d985</value>
         <object_component_ref idref="oc-711"/>
      </symbol>
      <symbol id="sm-1112">
         <name>__aeabi_dadd</name>
         <value>0x2000d98f</value>
         <object_component_ref idref="oc-711"/>
      </symbol>
      <symbol id="sm-1134">
         <name>__aeabi_cdcmpeq</name>
         <value>0x2000ff21</value>
         <object_component_ref idref="oc-52b"/>
      </symbol>
      <symbol id="sm-1135">
         <name>__aeabi_cdcmple</name>
         <value>0x2000ff21</value>
         <object_component_ref idref="oc-52b"/>
      </symbol>
      <symbol id="sm-1136">
         <name>__aeabi_cdrcmple</name>
         <value>0x2000ffa7</value>
         <object_component_ref idref="oc-6fc"/>
      </symbol>
      <symbol id="sm-114a">
         <name>__aeabi_ddiv</name>
         <value>0x2000e1dd</value>
         <object_component_ref idref="oc-6f7"/>
      </symbol>
      <symbol id="sm-1155">
         <name>__aeabi_dmul</name>
         <value>0x2000e99d</value>
         <object_component_ref idref="oc-6f2"/>
      </symbol>
      <symbol id="sm-115f">
         <name>__aeabi_d2iz</name>
         <value>0x2001114d</value>
         <object_component_ref idref="oc-701"/>
      </symbol>
      <symbol id="sm-1169">
         <name>__aeabi_i2d</name>
         <value>0x20011b15</value>
         <object_component_ref idref="oc-70c"/>
      </symbol>
      <symbol id="sm-1178">
         <name>__aeabi_memset</name>
         <value>0x20010327</value>
         <object_component_ref idref="oc-9d"/>
      </symbol>
      <symbol id="sm-1179">
         <name>memset</name>
         <value>0x2001032d</value>
         <object_component_ref idref="oc-9d"/>
      </symbol>
      <symbol id="sm-117a">
         <name>__aeabi_memset8</name>
         <value>0x20010327</value>
         <object_component_ref idref="oc-9d"/>
      </symbol>
      <symbol id="sm-117b">
         <name>__aeabi_memset4</name>
         <value>0x20010327</value>
         <object_component_ref idref="oc-9d"/>
      </symbol>
      <symbol id="sm-117c">
         <name>__aeabi_memclr8</name>
         <value>0x20010325</value>
         <object_component_ref idref="oc-9d"/>
      </symbol>
      <symbol id="sm-117d">
         <name>__aeabi_memclr4</name>
         <value>0x20010325</value>
         <object_component_ref idref="oc-9d"/>
      </symbol>
      <symbol id="sm-117e">
         <name>__aeabi_memclr</name>
         <value>0x20010325</value>
         <object_component_ref idref="oc-9d"/>
      </symbol>
      <symbol id="sm-11a6">
         <name>__TI_auto_init_nobinit_nopinit</name>
         <value>0x200113fd</value>
         <object_component_ref idref="oc-172"/>
      </symbol>
      <symbol id="sm-11b0">
         <name>_system_pre_init</name>
         <value>0x200124e5</value>
         <object_component_ref idref="oc-114"/>
      </symbol>
      <symbol id="sm-11bc">
         <name>C$$EXIT</name>
         <value>0x200124e9</value>
         <object_component_ref idref="oc-166"/>
      </symbol>
      <symbol id="sm-11bd">
         <name>abort</name>
         <value>0x200124e9</value>
         <object_component_ref idref="oc-166"/>
      </symbol>
      <symbol id="sm-11d2">
         <name>_nop</name>
         <value>0x2000eeff</value>
         <object_component_ref idref="oc-3e6"/>
      </symbol>
      <symbol id="sm-11d3">
         <name>_lock</name>
         <value>0x20012a90</value>
         <object_component_ref idref="oc-24f"/>
      </symbol>
      <symbol id="sm-11d4">
         <name>_unlock</name>
         <value>0x20012a94</value>
         <object_component_ref idref="oc-24f"/>
      </symbol>
      <symbol id="sm-11e3">
         <name>__TI_ltoa</name>
         <value>0x20010b85</value>
         <object_component_ref idref="oc-706"/>
      </symbol>
      <symbol id="sm-11fa">
         <name>atoi</name>
         <value>0x20010f49</value>
         <object_component_ref idref="oc-51f"/>
      </symbol>
      <symbol id="sm-1205">
         <name>_ctypes_</name>
         <value>0x20012abc</value>
         <object_component_ref idref="oc-6eb"/>
      </symbol>
      <symbol id="sm-1215">
         <name>memccpy</name>
         <value>0x20011f45</value>
         <object_component_ref idref="oc-548"/>
      </symbol>
      <symbol id="sm-1225">
         <name>strchr</name>
         <value>0x200121a1</value>
         <object_component_ref idref="oc-73d"/>
      </symbol>
      <symbol id="sm-123b">
         <name>__aeabi_errno_addr</name>
         <value>0x200124a1</value>
         <object_component_ref idref="oc-554"/>
      </symbol>
      <symbol id="sm-123c">
         <name>errno</name>
         <value>0x20012ab8</value>
         <object_component_ref idref="oc-74d"/>
      </symbol>
      <symbol id="sm-1255">
         <name>wcslen</name>
         <value>0x200122c7</value>
         <object_component_ref idref="oc-54e"/>
      </symbol>
      <symbol id="sm-1275">
         <name>frexpl</name>
         <value>0x20010919</value>
         <object_component_ref idref="oc-731"/>
      </symbol>
      <symbol id="sm-1276">
         <name>frexp</name>
         <value>0x20010919</value>
         <object_component_ref idref="oc-731"/>
      </symbol>
      <symbol id="sm-1294">
         <name>scalbn</name>
         <value>0x2000ed65</value>
         <object_component_ref idref="oc-737"/>
      </symbol>
      <symbol id="sm-1295">
         <name>scalbnl</name>
         <value>0x2000ed65</value>
         <object_component_ref idref="oc-737"/>
      </symbol>
      <symbol id="sm-1296">
         <name>ldexpl</name>
         <value>0x2000ed65</value>
         <object_component_ref idref="oc-737"/>
      </symbol>
      <symbol id="sm-1297">
         <name>ldexp</name>
         <value>0x2000ed65</value>
         <object_component_ref idref="oc-737"/>
      </symbol>
      <symbol id="sm-12a1">
         <name>copysign</name>
         <value>0x20012441</value>
         <object_component_ref idref="oc-8e8"/>
      </symbol>
      <symbol id="sm-12a2">
         <name>copysignl</name>
         <value>0x20012441</value>
         <object_component_ref idref="oc-8e8"/>
      </symbol>
      <symbol id="sm-12a3">
         <name>__TI_static_base__</name>
         <value>0x20013340</value>
      </symbol>
      <symbol id="sm-12a6">
         <name>ITM_flush</name>
         <value>0x0</value>
      </symbol>
      <symbol id="sm-12a7">
         <name>ITM_restore</name>
         <value>0x0</value>
      </symbol>
      <symbol id="sm-12a8">
         <name>__mpu_init</name>
         <value>0x0</value>
      </symbol>
      <symbol id="sm-12a9">
         <name>_system_post_cinit</name>
         <value>0x0</value>
      </symbol>
      <symbol id="sm-12aa">
         <name>NoRTOS_start</name>
         <value>0x200123e3</value>
      </symbol>
   </symbol_table>
   <title>Link successful</title>
</link_info>
