******************************************************************************
                  TI ARM Linker PC v20.2.7                     
******************************************************************************
>> Linked Sun Aug 18 21:19:55 2024

OUTPUT FILE NAME:   <gpiointerrupt_CC3220S_LAUNCHXL_nortos_ccs.out>
ENTRY POINT SYMBOL: "resetISR"  address: 20011f95


MEMORY CONFIGURATION

         name            origin    length      used     unused   attr    fill
----------------------  --------  ---------  --------  --------  ----  --------
  SRAM2                 20000000   00004000  0000130c  00002cf4  RW X
  SRAM                  20004000   0003c000  0000f42e  0002cbd2  RW X
  LOG_DATA              90000000   00040000  00000000  00040000  R   


SEGMENT ALLOCATION MAP

run origin  load origin   length   init length attrs members
----------  ----------- ---------- ----------- ----- -------
20003000    20003000    00001000   00000000    rw-
  20003000    20003000    00001000   00000000    rw- .stack
20004000    20004000    00000040   00000040    r--
  20004000    20004000    00000040   00000040    r-- .resetVecs
20004040    20004040    00008000   00000000    rw-
  20004040    20004040    00008000   00000000    rw- .sysmem
2000c040    2000c040    000064ac   000064ac    r-x
  2000c040    2000c040    000064ac   000064ac    r-x .text
200124ec    200124ec    000005d0   00000000    rw-
  200124ec    200124ec    000005d0   00000000    rw- .data
20012abc    20012abc    0000051a   0000051a    r--
  20012abc    20012abc    0000051a   0000051a    r-- .const
20012fd8    20012fd8    00000368   00000000    rw-
  20012fd8    20012fd8    00000368   00000000    rw- .bss
20013340    20013340    000000f0   000000f0    r--
  20013340    20013340    000000f0   000000f0    r-- .cinit


SECTION ALLOCATION MAP

 output                                  attributes/
section   page    origin      length       input sections
--------  ----  ----------  ----------   ----------------
.text      0    2000c040    000064ac     
                  2000c040    00000a4e     rtsv7M4_T_le_eabi.lib : _printfi.c.obj (.text:__TI_printfi)
                  2000ca8e    00000002     ti_drivers_config.obj (.text:Board_initHook)
                  2000ca90    0000042c     driverlib.a : prcm.obj (.text:PRCMCC3200MCUInit)
                  2000cebc    00000288     drivers_cc32xx.a : UARTCC32XX.oem4 (.text:UARTCC32XX_open)
                  2000d144    00000268     rtsv7M4_T_le_eabi.lib : _printfi.c.obj (.text:_pconv_a)
                  2000d3ac    00000228     gpiointerrupt.obj (.text:initI2C)
                  2000d5d4    000001e4     drivers_cc32xx.a : GPIOCC32XX.oem4 (.text:GPIO_setConfig)
                  2000d7b8    000001cc     rtsv7M4_T_le_eabi.lib : _printfi.c.obj (.text:_pconv_g)
                  2000d984    000001b6                           : fd_add_t2.asm.obj (.text)
                  2000db3a    00000002     drivers_cc32xx.a : I2C.oem4 (.text:I2C_init)
                  2000db3c    0000019c     nortos_cc32xx.a : PowerCC32XX_nortos.oem4 (.text:PowerCC32XX_sleepPolicy)
                  2000dcd8    00000148     drivers_cc32xx.a : I2CCC32XX.oem4 (.text:I2CCC32XX_hwiFxn)
                  2000de20    00000148                      : PowerCC32XX.oem4 (.text:parkPins)
                  2000df68    0000013c     rtsv7M4_T_le_eabi.lib : _printfi.c.obj (.text:_pconv_e)
                  2000e0a4    00000138     drivers_cc32xx.a : PowerCC32XX.oem4 (.text:Power_sleep)
                  2000e1dc    00000136     rtsv7M4_T_le_eabi.lib : fd_div_t2.asm.obj (.text)
                  2000e312    00000002     nortos_cc32xx.a : PowerCC32XX_nortos.oem4 (.text:PowerCC32XX_initPolicy)
                  2000e314    00000128     drivers_cc32xx.a : TimerCC32XX.oem4 (.text:TimerCC32XX_open)
                  2000e43c    00000122                      : I2C.oem4 (.text:I2C_transferTimeout)
                  2000e55e    00000002                      : TimerCC32XX.oem4 (.text:TimerCC32XX_init)
                  2000e560    00000120                      : UARTCC32XX.oem4 (.text:UARTCC32XX_close)
                  2000e680    00000120     rtsv7M4_T_le_eabi.lib : _printfi.c.obj (.text:fcvt)
                  2000e7a0    00000100                           : memory.c.obj (.text:aligned_alloc)
                  2000e8a0    000000fc     drivers_cc32xx.a : I2CCC32XX.oem4 (.text:I2C_open)
                  2000e99c    000000fc     rtsv7M4_T_le_eabi.lib : fd_mul_t2.asm.obj (.text)
                  2000ea98    000000f4     gpiointerrupt.obj (.text:mainThread)
                  2000eb8c    000000f2     drivers_cc32xx.a : UARTCC32XX.oem4 (.text:UARTCC32XX_control)
                  2000ec7e    00000002                      : UARTCC32XX.oem4 (.text:UARTCC32XX_init)
                  2000ec80    000000e4     rtsv7M4_T_le_eabi.lib : memory.c.obj (.text:free)
                  2000ed64    000000d0                           : s_scalbn.c.obj (.text:scalbn)
                  2000ee34    000000ca     drivers_cc32xx.a : UARTCC32XX.oem4 (.text:UARTCC32XX_write)
                  2000eefe    00000002     rtsv7M4_T_le_eabi.lib : _lock.c.obj (.text:_nop)
                  2000ef00    000000c4     drivers_cc32xx.a : GPIOCC32XX.oem4 (.text:GPIO_init)
                  2000efc4    000000c0                      : PowerCC32XX.oem4 (.text:restoreParkedPins)
                  2000f084    000000ba                      : UARTCC32XX.oem4 (.text:UARTCC32XX_readPolling)
                  2000f13e    00000002     nortos_cc32xx.a : startup_cc32xx_ccs.oem4 (.text:busFaultHandler)
                  2000f140    000000b8     drivers_cc32xx.a : UARTCC32XX.oem4 (.text:initHw)
                  2000f1f8    000000b8     gpiointerrupt.obj (.text:readTemp)
                  2000f2b0    000000b6     drivers_cc32xx.a : UARTCC32XX.oem4 (.text:readTaskCallback)
                  2000f366    000000b2                      : I2CCC32XX.oem4 (.text:I2CCC32XX_completeTransfer)
                  2000f418    000000b1     rtsv7M4_T_le_eabi.lib : _printfi.c.obj (.text:_ltostr)
                  2000f4c9    00000001     --HOLE-- [fill = 0]
                  2000f4ca    000000b0     drivers_cc32xx.a : UARTCC32XX.oem4 (.text:readTaskBlocking)
                  2000f57a    000000ae                      : UARTCC32XX.oem4 (.text:readIsrTextBlocking)
                  2000f628    000000a8                      : I2CCC32XX.oem4 (.text:I2CCC32XX_primeWriteBurst)
                  2000f6d0    000000a8     driverlib.a : interrupt.obj (.text:IntEnable)
                  2000f778    000000a8     drivers_cc32xx.a : PowerCC32XX.oem4 (.text:PowerCC32XX_configureWakeup)
                  2000f820    000000a2                      : UARTCC32XX.oem4 (.text:readIsrTextCallback)
                  2000f8c2    000000a2                      : UARTCC32XX.oem4 (.text:writeData)
                  2000f964    000000a0     nortos_cc32xx.a : SemaphoreP_nortos.oem4 (.text:SemaphoreP_pend)
                  2000fa04    0000009c     drivers_cc32xx.a : I2CCC32XX.oem4 (.text:I2CCC32XX_initHw)
                  2000faa0    0000009c     rtsv7M4_T_le_eabi.lib : memcpy_t2.asm.obj (.text)
                  2000fb3c    00000098     drivers_cc32xx.a : GPIOCC32XX.oem4 (.text:powerNotifyFxn)
                  2000fbd4    00000096     rtsv7M4_T_le_eabi.lib : ull_div_t2.asm.obj (.text)
                  2000fc6a    00000002     nortos_cc32xx.a : SemaphoreP_nortos.oem4 (.text:clkFxn)
                  2000fc6c    00000090     drivers_cc32xx.a : PowerCC32XX.oem4 (.text:restoreNVICRegs)
                  2000fcfc    0000008c     nortos_cc32xx.a : HwiPCC32XX_nortos.oem4 (.text:HwiP_construct)
                  2000fd88    00000088     driverlib.a : interrupt.obj (.text:IntPendSet)
                  2000fe10    00000088                 : pin.obj (.text:PinConfigSet)
                  2000fe98    00000088     drivers_cc32xx.a : TimerCC32XX.oem4 (.text:TimerCC32XX_setPeriod)
                  2000ff20    00000086     rtsv7M4_T_le_eabi.lib : fd_cmp_t2.asm.obj (.text:__aeabi_cdcmple)
                  2000ffa6    00000086                           : fd_cmp_t2.asm.obj (.text:__aeabi_cdrcmple)
                  2001002c    00000084     drivers_cc32xx.a : PowerCC32XX.oem4 (.text:Power_init)
                  200100b0    00000084                      : PowerCC32XX.oem4 (.text:saveNVICRegs)
                  20010134    00000080                      : PowerCC32XX.oem4 (.text:Power_setDependency)
                  200101b4    0000007c                      : UARTCC32XX.oem4 (.text:readIsrBinaryBlocking)
                  20010230    0000007a                      : I2CCC32XX.oem4 (.text:I2CCC32XX_primeReadBurst)
                  200102aa    0000007a     rtsv7M4_T_le_eabi.lib : fs_mul_t2.asm.obj (.text)
                  20010324    0000007a                           : memset_t2.asm.obj (.text)
                  2001039e    00000002     nortos_cc32xx.a : startup_cc32xx_ccs.oem4 (.text:defaultHandler)
                  200103a0    00000078     drivers_cc32xx.a : GPIOCC32XX.oem4 (.text:GPIO_hwiIntFxn)
                  20010418    00000078                      : TimerCC32XX.oem4 (.text:TimerCC32XX_start)
                  20010490    00000078                      : UARTCC32XX.oem4 (.text:readIsrBinaryCallback)
                  20010508    00000074                      : UARTCC32XX.oem4 (.text:UARTCC32XX_hwiIntFxn)
                  2001057c    00000070     rtsv7M4_T_le_eabi.lib : memory.c.obj (.text:split)
                  200105ec    0000006e                           : _printfi.c.obj (.text:_mcpy)
                  2001065a    0000006a     drivers_cc32xx.a : I2CCC32XX.oem4 (.text:I2CSupport_primeTransfer)
                  200106c4    00000068     rtsv7M4_T_le_eabi.lib : copy_decompress_lzss.c.obj (.text:decompress:lzss:__TI_decompress_lzss)
                  2001072c    00000066     drivers_cc32xx.a : UARTCC32XX.oem4 (.text:UARTCC32XX_writeCancel)
                  20010792    00000002     nortos_cc32xx.a : startup_cc32xx_ccs.oem4 (.text:faultISR)
                  20010794    00000064     drivers_cc32xx.a : PowerCC32XX.oem4 (.text:PowerCC32XX_setParkState)
                  200107f8    00000062                      : UARTCC32XX.oem4 (.text:UARTCC32XX_writePolling)
                  2001085a    00000002     nortos_cc32xx.a : startup_cc32xx_ccs.oem4 (.text:nmiISR)
                  2001085c    00000060     driverlib.a : prcm.obj (.text:PRCMSysResetCauseGet)
                  200108bc    0000005c     drivers_cc32xx.a : GPIOCC32XX.oem4 (.text:GPIO_setCallback)
                  20010918    0000005c     rtsv7M4_T_le_eabi.lib : s_frexp.c.obj (.text:frexp)
                  20010974    0000005c     nortos_cc32xx.a : ClockPSysTick_nortos.oem4 (.text:sysTickInit)
                  200109d0    00000058     drivers_cc32xx.a : GPIOCC32XX.oem4 (.text:GPIO_write)
                  20010a28    00000058     driverlib.a : prcm.obj (.text:PRCMPeripheralReset)
                  20010a80    00000058     drivers_cc32xx.a : PowerCC32XX.oem4 (.text:Power_releaseDependency)
                  20010ad8    00000056                      : TimerCC32XX.oem4 (.text:TimerCC32XX_stop)
                  20010b2e    00000056     rtsv7M4_T_le_eabi.lib : _printfi.c.obj (.text:_pconv_f)
                  20010b84    00000054                           : _ltoa.c.obj (.text:__TI_ltoa)
                  20010bd8    00000054     drivers_cc32xx.a : UARTCC32XX.oem4 (.text:ringBufGet)
                  20010c2c    00000052                      : PowerCC32XX_asm.oem4 (.text:PowerCC32XX_resumeLPDS)
                  20010c7e    00000052     rtsv7M4_T_le_eabi.lib : _printfi.c.obj (.text:_ecpy)
                  20010cd0    00000052     drivers_cc32xx.a : TimerCC32XX.oem4 (.text:initHw)
                  20010d22    00000002     rtsv7M4_T_le_eabi.lib : div0.asm.obj (.text)
                  20010d24    00000050     nortos_cc32xx.a : ClockPSysTick_nortos.oem4 (.text:ClockP_sysTickHandler)
                  20010d74    00000050                     : SemaphoreP_nortos.oem4 (.text:SemaphoreP_construct)
                  20010dc4    00000050     drivers_cc32xx.a : TimerCC32XX.oem4 (.text:TimerCC32XX_allocateTimerResource)
                  20010e14    00000050     gpiointerrupt.obj (.text:initTimer)
                  20010e64    0000004c     drivers_cc32xx.a : GPIOCC32XX.oem4 (.text:GPIO_enableInt)
                  20010eb0    0000004c                      : I2CCC32XX.oem4 (.text:I2CCC32XX_readRecieveFifo)
                  20010efc    0000004c                      : PowerCC32XX.oem4 (.text:PowerCC32XX_parkPin)
                  20010f48    0000004c     rtsv7M4_T_le_eabi.lib : atoi.c.obj (.text:atoi)
                  20010f94    0000004c     drivers_cc32xx.a : PowerCC32XX.oem4 (.text:restorePeriphClocks)
                  20010fe0    0000004c     rtsv7M4_T_le_eabi.lib : snprintf.c.obj (.text:snprintf)
                  2001102c    00000048     driverlib.a : flash.obj (.text:FlashDisable)
                  20011074    00000048                 : prcm.obj (.text:PRCMLPDSEnter)
                  200110bc    00000048                 : prcm.obj (.text:PRCMPeripheralClkEnable)
                  20011104    00000048     drivers_cc32xx.a : PowerCC32XX.oem4 (.text:Power_releaseConstraint)
                  2001114c    00000048     rtsv7M4_T_le_eabi.lib : fd_toi_t2.asm.obj (.text)
                  20011194    00000046     drivers_cc32xx.a : RingBuf.oem4 (.text:RingBuf_put)
                  200111da    00000046                      : TimerCC32XX.oem4 (.text:getPrescaler)
                  20011220    00000044     nortos_cc32xx.a : ClockPSysTick_nortos.oem4 (.text:ClockP_stop)
                  20011264    00000044     driverlib.a : prcm.obj (.text:PRCMLPDSRestoreInfoSet)
                  200112a8    00000044     drivers_cc32xx.a : PowerCC32XX_asm.oem4 (.text:PowerCC32XX_enterLPDS)
                  200112ec    00000044     nortos_cc32xx.a : SemaphoreP_nortos.oem4 (.text:SemaphoreP_post)
                  20011330    00000044                     : SwiP_nortos.oem4 (.text:SwiP_restore)
                  20011374    00000044     drivers_cc32xx.a : Timer.oem4 (.text:Timer_init)
                  200113b8    00000044                      : UART.oem4 (.text:UART_init)
                  200113fc    00000044     rtsv7M4_T_le_eabi.lib : autoinit.c.obj (.text:__TI_auto_init_nobinit_nopinit:__TI_auto_init_nobinit_nopinit)
                  20011440    00000040     nortos_cc32xx.a : ClockPSysTick_nortos.oem4 (.text:ClockP_construct)
                  20011480    00000040     driverlib.a : pin.obj (.text:PinModeSet)
                  200114c0    00000040     drivers_cc32xx.a : RingBuf.oem4 (.text:RingBuf_get)
                  20011500    00000040                      : Timer.oem4 (.text:Timer_open)
                  20011540    00000040                      : UARTCC32XX.oem4 (.text:UARTCC32XX_read)
                  20011580    00000040                      : UART.oem4 (.text:UART_open)
                  200115c0    0000003e     rtsv7M4_T_le_eabi.lib : _printfi.c.obj (.text:_fcpy)
                  200115fe    00000002     --HOLE-- [fill = 0]
                  20011600    0000003c     nortos_cc32xx.a : ClockPSysTick_nortos.oem4 (.text:ClockP_destruct)
                  2001163c    0000003c     drivers_cc32xx.a : PowerCC32XX.oem4 (.text:Power_setConstraint)
                  20011678    0000003a                      : TimerCC32XX.oem4 (.text:TimerCC32XX_close)
                  200116b2    0000003a     nortos_cc32xx.a : PowerCC32XX_nortos.oem4 (.text:getCountsRTC)
                  200116ec    00000038     drivers_cc32xx.a : GPIOCC32XX.oem4 (.text:GPIO_read)
                  20011724    00000038     driverlib.a : prcm.obj (.text:PRCMLPDSEnterKeepDebugIf)
                  2001175c    00000038     drivers_cc32xx.a : TimerCC32XX.oem4 (.text:TimerCC32XX_hwiIntFunction)
                  20011794    00000038     nortos_cc32xx.a : ClockPSysTick_nortos.oem4 (.text:addToList)
                  200117cc    00000038                     : startup_cc32xx_ccs.oem4 (.text:initVectors)
                  20011804    00000038     drivers_cc32xx.a : PowerCC32XX.oem4 (.text:notify)
                  2001183c    00000038     rtsv7M4_T_le_eabi.lib : fs_toi_t2.asm.obj (.text)
                  20011874    00000038                           : i_tofs_t2.asm.obj (.text)
                  200118ac    00000036     driverlib.a : timer.obj (.text:TimerControlStall)
                  200118e2    00000036     drivers_cc32xx.a : UARTCC32XX.oem4 (.text:UARTCC32XX_readCancel)
                  20011918    00000034     nortos_cc32xx.a : ClockPSysTick_nortos.oem4 (.text:ClockP_getTicksUntilInterrupt)
                  2001194c    00000034                     : ClockPSysTick_nortos.oem4 (.text:ClockP_startup)
                  20011980    00000034     driverlib.a : pin.obj (.text:PinModeGet)
                  200119b4    00000034     drivers_cc32xx.a : PowerCC32XX.oem4 (.text:PowerCC32XX_restoreParkState)
                  200119e8    00000034                      : TimerCC32XX.oem4 (.text:TimerCC32XX_freeTimerResource)
                  20011a1c    00000034                      : TimerCC32XX.oem4 (.text:getPowerMgrId)
                  20011a50    00000034     gpiointerrupt.obj (.text:initUART)
                  20011a84    00000030     nortos_cc32xx.a : ClockPSysTick_nortos.oem4 (.text:ClockP_start)
                  20011ab4    00000030     drivers_cc32xx.a : PowerCC32XX.oem4 (.text:PowerCC32XX_restoreParkedPin)
                  20011ae4    00000030     rtsv7M4_T_le_eabi.lib : snprintf.c.obj (.text:_outs)
                  20011b14    0000002e                           : i_tofd_t2.asm.obj (.text)
                  20011b42    00000002     --HOLE-- [fill = 0]
                  20011b44    0000002c     drivers_cc32xx.a : PowerCC32XX.oem4 (.text:PowerCC32XX_getParkState)
                  20011b70    0000002a     nortos_cc32xx.a : HwiPCC32XX_nortos.oem4 (.text:HwiP_create)
                  20011b9a    0000002a     driverlib.a : timer.obj (.text:TimerLoadSet)
                  20011bc4    0000002a                 : timer.obj (.text:TimerPrescaleSet)
                  20011bee    00000028                 : i2c.obj (.text:I2CFIFODataPutNonBlocking)
                  20011c16    00000002     --HOLE-- [fill = 0]
                  20011c18    00000028                 : prcm.obj (.text:PRCMPeripheralClkDisable)
                  20011c40    00000028     drivers_cc32xx.a : PowerCC32XX.oem4 (.text:Power_registerNotify)
                  20011c68    00000028     rtsv7M4_T_le_eabi.lib : memory.c.obj (.text:free_list_insert)
                  20011c90    00000026     driverlib.a : i2c.obj (.text:I2CFIFODataGetNonBlocking)
                  20011cb6    00000026     drivers_cc32xx.a : I2C.oem4 (.text:I2C_cancel)
                  20011cdc    00000026                      : List.oem4 (.text:List_put)
                  20011d02    00000026                      : List.oem4 (.text:List_remove)
                  20011d28    00000024     nortos_cc32xx.a : HwiPCC32XX_nortos.oem4 (.text:HwiP_dispatch)
                  20011d4c    00000024     drivers_cc32xx.a : PowerCC32XX.oem4 (.text:PowerCC32XX_reset)
                  20011d70    00000024     rtsv7M4_T_le_eabi.lib : boot_cortex_m.c.obj (.text:_c_int00_noargs:_c_int00_noargs)
                  20011d94    00000024     gpiointerrupt.obj (.text:timerCallback)
                  20011db8    00000022     driverlib.a : i2c.obj (.text:I2CMasterSlaveAddrSet)
                  20011dda    00000020     nortos_cc32xx.a : HwiPCC32XX_nortos.oem4 (.text:HwiP_destruct)
                  20011dfa    00000002     --HOLE-- [fill = 0]
                  20011dfc    00000020     drivers_cc32xx.a : PowerCC32XX.oem4 (.text:Power_unregisterNotify)
                  20011e1c    00000020                      : RingBuf.oem4 (.text:RingBuf_peek)
                  20011e3c    00000020                      : UARTCC32XX.oem4 (.text:getPowerMgrId)
                  20011e5c    0000001e     driverlib.a : i2c.obj (.text:I2CMasterIntStatusEx)
                  20011e7a    0000001e     nortos_cc32xx.a : SemaphoreP_nortos.oem4 (.text:SemaphoreP_constructBinary)
                  20011e98    0000001e     driverlib.a : timer.obj (.text:TimerDisable)
                  20011eb6    0000001e                 : timer.obj (.text:TimerEnable)
                  20011ed4    0000001c                 : pin.obj (.text:PinToPadGet)
                  20011ef0    0000001c     nortos_cc32xx.a : SwiP_nortos.oem4 (.text:SwiP_disable)
                  20011f0c    0000001c     rtsv7M4_T_le_eabi.lib : copy_zero_init.c.obj (.text:decompress:ZI:__TI_zero_init_nomemset:__TI_zero_init_nomemset)
                  20011f28    0000001c                           : memory.c.obj (.text:free_list_remove)
                  20011f44    0000001c                           : memccpy.c.obj (.text:memccpy)
                  20011f60    0000001a     nortos_cc32xx.a : ClockPSysTick_nortos.oem4 (.text:ClockP_create)
                  20011f7a    0000001a                     : SemaphoreP_nortos.oem4 (.text:SemaphoreP_createBinary)
                  20011f94    0000001a                     : startup_cc32xx_ccs.oem4 (.text:resetISR)
                  20011fae    00000018     driverlib.a : i2c.obj (.text:I2CMasterBusBusy)
                  20011fc6    00000018                 : i2c.obj (.text:I2CMasterIntDisableEx)
                  20011fde    00000018                 : i2c.obj (.text:I2CMasterIntEnableEx)
                  20011ff6    00000018                 : i2c.obj (.text:I2CRxFIFOFlush)
                  2001200e    00000018                 : i2c.obj (.text:I2CTxFIFOFlush)
                  20012026    00000002     --HOLE-- [fill = 0]
                  20012028    00000018     drivers_cc32xx.a : PowerCC32XX.oem4 (.text:Power_getTransitionLatency)
                  20012040    00000018                      : PowerCC32XX.oem4 (.text:Power_idleFunc)
                  20012058    00000018                      : TimerCC32XX.oem4 (.text:TimerCC32XX_getCount)
                  20012070    00000018     driverlib.a : timer.obj (.text:TimerIntDisable)
                  20012088    00000018                 : timer.obj (.text:TimerIntEnable)
                  200120a0    00000018                 : uart.obj (.text:UARTBusy)
                  200120b8    00000018                 : uart.obj (.text:UARTIntEnable)
                  200120d0    00000018     drivers_cc32xx.a : UART.oem4 (.text:UART_Params_init)
                  200120e8    00000018     rtsv7M4_T_le_eabi.lib : snprintf.c.obj (.text:_outc)
                  20012100    00000018     gpiointerrupt.obj (.text:gpioButtonFxn0)
                  20012118    00000018     gpiointerrupt.obj (.text:gpioButtonFxn1)
                  20012130    00000018     rtsv7M4_T_le_eabi.lib : ll_mul_t2.asm.obj (.text)
                  20012148    00000016     driverlib.a : i2c.obj (.text:I2CMasterBurstLengthSet)
                  2001215e    00000016                 : prcm.obj (.text:PRCMHIBRegRead)
                  20012174    00000016                 : prcm.obj (.text:PRCMHIBRegWrite)
                  2001218a    00000016     nortos_cc32xx.a : SemaphoreP_nortos.oem4 (.text:SemaphoreP_create)
                  200121a0    00000016     rtsv7M4_T_le_eabi.lib : strchr.c.obj (.text:strchr)
                  200121b6    00000014     driverlib.a : cpu.obj (.text:CPUcpsid)
                  200121ca    00000002     --HOLE-- [fill = 0]
                  200121cc    00000014     nortos_cc32xx.a : HwiPCC32XX_nortos.oem4 (.text:HwiP_inISR)
                  200121e0    00000014     drivers_cc32xx.a : I2CCC32XX.oem4 (.text:I2CSupport_masterFinish)
                  200121f4    00000014                      : I2C.oem4 (.text:I2C_transfer)
                  20012208    00000014     driverlib.a : interrupt.obj (.text:IntVTableBaseSet)
                  2001221c    00000014     drivers_cc32xx.a : PowerCC32XX.oem4 (.text:Power_disablePolicy)
                  20012230    00000014                      : PowerCC32XX.oem4 (.text:Power_getDependencyCount)
                  20012244    00000014                      : UARTCC32XX.oem4 (.text:releasePowerConstraint)
                  20012258    00000014     rtsv7M4_T_le_eabi.lib : strlen.c.obj (.text:strlen)
                  2001226c    00000012     nortos_cc32xx.a : HwiPCC32XX_nortos.oem4 (.text:HwiP_Params_init)
                  2001227e    00000012     driverlib.a : i2c.obj (.text:I2CMasterIntClearEx)
                  20012290    00000012     drivers_cc32xx.a : RingBuf.oem4 (.text:RingBuf_construct)
                  200122a2    00000012     driverlib.a : timer.obj (.text:TimerIntClear)
                  200122b4    00000012     main_nortos.obj (.text:main)
                  200122c6    00000012     rtsv7M4_T_le_eabi.lib : wcslen.c.obj (.text:wcslen)
                  200122d8    00000010     ti_drivers_config.obj (.text:Board_init)
                  200122e8    00000010     nortos_cc32xx.a : ClockPSysTick_nortos.oem4 (.text:ClockP_add)
                  200122f8    00000010                     : ClockPSysTick_nortos.oem4 (.text:ClockP_delete)
                  20012308    00000010                     : ClockPSysTick_nortos.oem4 (.text:ClockP_getCpuFreq)
                  20012318    00000010                     : ClockPSysTick_nortos.oem4 (.text:ClockP_getSystemTicks)
                  20012328    00000010                     : ClockPSysTick_nortos.oem4 (.text:ClockP_setTicks)
                  20012338    00000010                     : HwiPCC32XX_nortos.oem4 (.text:HwiP_delete)
                  20012348    00000010                     : HwiPCC32XX_nortos.oem4 (.text:HwiP_restore)
                  20012358    00000010     driverlib.a : i2c.obj (.text:I2CFIFOStatus)
                  20012368    00000010     drivers_cc32xx.a : I2C.oem4 (.text:I2C_Params_init)
                  20012378    00000010                      : PowerCC32XX.oem4 (.text:Power_enablePolicy)
                  20012388    00000010     nortos_cc32xx.a : SemaphoreP_nortos.oem4 (.text:SemaphoreP_Params_init)
                  20012398    00000010     drivers_cc32xx.a : Timer.oem4 (.text:Timer_Params_init)
                  200123a8    00000010                      : UARTCC32XX.oem4 (.text:readBlockingTimeout)
                  200123b8    0000000e     nortos_cc32xx.a : HwiPCC32XX_nortos.oem4 (.text:HwiP_clearInterrupt)
                  200123c6    0000000e                     : HwiPCC32XX_nortos.oem4 (.text:HwiP_disable)
                  200123d4    0000000e                     : HwiPCC32XX_nortos.oem4 (.text:HwiP_disableInterrupt)
                  200123e2    0000000e                     : HwiPCC32XX_nortos.oem4 (.text:HwiP_enable)
                  200123f0    0000000e                     : HwiPCC32XX_nortos.oem4 (.text:HwiP_enableInterrupt)
                  200123fe    0000000e     drivers_cc32xx.a : I2CCC32XX.oem4 (.text:I2CCC32XX_updateReg)
                  2001240c    0000000e                      : RingBuf.oem4 (.text:RingBuf_isFull)
                  2001241a    0000000e     rtsv7M4_T_le_eabi.lib : copy_decompress_none.c.obj (.text:decompress:none:__TI_decompress_none)
                  20012428    0000000c     drivers_cc32xx.a : I2CCC32XX.oem4 (.text:I2CCC32XX_postNotify)
                  20012434    0000000c                      : PowerCC32XX.oem4 (.text:Power_getConstraintMask)
                  20012440    0000000c     rtsv7M4_T_le_eabi.lib : s_copysign.c.obj (.text:copysign)
                  2001244c    0000000c     drivers_cc32xx.a : TimerCC32XX.oem4 (.text:postNotifyFxn)
                  20012458    0000000c                      : UARTCC32XX.oem4 (.text:postNotifyFxn)
                  20012464    0000000a     nortos_cc32xx.a : ClockPSysTick_nortos.oem4 (.text:ClockP_Params_init)
                  2001246e    0000000a                     : ClockPSysTick_nortos.oem4 (.text:ClockP_isActive)
                  20012478    0000000a     driverlib.a : interrupt.obj (.text:IntMasterDisable)
                  20012482    0000000a     drivers_cc32xx.a : Timer.oem4 (.text:Timer_start)
                  2001248c    0000000a                      : UART.oem4 (.text:UART_write)
                  20012496    00000008                      : I2CCC32XX.oem4 (.text:I2CCC32XX_blockingCallback)
                  2001249e    00000002     --HOLE-- [fill = 0]
                  200124a0    00000008     rtsv7M4_T_le_eabi.lib : errno.c.obj (.text:__aeabi_errno_addr)
                  200124a8    00000008                           : memory.c.obj (.text:malloc)
                  200124b0    00000008     drivers_cc32xx.a : UARTCC32XX.oem4 (.text:readSemCallback)
                  200124b8    00000008                      : UARTCC32XX.oem4 (.text:writeSemCallback)
                  200124c0    00000006                      : I2CCC32XX.oem4 (.text:I2CSupport_powerRelConstraint)
                  200124c6    00000006                      : I2CCC32XX.oem4 (.text:I2CSupport_powerSetConstraint)
                  200124cc    00000006                      : TimerCC32XX.oem4 (.text:TimerCC32XX_control)
                  200124d2    00000006     driverlib.a : utils.obj (.text:UtilsDelay)
                  200124d8    00000004     nortos_cc32xx.a : ClockPSysTick_nortos.oem4 (.text:ClockP_setTimeout)
                  200124dc    00000004                     : HwiPCC32XX_nortos.oem4 (.text:HwiP_post)
                  200124e0    00000004                     : SemaphoreP_nortos.oem4 (.text:SemaphoreP_delete)
                  200124e4    00000004     rtsv7M4_T_le_eabi.lib : pre_init.c.obj (.text:_system_pre_init)
                  200124e8    00000004                           : exit.c.obj (.text:abort:abort)

.const     0    20012abc    0000051a     
                  20012abc    00000101     rtsv7M4_T_le_eabi.lib : ctype.c.obj (.const:.string:_ctypes_)
                  20012bbd    00000003     --HOLE-- [fill = 0]
                  20012bc0    00000100     driverlib.a : pin.obj (.const:g_ulPinToPadMap)
                  20012cc0    000000a8                 : prcm.obj (.const:PRCM_PeriphRegsList)
                  20012d68    00000044     ti_drivers_config.obj (.const:PowerCC32XX_config)
                  20012dac    00000028     drivers_cc32xx.a : UARTCC32XX.oem4 (.const:UARTCC32XX_fxnTable)
                  20012dd4    00000024                      : UART.oem4 (.const:UART_defaultParams)
                  20012df8    00000024     ti_drivers_config.obj (.const:uartCC32XXHWAttrs0)
                  20012e1c    00000021     drivers_cc32xx.a : GPIOCC32XX.oem4 (.const:.string:pinTable)
                  20012e3d    00000003     --HOLE-- [fill = 0]
                  20012e40    00000020                      : TimerCC32XX.oem4 (.const:TimerCC32XX_fxnTable)
                  20012e60    00000020                      : UARTCC32XX.oem4 (.const:staticFxnTable)
                  20012e80    00000018     driverlib.a : interrupt.obj (.const:g_pulEnRegs)
                  20012e98    00000018                 : interrupt.obj (.const:g_pulPendRegs)
                  20012eb0    00000018     gpiointerrupt.obj (.const:sensors)
                  20012ec8    00000014     ti_drivers_config.obj (.const:GPIOCC32XX_config)
                  20012edc    00000014     drivers_cc32xx.a : GPIOCC32XX.oem4 (.const:gpioBaseAddresses)
                  20012ef0    00000014     ti_drivers_config.obj (.const:i2cCC32XXHWAttrs)
                  20012f04    00000014     drivers_cc32xx.a : UARTCC32XX.oem4 (.const:parityType)
                  20012f18    00000014                      : GPIOCC32XX.oem4 (.const:powerResources)
                  20012f2c    00000010                      : I2C.oem4 (.const:I2C_defaultParams)
                  20012f3c    00000010                      : I2CCC32XX.oem4 (.const:I2C_defaultParams)
                  20012f4c    00000010                      : UARTCC32XX.oem4 (.const:dataLength)
                  20012f5c    00000010     ti_drivers_config.obj (.const:timerCC32XXHWAttrs)
                  20012f6c    0000000c     gpiointerrupt.obj (.const:.string)
                  20012f78    0000000c     ti_drivers_config.obj (.const:Timer_config)
                  20012f84    0000000c     ti_drivers_config.obj (.const:UART_config)
                  20012f90    0000000c     drivers_cc32xx.a : Timer.oem4 (.const:defaultParams)
                  20012f9c    00000009     ti_drivers_config.obj (.const)
                  20012fa5    00000003     --HOLE-- [fill = 0]
                  20012fa8    00000008     ti_drivers_config.obj (.const:I2C_config)
                  20012fb0    00000008     drivers_cc32xx.a : GPIOCC32XX.oem4 (.const:outPinTypes)
                  20012fb8    00000008                      : UARTCC32XX.oem4 (.const:stopBits)
                  20012fc0    00000006                      : GPIOCC32XX.oem4 (.const:.string:interruptType)
                  20012fc6    00000006                      : GPIOCC32XX.oem4 (.const:inPinTypes)
                  20012fcc    00000006                      : GPIOCC32XX.oem4 (.const:outPinStrengths)
                  20012fd2    00000004                      : GPIOCC32XX.oem4 (.const:.string:portInterruptIds)

.cinit     0    20013340    000000f0     
                  20013340    000000cc     (.cinit..data.load) [load image, compression = lzss]
                  2001340c    0000000c     (__TI_handler_table)
                  20013418    00000008     (.cinit..bss.load) [load image, compression = zero_init]
                  20013420    00000010     (__TI_cinit_table)

.init_array 
*          0    20004000    00000000     UNINITIALIZED

.ramVecs   0    20000000    0000030c     NOLOAD SECTION
                  20000000    0000030c     nortos_cc32xx.a : startup_cc32xx_ccs.oem4 (.ramVecs)

.stack     0    20003000    00001000     UNINITIALIZED
                  20003000    00000004     rtsv7M4_T_le_eabi.lib : boot_cortex_m.c.obj (.stack)
                  20003004    00000ffc     --HOLE--

.resetVecs 
*          0    20004000    00000040     
                  20004000    00000040     nortos_cc32xx.a : startup_cc32xx_ccs.oem4 (.resetVecs:retain)

.sysmem    0    20004040    00008000     UNINITIALIZED
                  20004040    00000010     rtsv7M4_T_le_eabi.lib : memory.c.obj (.sysmem)
                  20004050    00007ff0     --HOLE--

.data      0    200124ec    000005d0     UNINITIALIZED
                  200124ec    0000030c     nortos_cc32xx.a : HwiPCC32XX_nortos.oem4 (.data:HwiP_dispatchTable)
                  200127f8    0000016c     drivers_cc32xx.a : PowerCC32XX.oem4 (.data:PowerCC32XX_module)
                  20012964    000000f8     ti_drivers_config.obj (.data:parkInfo)
                  20012a5c    0000000d     gpiointerrupt.obj (.data)
                  20012a69    00000003     nortos_cc32xx.a : SemaphoreP_nortos.oem4 (.data)
                  20012a6c    0000000c     ti_drivers_config.obj (.data:gpioCallbackFunctions)
                  20012a78    0000000c     ti_drivers_config.obj (.data:gpioPinConfigs)
                  20012a84    00000009     drivers_cc32xx.a : GPIOCC32XX.oem4 (.data)
                  20012a8d    00000001                      : Timer.oem4 (.data)
                  20012a8e    00000001                      : UART.oem4 (.data)
                  20012a8f    00000001     --HOLE--
                  20012a90    00000008     rtsv7M4_T_le_eabi.lib : _lock.c.obj (.data:$O1$$)
                  20012a98    00000008                           : memory.c.obj (.data:$O1$$)
                  20012aa0    00000008     nortos_cc32xx.a : SemaphoreP_nortos.oem4 (.data:SemaphoreP_defaultParams)
                  20012aa8    00000008                     : HwiPCC32XX_nortos.oem4 (.data)
                  20012ab0    00000005                     : ClockPSysTick_nortos.oem4 (.data)
                  20012ab5    00000003     --HOLE--
                  20012ab8    00000004     rtsv7M4_T_le_eabi.lib : errno.c.obj (.data)

.bss       0    20012fd8    00000368     UNINITIALIZED
                  20012fd8    0000012c     (.common:PowerCC32XX_contextSave)
                  20013104    000000fc     (.common:i2cCC32XXObjects)
                  20013200    00000084     (.common:uartCC32XXObjects0)
                  20013284    00000034     (.common:timerCC32XXObjects)
                  200132b8    00000020     drivers_cc32xx.a : GPIOCC32XX.oem4 (.bss:gpioCallbackInfo)
                  200132d8    00000020     ti_drivers_config.obj (.bss:uartCC32XXRingBuffer0)
                  200132f8    00000014     drivers_cc32xx.a : GPIOCC32XX.oem4 (.bss:powerNotifyObj)
                  2001330c    00000004                      : GPIOCC32XX.oem4 (.bss)
                  20013310    00000010     (.common:ClockP_ctrl)
                  20013320    0000000d     nortos_cc32xx.a : SwiP_nortos.oem4 (.bss)
                  2001332d    00000003     --HOLE--
                  20013330    00000004                     : ClockPSysTick_nortos.oem4 (.bss)
                  20013334    00000004     drivers_cc32xx.a : TimerCC32XX.oem4 (.bss:timerState)
                  20013338    00000004     (.common:i2c)
                  2001333c    00000004     (.common:uart)

.log_data 
*          0    90000000    00000000     COPY SECTION

__llvm_prf_cnts 
*          0    20004000    00000000     UNINITIALIZED

MODULE SUMMARY

       Module                       code    ro data   rw data
       ------                       ----    -------   -------
    .\
       gpiointerrupt.obj            1196    36        21     
       main_nortos.obj              18      0         0      
    +--+----------------------------+-------+---------+---------+
       Total:                       1214    36        21     
                                                             
    .\syscfg\
       ti_drivers_config.obj        18      201       740    
    +--+----------------------------+-------+---------+---------+
       Total:                       18      201       740    
                                                             
    C:/ti/simplelink_cc32xx_sdk_4_30_00_06/kernel/nortos/lib/ccs/m4/nortos_cc32xx.a
       HwiPCC32XX_nortos.oem4       394     0         788    
       startup_cc32xx_ccs.oem4      90      64        780    
       ClockPSysTick_nortos.oem4    702     0         25     
       PowerCC32XX_nortos.oem4      472     0         0      
       SemaphoreP_nortos.oem4       408     0         11     
       SwiP_nortos.oem4             96      0         13     
    +--+----------------------------+-------+---------+---------+
       Total:                       2162    64        1617   
                                                             
    C:/ti/simplelink_cc32xx_sdk_4_30_00_06/source/ti/devices/cc32xx/driverlib/ccs/Release/driverlib.a
       prcm.obj                     1604    168       0      
       pin.obj                      280     256       0      
       interrupt.obj                334     48        0      
       i2c.obj                      318     0         0      
       timer.obj                    264     0         0      
       flash.obj                    72      0         0      
       uart.obj                     48      0         0      
       cpu.obj                      20      0         0      
       utils.obj                    6       0         0      
    +--+----------------------------+-------+---------+---------+
       Total:                       2946    472       0      
                                                             
    C:/ti/simplelink_cc32xx_sdk_4_30_00_06/source/ti/drivers/lib/ccs/m4/drivers_cc32xx.a
       UARTCC32XX.oem4              3466    116       0      
       PowerCC32XX.oem4             2432    0         664    
       I2CCC32XX.oem4               1452    16        0      
       GPIOCC32XX.oem4              1264    103       65     
       TimerCC32XX.oem4             1132    32        4      
       I2C.oem4                     366     16        0      
       UART.oem4                    166     36        1      
       RingBuf.oem4                 198     0         0      
       Timer.oem4                   158     12        1      
       PowerCC32XX_asm.oem4         150     0         0      
       List.oem4                    76      0         0      
    +--+----------------------------+-------+---------+---------+
       Total:                       10860   331       735    
                                                             
    C:\ti\ccs1271\ccs\tools\compiler\ti-cgt-arm_20.2.7.LTS\lib\rtsv7M4_T_le_eabi.lib
       _printfi.c.obj               4835    0         0      
       memory.c.obj                 672     0         8      
       fd_add_t2.asm.obj            438     0         0      
       fd_div_t2.asm.obj            310     0         0      
       fd_cmp_t2.asm.obj            268     0         0      
       ctype.c.obj                  0       257       0      
       fd_mul_t2.asm.obj            252     0         0      
       s_scalbn.c.obj               208     0         0      
       memcpy_t2.asm.obj            156     0         0      
       ull_div_t2.asm.obj           150     0         0      
       snprintf.c.obj               148     0         0      
       fs_mul_t2.asm.obj            122     0         0      
       memset_t2.asm.obj            122     0         0      
       copy_decompress_lzss.c.obj   104     0         0      
       s_frexp.c.obj                92      0         0      
       _ltoa.c.obj                  84      0         0      
       atoi.c.obj                   76      0         0      
       fd_toi_t2.asm.obj            72      0         0      
       autoinit.c.obj               68      0         0      
       fs_toi_t2.asm.obj            56      0         0      
       i_tofs_t2.asm.obj            56      0         0      
       i_tofd_t2.asm.obj            46      0         0      
       boot_cortex_m.c.obj          36      0         0      
       copy_zero_init.c.obj         28      0         0      
       memccpy.c.obj                28      0         0      
       ll_mul_t2.asm.obj            24      0         0      
       strchr.c.obj                 22      0         0      
       strlen.c.obj                 20      0         0      
       wcslen.c.obj                 18      0         0      
       copy_decompress_none.c.obj   14      0         0      
       errno.c.obj                  8       0         4      
       s_copysign.c.obj             12      0         0      
       _lock.c.obj                  2       0         8      
       exit.c.obj                   4       0         0      
       pre_init.c.obj               4       0         0      
       div0.asm.obj                 2       0         0      
    +--+----------------------------+-------+---------+---------+
       Total:                       8557    257       20     
                                                             
       Heap:                        0       0         32768  
       Stack:                       0       0         4096   
       Linker Generated:            0       240       0      
    +--+----------------------------+-------+---------+---------+
       Grand Total:                 25757   1601      39997  


LINKER GENERATED COPY TABLES

__TI_cinit_table @ 20013420 records: 2, size/record: 8, table size: 16
	.data: load addr=20013340, load size=000000cc bytes, run addr=200124ec, run size=000005d0 bytes, compression=lzss
	.bss: load addr=20013418, load size=00000008 bytes, run addr=20012fd8, run size=00000368 bytes, compression=zero_init


LINKER GENERATED HANDLER TABLE

__TI_handler_table @ 2001340c records: 3, size/record: 4, table size: 12
	index: 0, handler: __TI_decompress_lzss
	index: 1, handler: __TI_decompress_none
	index: 2, handler: __TI_zero_init


GLOBAL SYMBOLS: SORTED ALPHABETICALLY BY Name 

address   name                             
-------   ----                             
200122d9  Board_init                       
2000ca8f  Board_initHook                   
200124e9  C$$EXIT                          
20012f9c  CONFIG_GPIO_BUTTON_0_CONST       
20012f9d  CONFIG_GPIO_BUTTON_1_CONST       
20012f9e  CONFIG_GPIO_LED_0_CONST          
20012f9f  CONFIG_I2C_0_CONST               
20012fa1  CONFIG_TIMER_0_CONST             
20012fa3  CONFIG_UART_0_CONST              
200121b7  CPUcpsid                         
20012465  ClockP_Params_init               
200122e9  ClockP_add                       
20011441  ClockP_construct                 
20011f61  ClockP_create                    
20013310  ClockP_ctrl                      
200122f9  ClockP_delete                    
20011601  ClockP_destruct                  
20010d25  ClockP_doTick                    
20012309  ClockP_getCpuFreq                
20012319  ClockP_getSystemTicks            
20011919  ClockP_getTicksUntilInterrupt    
2001246f  ClockP_isActive                  
20012329  ClockP_setTicks                  
200124d9  ClockP_setTimeout                
20011a85  ClockP_start                     
2001194d  ClockP_startup                   
20011221  ClockP_stop                      
20010d25  ClockP_sysTickHandler            
20012ab0  ClockP_tickPeriod                
2001102d  FlashDisable                     
20012ec8  GPIOCC32XX_config                
20010e65  GPIO_enableInt                   
200103a1  GPIO_hwiIntFxn                   
2000ef01  GPIO_init                        
200116ed  GPIO_read                        
200108bd  GPIO_setCallback                 
2000d5d5  GPIO_setConfig                   
200109d1  GPIO_write                       
2001226d  HwiP_Params_init                 
200123b9  HwiP_clearInterrupt              
2000fcfd  HwiP_construct                   
20011b71  HwiP_create                      
20012339  HwiP_delete                      
20011ddb  HwiP_destruct                    
200123c7  HwiP_disable                     
200123d5  HwiP_disableInterrupt            
20011d29  HwiP_dispatch                    
200123e3  HwiP_enable                      
200123f1  HwiP_enableInterrupt             
200121cd  HwiP_inISR                       
20012aa8  HwiP_key                         
200124dd  HwiP_post                        
20012349  HwiP_restore                     
20012aac  HwiP_swiPIntNum                  
20011c91  I2CFIFODataGetNonBlocking        
20011bef  I2CFIFODataPutNonBlocking        
20012359  I2CFIFOStatus                    
20012149  I2CMasterBurstLengthSet          
20011faf  I2CMasterBusBusy                 
2001227f  I2CMasterIntClearEx              
20011fc7  I2CMasterIntDisableEx            
20011fdf  I2CMasterIntEnableEx             
20011e5d  I2CMasterIntStatusEx             
20011db9  I2CMasterSlaveAddrSet            
20011ff7  I2CRxFIFOFlush                   
200121e1  I2CSupport_masterFinish          
200124c1  I2CSupport_powerRelConstraint    
200124c7  I2CSupport_powerSetConstraint    
2001065b  I2CSupport_primeTransfer         
2001200f  I2CTxFIFOFlush                   
20012369  I2C_Params_init                  
20011cb7  I2C_cancel                       
20012fa8  I2C_config                       
20012fa0  I2C_count                        
20012f2c  I2C_defaultParams                
2000db3b  I2C_init                         
2000e8a1  I2C_open                         
200121f5  I2C_transfer                     
2000e43d  I2C_transferTimeout              
UNDEFED   ITM_flush                        
UNDEFED   ITM_restore                      
2000f6d1  IntEnable                        
20012479  IntMasterDisable                 
2000fd89  IntPendSet                       
20012209  IntVTableBaseSet                 
20011cdd  List_put                         
20011d03  List_remove                      
200123e3  NoRTOS_start                     
2000ca91  PRCMCC3200MCUInit                
2001215f  PRCMHIBRegRead                   
20012175  PRCMHIBRegWrite                  
20011075  PRCMLPDSEnter                    
20011725  PRCMLPDSEnterKeepDebugIf         
20011265  PRCMLPDSRestoreInfoSet           
20011c19  PRCMPeripheralClkDisable         
200110bd  PRCMPeripheralClkEnable          
20010a29  PRCMPeripheralReset              
2001085d  PRCMSysResetCauseGet             
2000fe11  PinConfigSet                     
20011981  PinModeGet                       
20011481  PinModeSet                       
20011ed5  PinToPadGet                      
20012d68  PowerCC32XX_config               
2000f779  PowerCC32XX_configureWakeup      
20012fd8  PowerCC32XX_contextSave          
200112a9  PowerCC32XX_enterLPDS            
20011b45  PowerCC32XX_getParkState         
2000e313  PowerCC32XX_initPolicy           
200127f8  PowerCC32XX_module               
20010efd  PowerCC32XX_parkPin              
20011d4d  PowerCC32XX_reset                
200119b5  PowerCC32XX_restoreParkState     
20011ab5  PowerCC32XX_restoreParkedPin     
20010c2d  PowerCC32XX_resumeLPDS           
20010795  PowerCC32XX_setParkState         
2000db3d  PowerCC32XX_sleepPolicy          
2001221d  Power_disablePolicy              
20012379  Power_enablePolicy               
20012435  Power_getConstraintMask          
20012231  Power_getDependencyCount         
20012029  Power_getTransitionLatency       
20012041  Power_idleFunc                   
2001002d  Power_init                       
20011c41  Power_registerNotify             
20011105  Power_releaseConstraint          
20010a81  Power_releaseDependency          
2001163d  Power_setConstraint              
20010135  Power_setDependency              
2000e0a5  Power_sleep                      
20011dfd  Power_unregisterNotify           
20012291  RingBuf_construct                
200114c1  RingBuf_get                      
2001240d  RingBuf_isFull                   
20011e1d  RingBuf_peek                     
20011195  RingBuf_put                      
20012389  SemaphoreP_Params_init           
20010d75  SemaphoreP_construct             
20011e7b  SemaphoreP_constructBinary       
2001218b  SemaphoreP_create                
20011f7b  SemaphoreP_createBinary          
20012aa0  SemaphoreP_defaultParams         
200124e1  SemaphoreP_delete                
2000f965  SemaphoreP_pend                  
200112ed  SemaphoreP_post                  
20011ef1  SwiP_disable                     
20011331  SwiP_restore                     
20010dc5  TimerCC32XX_allocateTimerResource
20011679  TimerCC32XX_close                
200124cd  TimerCC32XX_control              
200119e9  TimerCC32XX_freeTimerResource    
20012e40  TimerCC32XX_fxnTable             
20012059  TimerCC32XX_getCount             
2000e55f  TimerCC32XX_init                 
2000e315  TimerCC32XX_open                 
2000fe99  TimerCC32XX_setPeriod            
20010419  TimerCC32XX_start                
20010ad9  TimerCC32XX_stop                 
200118ad  TimerControlStall                
20011e99  TimerDisable                     
20011eb7  TimerEnable                      
20012a68  TimerFlag                        
200122a3  TimerIntClear                    
20012071  TimerIntDisable                  
20012089  TimerIntEnable                   
20011b9b  TimerLoadSet                     
20011bc5  TimerPrescaleSet                 
20012399  Timer_Params_init                
20012f78  Timer_config                     
20012fa2  Timer_count                      
20011375  Timer_init                       
20011501  Timer_open                       
20012483  Timer_start                      
200120a1  UARTBusy                         
2000e561  UARTCC32XX_close                 
2000eb8d  UARTCC32XX_control               
20012dac  UARTCC32XX_fxnTable              
2000ec7f  UARTCC32XX_init                  
2000cebd  UARTCC32XX_open                  
20011541  UARTCC32XX_read                  
200118e3  UARTCC32XX_readCancel            
2000f085  UARTCC32XX_readPolling           
2000ee35  UARTCC32XX_write                 
2001072d  UARTCC32XX_writeCancel           
200107f9  UARTCC32XX_writePolling          
200120b9  UARTIntEnable                    
200120d1  UART_Params_init                 
20012f84  UART_config                      
20012fa4  UART_count                       
20012dd4  UART_defaultParams               
200113b9  UART_init                        
20011581  UART_open                        
2001248d  UART_write                       
200124d3  UtilsDelay                       
20004000  __STACK_END                      
00001000  __STACK_SIZE                     
00008000  __SYSMEM_SIZE                    
20013420  __TI_CINIT_Base                  
20013430  __TI_CINIT_Limit                 
2001340c  __TI_Handler_Table_Base          
20013418  __TI_Handler_Table_Limit         
200113fd  __TI_auto_init_nobinit_nopinit   
200106c5  __TI_decompress_lzss             
2001241b  __TI_decompress_none             
20010b85  __TI_ltoa                        
ffffffff  __TI_pprof_out_hndl              
2000c041  __TI_printfi                     
ffffffff  __TI_prof_data_size              
ffffffff  __TI_prof_data_start             
20013340  __TI_static_base__               
20011f0d  __TI_zero_init_nomemset          
2000ff21  __aeabi_cdcmpeq                  
2000ff21  __aeabi_cdcmple                  
2000ffa7  __aeabi_cdrcmple                 
2001114d  __aeabi_d2iz                     
2000d98f  __aeabi_dadd                     
2000e1dd  __aeabi_ddiv                     
2000e99d  __aeabi_dmul                     
2000d985  __aeabi_dsub                     
200124a1  __aeabi_errno_addr               
2001183d  __aeabi_f2iz                     
200102ab  __aeabi_fmul                     
20011b15  __aeabi_i2d                      
20011875  __aeabi_i2f                      
20010d23  __aeabi_idiv0                    
20010d23  __aeabi_ldiv0                    
20012131  __aeabi_lmul                     
20010325  __aeabi_memclr                   
20010325  __aeabi_memclr4                  
20010325  __aeabi_memclr8                  
2000faa1  __aeabi_memcpy                   
2000faa1  __aeabi_memcpy4                  
2000faa1  __aeabi_memcpy8                  
20010327  __aeabi_memset                   
20010327  __aeabi_memset4                  
20010327  __aeabi_memset8                  
2000fbd5  __aeabi_uldivmod                 
ffffffff  __binit__                        
ffffffff  __c_args__                       
UNDEFED   __mpu_init                       
20003000  __stack                          
20004000  __start___llvm_prf_cnts          
20004000  __stop___llvm_prf_cnts           
20011d71  _c_int00_noargs                  
20012abc  _ctypes_                         
20012a90  _lock                            
2000eeff  _nop                             
20004040  _sys_memory                      
UNDEFED   _system_post_cinit               
200124e5  _system_pre_init                 
20012a94  _unlock                          
200124e9  abort                            
2000e7a1  aligned_alloc                    
20010f49  atoi                             
ffffffff  binit                            
2000fc6b  clkFxn                           
20012441  copysign                         
20012441  copysignl                        
20012ab8  errno                            
2000ec81  free                             
20010919  frexp                            
20010919  frexpl                           
20012101  gpioButtonFxn0                   
20012119  gpioButtonFxn1                   
20012a6c  gpioCallbackFunctions            
20012a78  gpioPinConfigs                   
20013338  i2c                              
20012ef0  i2cCC32XXHWAttrs                 
20013104  i2cCC32XXObjects                 
20012fc6  inPinTypes                       
2000d3ad  initI2C                          
20010e15  initTimer                        
20011a51  initUART                         
200117cd  initVectors                      
2000ed65  ldexp                            
2000ed65  ldexpl                           
200122b5  main                             
2000ea99  mainThread                       
200124a9  malloc                           
2000e7a1  memalign                         
20011f45  memccpy                          
2000faa1  memcpy                           
2001032d  memset                           
20012fcc  outPinStrengths                  
20012fb0  outPinTypes                      
20012964  parkInfo                         
2000f1f9  readTemp                         
20011f95  resetISR                         
20011fa8  resetVectorAddr                  
20004000  resetVectors                     
20012a60  roomTemperature                  
2000ed65  scalbn                           
2000ed65  scalbnl                          
20012a5c  setPoint                         
20010fe1  snprintf                         
200121a1  strchr                           
20012259  strlen                           
20012a64  timeCounter                      
20012f5c  timerCC32XXHWAttrs               
20013284  timerCC32XXObjects               
20011d95  timerCallback                    
2001333c  uart                             
20013200  uartCC32XXObjects0               
200122c7  wcslen                           


GLOBAL SYMBOLS: SORTED BY Symbol Address 

address   name                             
-------   ----                             
00001000  __STACK_SIZE                     
00008000  __SYSMEM_SIZE                    
20003000  __stack                          
20004000  __STACK_END                      
20004000  __start___llvm_prf_cnts          
20004000  __stop___llvm_prf_cnts           
20004000  resetVectors                     
20004040  _sys_memory                      
2000c041  __TI_printfi                     
2000ca8f  Board_initHook                   
2000ca91  PRCMCC3200MCUInit                
2000cebd  UARTCC32XX_open                  
2000d3ad  initI2C                          
2000d5d5  GPIO_setConfig                   
2000d985  __aeabi_dsub                     
2000d98f  __aeabi_dadd                     
2000db3b  I2C_init                         
2000db3d  PowerCC32XX_sleepPolicy          
2000e0a5  Power_sleep                      
2000e1dd  __aeabi_ddiv                     
2000e313  PowerCC32XX_initPolicy           
2000e315  TimerCC32XX_open                 
2000e43d  I2C_transferTimeout              
2000e55f  TimerCC32XX_init                 
2000e561  UARTCC32XX_close                 
2000e7a1  aligned_alloc                    
2000e7a1  memalign                         
2000e8a1  I2C_open                         
2000e99d  __aeabi_dmul                     
2000ea99  mainThread                       
2000eb8d  UARTCC32XX_control               
2000ec7f  UARTCC32XX_init                  
2000ec81  free                             
2000ed65  ldexp                            
2000ed65  ldexpl                           
2000ed65  scalbn                           
2000ed65  scalbnl                          
2000ee35  UARTCC32XX_write                 
2000eeff  _nop                             
2000ef01  GPIO_init                        
2000f085  UARTCC32XX_readPolling           
2000f1f9  readTemp                         
2000f6d1  IntEnable                        
2000f779  PowerCC32XX_configureWakeup      
2000f965  SemaphoreP_pend                  
2000faa1  __aeabi_memcpy                   
2000faa1  __aeabi_memcpy4                  
2000faa1  __aeabi_memcpy8                  
2000faa1  memcpy                           
2000fbd5  __aeabi_uldivmod                 
2000fc6b  clkFxn                           
2000fcfd  HwiP_construct                   
2000fd89  IntPendSet                       
2000fe11  PinConfigSet                     
2000fe99  TimerCC32XX_setPeriod            
2000ff21  __aeabi_cdcmpeq                  
2000ff21  __aeabi_cdcmple                  
2000ffa7  __aeabi_cdrcmple                 
2001002d  Power_init                       
20010135  Power_setDependency              
200102ab  __aeabi_fmul                     
20010325  __aeabi_memclr                   
20010325  __aeabi_memclr4                  
20010325  __aeabi_memclr8                  
20010327  __aeabi_memset                   
20010327  __aeabi_memset4                  
20010327  __aeabi_memset8                  
2001032d  memset                           
200103a1  GPIO_hwiIntFxn                   
20010419  TimerCC32XX_start                
2001065b  I2CSupport_primeTransfer         
200106c5  __TI_decompress_lzss             
2001072d  UARTCC32XX_writeCancel           
20010795  PowerCC32XX_setParkState         
200107f9  UARTCC32XX_writePolling          
2001085d  PRCMSysResetCauseGet             
200108bd  GPIO_setCallback                 
20010919  frexp                            
20010919  frexpl                           
200109d1  GPIO_write                       
20010a29  PRCMPeripheralReset              
20010a81  Power_releaseDependency          
20010ad9  TimerCC32XX_stop                 
20010b85  __TI_ltoa                        
20010c2d  PowerCC32XX_resumeLPDS           
20010d23  __aeabi_idiv0                    
20010d23  __aeabi_ldiv0                    
20010d25  ClockP_doTick                    
20010d25  ClockP_sysTickHandler            
20010d75  SemaphoreP_construct             
20010dc5  TimerCC32XX_allocateTimerResource
20010e15  initTimer                        
20010e65  GPIO_enableInt                   
20010efd  PowerCC32XX_parkPin              
20010f49  atoi                             
20010fe1  snprintf                         
2001102d  FlashDisable                     
20011075  PRCMLPDSEnter                    
200110bd  PRCMPeripheralClkEnable          
20011105  Power_releaseConstraint          
2001114d  __aeabi_d2iz                     
20011195  RingBuf_put                      
20011221  ClockP_stop                      
20011265  PRCMLPDSRestoreInfoSet           
200112a9  PowerCC32XX_enterLPDS            
200112ed  SemaphoreP_post                  
20011331  SwiP_restore                     
20011375  Timer_init                       
200113b9  UART_init                        
200113fd  __TI_auto_init_nobinit_nopinit   
20011441  ClockP_construct                 
20011481  PinModeSet                       
200114c1  RingBuf_get                      
20011501  Timer_open                       
20011541  UARTCC32XX_read                  
20011581  UART_open                        
20011601  ClockP_destruct                  
2001163d  Power_setConstraint              
20011679  TimerCC32XX_close                
200116ed  GPIO_read                        
20011725  PRCMLPDSEnterKeepDebugIf         
200117cd  initVectors                      
2001183d  __aeabi_f2iz                     
20011875  __aeabi_i2f                      
200118ad  TimerControlStall                
200118e3  UARTCC32XX_readCancel            
20011919  ClockP_getTicksUntilInterrupt    
2001194d  ClockP_startup                   
20011981  PinModeGet                       
200119b5  PowerCC32XX_restoreParkState     
200119e9  TimerCC32XX_freeTimerResource    
20011a51  initUART                         
20011a85  ClockP_start                     
20011ab5  PowerCC32XX_restoreParkedPin     
20011b15  __aeabi_i2d                      
20011b45  PowerCC32XX_getParkState         
20011b71  HwiP_create                      
20011b9b  TimerLoadSet                     
20011bc5  TimerPrescaleSet                 
20011bef  I2CFIFODataPutNonBlocking        
20011c19  PRCMPeripheralClkDisable         
20011c41  Power_registerNotify             
20011c91  I2CFIFODataGetNonBlocking        
20011cb7  I2C_cancel                       
20011cdd  List_put                         
20011d03  List_remove                      
20011d29  HwiP_dispatch                    
20011d4d  PowerCC32XX_reset                
20011d71  _c_int00_noargs                  
20011d95  timerCallback                    
20011db9  I2CMasterSlaveAddrSet            
20011ddb  HwiP_destruct                    
20011dfd  Power_unregisterNotify           
20011e1d  RingBuf_peek                     
20011e5d  I2CMasterIntStatusEx             
20011e7b  SemaphoreP_constructBinary       
20011e99  TimerDisable                     
20011eb7  TimerEnable                      
20011ed5  PinToPadGet                      
20011ef1  SwiP_disable                     
20011f0d  __TI_zero_init_nomemset          
20011f45  memccpy                          
20011f61  ClockP_create                    
20011f7b  SemaphoreP_createBinary          
20011f95  resetISR                         
20011fa8  resetVectorAddr                  
20011faf  I2CMasterBusBusy                 
20011fc7  I2CMasterIntDisableEx            
20011fdf  I2CMasterIntEnableEx             
20011ff7  I2CRxFIFOFlush                   
2001200f  I2CTxFIFOFlush                   
20012029  Power_getTransitionLatency       
20012041  Power_idleFunc                   
20012059  TimerCC32XX_getCount             
20012071  TimerIntDisable                  
20012089  TimerIntEnable                   
200120a1  UARTBusy                         
200120b9  UARTIntEnable                    
200120d1  UART_Params_init                 
20012101  gpioButtonFxn0                   
20012119  gpioButtonFxn1                   
20012131  __aeabi_lmul                     
20012149  I2CMasterBurstLengthSet          
2001215f  PRCMHIBRegRead                   
20012175  PRCMHIBRegWrite                  
2001218b  SemaphoreP_create                
200121a1  strchr                           
200121b7  CPUcpsid                         
200121cd  HwiP_inISR                       
200121e1  I2CSupport_masterFinish          
200121f5  I2C_transfer                     
20012209  IntVTableBaseSet                 
2001221d  Power_disablePolicy              
20012231  Power_getDependencyCount         
20012259  strlen                           
2001226d  HwiP_Params_init                 
2001227f  I2CMasterIntClearEx              
20012291  RingBuf_construct                
200122a3  TimerIntClear                    
200122b5  main                             
200122c7  wcslen                           
200122d9  Board_init                       
200122e9  ClockP_add                       
200122f9  ClockP_delete                    
20012309  ClockP_getCpuFreq                
20012319  ClockP_getSystemTicks            
20012329  ClockP_setTicks                  
20012339  HwiP_delete                      
20012349  HwiP_restore                     
20012359  I2CFIFOStatus                    
20012369  I2C_Params_init                  
20012379  Power_enablePolicy               
20012389  SemaphoreP_Params_init           
20012399  Timer_Params_init                
200123b9  HwiP_clearInterrupt              
200123c7  HwiP_disable                     
200123d5  HwiP_disableInterrupt            
200123e3  HwiP_enable                      
200123e3  NoRTOS_start                     
200123f1  HwiP_enableInterrupt             
2001240d  RingBuf_isFull                   
2001241b  __TI_decompress_none             
20012435  Power_getConstraintMask          
20012441  copysign                         
20012441  copysignl                        
20012465  ClockP_Params_init               
2001246f  ClockP_isActive                  
20012479  IntMasterDisable                 
20012483  Timer_start                      
2001248d  UART_write                       
200124a1  __aeabi_errno_addr               
200124a9  malloc                           
200124c1  I2CSupport_powerRelConstraint    
200124c7  I2CSupport_powerSetConstraint    
200124cd  TimerCC32XX_control              
200124d3  UtilsDelay                       
200124d9  ClockP_setTimeout                
200124dd  HwiP_post                        
200124e1  SemaphoreP_delete                
200124e5  _system_pre_init                 
200124e9  C$$EXIT                          
200124e9  abort                            
200127f8  PowerCC32XX_module               
20012964  parkInfo                         
20012a5c  setPoint                         
20012a60  roomTemperature                  
20012a64  timeCounter                      
20012a68  TimerFlag                        
20012a6c  gpioCallbackFunctions            
20012a78  gpioPinConfigs                   
20012a90  _lock                            
20012a94  _unlock                          
20012aa0  SemaphoreP_defaultParams         
20012aa8  HwiP_key                         
20012aac  HwiP_swiPIntNum                  
20012ab0  ClockP_tickPeriod                
20012ab8  errno                            
20012abc  _ctypes_                         
20012d68  PowerCC32XX_config               
20012dac  UARTCC32XX_fxnTable              
20012dd4  UART_defaultParams               
20012e40  TimerCC32XX_fxnTable             
20012ec8  GPIOCC32XX_config                
20012ef0  i2cCC32XXHWAttrs                 
20012f2c  I2C_defaultParams                
20012f5c  timerCC32XXHWAttrs               
20012f78  Timer_config                     
20012f84  UART_config                      
20012f9c  CONFIG_GPIO_BUTTON_0_CONST       
20012f9d  CONFIG_GPIO_BUTTON_1_CONST       
20012f9e  CONFIG_GPIO_LED_0_CONST          
20012f9f  CONFIG_I2C_0_CONST               
20012fa0  I2C_count                        
20012fa1  CONFIG_TIMER_0_CONST             
20012fa2  Timer_count                      
20012fa3  CONFIG_UART_0_CONST              
20012fa4  UART_count                       
20012fa8  I2C_config                       
20012fb0  outPinTypes                      
20012fc6  inPinTypes                       
20012fcc  outPinStrengths                  
20012fd8  PowerCC32XX_contextSave          
20013104  i2cCC32XXObjects                 
20013200  uartCC32XXObjects0               
20013284  timerCC32XXObjects               
20013310  ClockP_ctrl                      
20013338  i2c                              
2001333c  uart                             
20013340  __TI_static_base__               
2001340c  __TI_Handler_Table_Base          
20013418  __TI_Handler_Table_Limit         
20013420  __TI_CINIT_Base                  
20013430  __TI_CINIT_Limit                 
ffffffff  __TI_pprof_out_hndl              
ffffffff  __TI_prof_data_size              
ffffffff  __TI_prof_data_start             
ffffffff  __binit__                        
ffffffff  __c_args__                       
ffffffff  binit                            
UNDEFED   ITM_flush                        
UNDEFED   ITM_restore                      
UNDEFED   __mpu_init                       
UNDEFED   _system_post_cinit               

[303 symbols]
